150.95.9.18 site02.com - [29/Mar/2021:12:04:16 +0200] "GET / HTTP/1.1" 200 5639 "-" "LWP::Simple/5.64"
202.181.97.55 site02.com - [29/Mar/2021:12:04:21 +0200] "GET / HTTP/1.1" 200 5639 "-" "LWP::Simple/5.64"
52.38.203.67 site02.com - [29/Mar/2021:12:04:22 +0200] "GET / HTTP/1.1" 200 5639 "-" "MagpieRSS/0.72 \\(+http://magpierss.sf.net\\)"
157.7.188.161 site02.com - [29/Mar/2021:12:04:22 +0200] "GET / HTTP/1.1" 200 5639 "-" "MagpieRSS/0.72 \\(+http://magpierss.sf.net\\)"
157.7.105.133 site02.com - [29/Mar/2021:12:04:27 +0200] "GET / HTTP/1.1" 200 5639 "-" "LWP::Simple/5.64"
202.181.99.82 site02.com - [29/Mar/2021:12:04:29 +0200] "GET / HTTP/1.1" 200 5639 "-" "LWP::Simple/5.64"
2a03:b0c0:3:e0::193:2001 site02.com - [29/Mar/2021:12:04:31 +0200] "GET / HTTP/1.1" 200 5639 "-" "MagpieRSS/0.72 \\(+http://magpierss.sf.net\\)"
182.93.125.101 site02.com - [29/Mar/2021:12:04:32 +0200] "GET / HTTP/1.1" 200 5639 "-" "MagpieRSS/0.72 \\(+http://magpierss.sf.net\\)"
219.94.128.73 site02.com - [29/Mar/2021:12:04:34 +0200] "GET / HTTP/1.1" 200 5639 "-" "LWP::Simple/5.64"
59.106.19.195 site02.com - [29/Mar/2021:12:04:35 +0200] "GET / HTTP/1.1" 200 5639 "-" "LWP::Simple/5.64"
219.94.162.239 site02.com - [29/Mar/2021:12:04:35 +0200] "GET / HTTP/1.1" 200 5639 "-" "LWP::Simple/5.64"
157.7.106.9 site02.com - [29/Mar/2021:12:04:35 +0200] "GET / HTTP/1.1" 200 5639 "-" "LWP::Simple/5.64"
122.28.38.215 site02.com - [29/Mar/2021:12:04:36 +0200] "GET / HTTP/1.1" 200 5639 "-" "MagpieRSS/0.72 \\(+http://magpierss.sf.net\\)"
2607:5300:61:768:: site02.com - [29/Mar/2021:12:04:38 +0200] "GET / HTTP/1.1" 200 5639 "-" "MagpieRSS/0.72 \\(+http://magpierss.sf.net\\)"
157.7.106.102 site02.com - [29/Mar/2021:12:04:39 +0200] "GET / HTTP/1.1" 200 5639 "-" "LWP::Simple/5.64"
106.38.241.119 site06.com - [29/Mar/2021:12:04:40 +0200] "GET / HTTP/1.1" 200 3047 "-" "Sogou web spider/4.0(+http://www.sogou.com/docs/help/webmasters.htm#07)"
219.94.162.18 site02.com - [29/Mar/2021:12:04:40 +0200] "GET / HTTP/1.1" 200 5639 "-" "LWP::Simple/5.64"
202.191.112.38 site02.com - [29/Mar/2021:12:04:44 +0200] "GET / HTTP/1.1" 200 5639 "-" "LWP::Simple/5.64"
91.196.124.230 site02.com - [29/Mar/2021:12:04:46 +0200] "GET / HTTP/1.1" 200 5639 "-" "-"
59.106.19.143 site02.com - [29/Mar/2021:12:04:46 +0200] "GET / HTTP/1.1" 200 5639 "-" "LWP::Simple/5.64"
91.196.124.230 site02.com - [29/Mar/2021:12:04:49 +0200] "GET / HTTP/1.1" 200 5639 "-" "-"
59.106.171.52 site02.com - [29/Mar/2021:12:04:50 +0200] "GET / HTTP/1.1" 200 5639 "-" "LWP::Simple/5.64"
203.145.249.2 site02.com - [29/Mar/2021:12:04:51 +0200] "GET / HTTP/1.1" 200 1958 "-" "MagpieRSS/0.72 (+http://magpierss.sf.net)"
157.7.106.16 site02.com - [29/Mar/2021:12:04:53 +0200] "GET / HTTP/1.1" 200 5639 "-" "LWP::Simple/5.64"
219.94.192.92 site02.com - [29/Mar/2021:12:04:56 +0200] "GET / HTTP/1.1" 200 5639 "-" "LWP::Simple/5.64"
183.181.99.12 site02.com - [29/Mar/2021:12:04:57 +0200] "GET / HTTP/1.1" 200 5639 "-" "MagpieRSS/0.72 \\(+http://magpierss.sf.net\\)"
157.7.188.248 site02.com - [29/Mar/2021:12:05:01 +0200] "GET / HTTP/1.1" 200 5639 "-" "LWP::Simple/5.64"
157.7.106.170 site02.com - [29/Mar/2021:12:05:02 +0200] "GET / HTTP/1.1" 200 5639 "-" "MagpieRSS/0.72 \\(+http://magpierss.sf.net\\)"
5.196.102.147 site02.com - [29/Mar/2021:12:05:08 +0200] "GET / HTTP/1.1" 200 1958 "http://www.vicsport.org.au/analytics/outbound?url=https://site02.com/" "Mozilla/5.0 (Windows NT 10.0; Win64; x64; rv:38.0) Gecko/20100101 Firefox/38.0"
82.165.80.130 site02.com - [29/Mar/2021:12:05:08 +0200] "GET / HTTP/1.1" 200 5639 "-" "-"
150.95.8.207 site02.com - [29/Mar/2021:12:05:09 +0200] "GET / HTTP/1.1" 200 5639 "-" "LWP::Simple/5.64"
157.7.106.4 site02.com - [29/Mar/2021:12:05:10 +0200] "GET / HTTP/1.1" 200 5639 "-" "LWP::Simple/5.64"
150.60.10.1 site02.com - [29/Mar/2021:12:05:12 +0200] "GET / HTTP/1.1" 200 5639 "-" "LWP::Simple/5.64"
202.172.28.118 site02.com - [29/Mar/2021:12:05:13 +0200] "GET / HTTP/1.1" 200 5639 "-" "LWP::Simple/5.64"
5.196.102.147 site02.com - [29/Mar/2021:12:05:19 +0200] "GET / HTTP/1.1" 200 1958 "http://xn--d1abdw2b.net/bitrix/rk.php?id=326&site_id=s1&event1=banner&event2=click&event3=156+%2F+%5B326%5D+%5BNAVIGATOR_LEFT_2%5D+%D0%93%D1%80%D0%B0%D0%BD%D0%B8%D1%82&goto=https://site02.com/" "Mozilla/5.0 (Windows NT 10.0; WOW64) AppleWebKit/537.36 (KHTML, like Gecko) Chrome/65.0.3325.181 Safari/537.36 OPR/52.0.2871.99"
157.7.105.244 site02.com - [29/Mar/2021:12:05:21 +0200] "GET / HTTP/1.1" 200 5639 "-" "LWP::Simple/5.64"
219.94.129.163 site02.com - [29/Mar/2021:12:05:21 +0200] "GET / HTTP/1.1" 200 5639 "-" "LWP::Simple/5.64"
211.10.17.2 site02.com - [29/Mar/2021:12:05:24 +0200] "GET / HTTP/1.1" 200 5639 "-" "LWP::Simple/5.64"
192.185.4.39 site02.com - [29/Mar/2021:12:05:38 +0200] "GET / HTTP/1.1" 200 1958 "-" "MagpieRSS/0.72 (+http://magpierss.sf.net)"
59.106.19.179 site02.com - [29/Mar/2021:12:05:43 +0200] "GET / HTTP/1.1" 200 5639 "-" "LWP::Simple/5.64"
2001:67c:2070:c88e::1 site02.com - [29/Mar/2021:12:05:44 +0200] "GET / HTTP/1.1" 200 5639 "-" "PHP (www.dingo.com.ua), hosted by www.ukraine.com.ua"
2001:67c:2070:c88e::1 site02.com - [29/Mar/2021:12:05:46 +0200] "GET / HTTP/1.1" 200 5639 "-" "PHP (www.dingo.com.ua), hosted by www.ukraine.com.ua"
2001:67c:2070:c88e::1 site02.com - [29/Mar/2021:12:05:47 +0200] "GET / HTTP/1.1" 200 5639 "-" "PHP (www.dingo.com.ua), hosted by www.ukraine.com.ua"
3.87.4.99 site02.com - [29/Mar/2021:12:05:56 +0200] "GET / HTTP/1.1" 200 1958 "-" "PocketParser/2.0 (+https://getpocket.com/pocketparser_ua)"
2401:2500:102:3035:153:126:199:248 site02.com - [29/Mar/2021:12:06:01 +0200] "GET / HTTP/1.1" 200 1958 "http://www.yahoo.co.jp/" "Mozilla/5.0 (Macintosh; Intel Mac OS X 10.16; rv:85.0) Gecko/20100101 Firefox/85.0"
133.18.34.65 site02.com - [29/Mar/2021:12:06:01 +0200] "GET / HTTP/1.1" 200 5639 "-" "LWP::Simple/5.64"
35.197.95.6 site02.com - [29/Mar/2021:12:06:03 +0200] "GET / HTTP/1.1" 200 1958 "https://jguitar.com/tabmap?url=https://site02.com/" "JGuitar.com Tab Mapper - http://jguitar.com/tabmap"
202.181.99.73 site02.com - [29/Mar/2021:12:06:08 +0200] "GET / HTTP/1.1" 200 5639 "-" "LWP::Simple/5.64"
5.8.64.47 site02.com - [29/Mar/2021:12:06:24 +0200] "GET / HTTP/1.1" 200 5639 "-" "-"
85.13.130.114 site02.com - [29/Mar/2021:12:06:30 +0200] "GET / HTTP/1.1" 200 5639 "-" "-"
195.154.113.33 site02.com - [29/Mar/2021:12:06:34 +0200] "GET / HTTP/1.1" 200 1958 "-" "MagpieRSS/0.72 (+http://magpierss.sf.net)"
3.218.170.39 site02.com - [29/Mar/2021:12:06:35 +0200] "GET / HTTP/1.1" 200 1958 "-" "hxl-proxy/tagger"
195.201.34.52 site02.com - [29/Mar/2021:12:06:54 +0200] "GET / HTTP/1.1" 200 5639 "-" "Mozilla/4.0 (compatible; MSIE 6.0; Windows NT 5.1; SV1; .NET CLR 1.0.3705; .NET CLR 1.1.4322)"
5.196.102.147 site02.com - [29/Mar/2021:12:06:56 +0200] "GET / HTTP/1.1" 200 1958 "https://vicsport.com.au/analytics/outbound?url=https://site02.com/" "Mozilla/5.0 (Windows NT 6.1; WOW64; rv:59.0) Gecko/20100101 Firefox/59.0,gzip(gfe)"
160.16.127.62 site02.com - [29/Mar/2021:12:07:00 +0200] "GET / HTTP/1.1" 200 5639 "-" "MagpieRSS/0.72 \\(+http://magpierss.sf.net\\)"
5.196.102.147 site02.com - [29/Mar/2021:12:07:09 +0200] "GET / HTTP/1.1" 200 1958 "https://www.cossa.ru/bitrix/redirect.php?event1=click&event2=&event3=&goto=https://site02.com/" "Mozilla/5.0 (Windows; U; Windows NT 5.1; zh-CN) AppleWebKit/530.19.2 (KHTML, like Gecko) Version/4.0.2 Safari/530.19.1"
183.181.79.124 site02.com - [29/Mar/2021:12:07:13 +0200] "GET / HTTP/1.1" 200 1958 "-" "MagpieRSS/0.72 (+http://magpierss.sf.net)"
183.90.241.121 site02.com - [29/Mar/2021:12:07:33 +0200] "GET / HTTP/1.1" 200 1958 "-" "MagpieRSS/0.72 (+http://magpierss.sf.net)"
128.210.7.85 site02.com - [29/Mar/2021:12:07:38 +0200] "GET / HTTP/1.1" 200 5639 "-" "-"
164.46.97.238 site02.com - [29/Mar/2021:12:07:43 +0200] "GET / HTTP/1.1" 200 5639 "-" "MagpieRSS/0.72 \\(+http://magpierss.sf.net\\)"
35.194.103.147 site02.com - [29/Mar/2021:12:07:56 +0200] "GET / HTTP/1.1" 200 5639 "-" "-"
75.101.141.105 site02.com - [29/Mar/2021:12:08:22 +0200] "HEAD / HTTP/1.1" 200 - "-" "Mozilla/4.0 (compatible; Virtuoso)"
148.72.203.161 site02.com - [29/Mar/2021:12:12:50 +0200] "GET / HTTP/1.1" 200 5639 "-" "Mozilla/5.0 (Macintosh; Intel Mac OS X 10_13_3) AppleWebKit/537.36 (KHTML, like Gecko) Chrome/67.0.3396.79 Safari/537.36"
47.52.151.237 site02.com - [29/Mar/2021:12:12:52 +0200] "GET / HTTP/1.1" 200 5639 "-" "Mozilla\\/5.0 (iPhone; CPU iPhone OS 8_0 like Mac OS X) AppleWebKit\\/600.1.3 (KHTML, like Gecko) Version\\/8.0 Mobile\\/12A4345d Safari\\/600.1.4"
2a03:6f00:1::5c35:60c8 site02.com - [29/Mar/2021:12:13:01 +0200] "GET / HTTP/1.1" 200 5639 "https://site02.com/" "Mozilla/5.0 (Windows NT 10.0; WOW64; rv:56.0) Gecko/20100101 Firefox/56.0"
2a02:4780:1:1::1:902d site02.com - [29/Mar/2021:12:13:36 +0200] "GET / HTTP/1.1" 200 1958 "-" "Salt 1.0"
2600:3c03::f03c:91ff:fef1:eef9 site02.com - [29/Mar/2021:12:13:50 +0200] "GET / HTTP/1.1" 200 1958 "-" "Ruby, Mozilla/5.0 (Windows; U; Windows NT 5.1; en-GB; rv:1.8.1.6) Gecko/20070725 Firefox/2.0.0.6"
208.113.210.212 site02.com - [29/Mar/2021:12:13:50 +0200] "GET / HTTP/1.1" 200 5639 "www.neutrality.wtf" "MozillaXYZ/1.0"
5.196.102.147 site02.com - [29/Mar/2021:12:13:52 +0200] "GET / HTTP/1.1" 200 1958 "http://evt.mdlnk.se/Issues/c6776b3c-ca3b-4869-bd0d-91fe09d5bac4/Click?ContactId=00000000-0000-0000-0000-000000000000&url=https%3A%2F%2Fsite02.com%2F" "Mozilla/5.0 (X11; Ubuntu; Linux i686; rv:56.0) Gecko/20100101 Firefox/56.0"
157.7.106.12 site02.com - [29/Mar/2021:12:13:55 +0200] "GET / HTTP/1.1" 200 5639 "-" "LWP::Simple/5.64"
157.7.106.91 site02.com - [29/Mar/2021:12:13:59 +0200] "GET / HTTP/1.1" 200 5639 "-" "LWP::Simple/5.64"
59.106.13.114 site02.com - [29/Mar/2021:12:14:01 +0200] "GET / HTTP/1.1" 200 5639 "-" "LWP::Simple/5.64"
173.201.196.105 site02.com - [29/Mar/2021:12:14:14 +0200] "GET / HTTP/1.1" 200 5639 "-" "MagpieRSS/0.72 \\(+http://magpierss.sf.net\\)"
157.7.106.113 site02.com - [29/Mar/2021:12:14:22 +0200] "GET / HTTP/1.1" 200 5639 "-" "LWP::Simple/5.64"
2001:e42:102:1814:160:16:225:231 site02.com - [29/Mar/2021:12:14:29 +0200] "GET / HTTP/1.1" 200 5639 "-" "MagpieRSS/0.72 \\(+http://magpierss.sf.net\\)"
157.7.106.90 site02.com - [29/Mar/2021:12:14:31 +0200] "GET / HTTP/1.1" 200 5639 "-" "LWP::Simple/5.64"
5.196.102.147 site02.com - [29/Mar/2021:12:14:33 +0200] "GET / HTTP/1.1" 200 1958 "http://foundation.hawthornfc.com.au/analytics/outbound?url=https://site02.com/" "Mozilla/5.0 (Macintosh; Intel Mac OS X 10_13_5) AppleWebKit/537.36 (KHTML, like Gecko) Chrome/66.0.3359.170 Safari/537.36 OPR/53.0.2907.68"
157.7.105.243 site02.com - [29/Mar/2021:12:14:38 +0200] "GET / HTTP/1.1" 200 5639 "-" "LWP::Simple/5.64"
219.94.129.80 site02.com - [29/Mar/2021:12:14:39 +0200] "GET / HTTP/1.1" 200 5639 "-" "LWP::Simple/5.64"
27.254.152.7 site02.com - [29/Mar/2021:12:14:39 +0200] "GET / HTTP/1.1" 200 1958 "-" "MagpieRSS/0.72 (+http://magpierss.sf.net)"
157.7.106.165 site02.com - [29/Mar/2021:12:14:46 +0200] "GET / HTTP/1.1" 200 5639 "-" "LWP::Simple/5.64"
219.94.128.60 site02.com - [29/Mar/2021:12:14:49 +0200] "GET / HTTP/1.1" 200 5639 "-" "LWP::Simple/5.64"
157.7.104.92 site02.com - [29/Mar/2021:12:14:50 +0200] "GET / HTTP/1.1" 200 5639 "-" "LWP::Simple/5.64"
157.7.105.239 site02.com - [29/Mar/2021:12:14:50 +0200] "GET / HTTP/1.1" 200 5639 "-" "LWP::Simple/5.64"
66.45.225.10 site02.com - [29/Mar/2021:12:15:12 +0200] "GET / HTTP/1.1" 200 5639 "-" "Mozilla/4.0 (compatible; MSIE 5.01; Windows NT 5.0)"
87.236.20.102 site02.com - [29/Mar/2021:12:15:13 +0200] "GET / HTTP/1.1" 200 5639 "-" "-"
157.7.106.9 site02.com - [29/Mar/2021:12:15:14 +0200] "GET / HTTP/1.1" 200 5639 "-" "LWP::Simple/5.64"
133.18.66.21 site02.com - [29/Mar/2021:12:15:14 +0200] "GET / HTTP/1.1" 200 5639 "-" "LWP::Simple/5.64"
5.196.102.147 site02.com - [29/Mar/2021:12:15:15 +0200] "GET / HTTP/1.1" 200 1958 "http://mezhdu.net/bitrix/rk.php?goto=https://site02.com/" "Mozilla/5.0 (Windows NT 10.0; WOW64) AppleWebKit/537.36 (KHTML, like Gecko) Chrome/61.0.3163.79 Safari/537.36 Maxthon/5.2.3.2000"
202.172.28.44 site02.com - [29/Mar/2021:12:15:18 +0200] "GET / HTTP/1.1" 200 5639 "-" "LWP::Simple/5.64"
157.7.106.104 site02.com - [29/Mar/2021:12:15:19 +0200] "GET / HTTP/1.1" 200 1958 "-" "-"
210.188.201.173 site02.com - [29/Mar/2021:12:15:19 +0200] "GET / HTTP/1.1" 200 5639 "-" "MagpieRSS/0.72 \\(+http://magpierss.sf.net\\)"
157.7.106.172 site02.com - [29/Mar/2021:12:15:22 +0200] "GET / HTTP/1.1" 200 5639 "-" "LWP::Simple/5.64"
202.181.97.44 site02.com - [29/Mar/2021:12:15:25 +0200] "GET / HTTP/1.1" 200 5639 "-" "LWP::Simple/5.64"
2001:19f0:6001:c2d:5400:2ff:fe6a:c6df site02.com - [29/Mar/2021:12:15:26 +0200] "GET / HTTP/1.1" 200 5639 "-" "-"
219.94.162.108 site02.com - [29/Mar/2021:12:15:29 +0200] "GET / HTTP/1.1" 200 5639 "-" "LWP::Simple/6.00 libwww-perl/6.05"
219.94.128.161 site02.com - [29/Mar/2021:12:15:29 +0200] "GET / HTTP/1.1" 200 5639 "-" "LWP::Simple/5.64"
34.66.9.117 site02.com - [29/Mar/2021:12:15:34 +0200] "GET / HTTP/1.1" 200 5639 "-" "MagpieRSS/0.72 \\(+http://magpierss.sf.net\\)"
185.195.25.72 site02.com - [29/Mar/2021:12:15:35 +0200] "GET / HTTP/1.1" 200 5639 "-" "-"
157.7.106.9 site02.com - [29/Mar/2021:12:15:36 +0200] "GET / HTTP/1.1" 200 5639 "-" "LWP::Simple/5.64"
58.80.137.167 site02.com - [29/Mar/2021:12:15:39 +0200] "GET / HTTP/1.1" 200 5639 "-" "LWP::Simple/5.64"
157.7.105.232 site02.com - [29/Mar/2021:12:15:42 +0200] "GET / HTTP/1.1" 200 5639 "-" "LWP::Simple/5.64"
58.80.137.164 site02.com - [29/Mar/2021:12:15:46 +0200] "GET / HTTP/1.1" 200 5639 "-" "LWP::Simple/5.64"
150.95.9.18 site02.com - [29/Mar/2021:12:15:50 +0200] "GET / HTTP/1.1" 200 5639 "-" "LWP::Simple/5.64"
202.181.97.55 site02.com - [29/Mar/2021:12:15:56 +0200] "GET / HTTP/1.1" 200 5639 "-" "LWP::Simple/5.64"
52.38.203.67 site02.com - [29/Mar/2021:12:15:57 +0200] "GET / HTTP/1.1" 200 5639 "-" "MagpieRSS/0.72 \\(+http://magpierss.sf.net\\)"
157.7.188.161 site02.com - [29/Mar/2021:12:15:57 +0200] "GET / HTTP/1.1" 200 5639 "-" "MagpieRSS/0.72 \\(+http://magpierss.sf.net\\)"
157.7.105.133 site02.com - [29/Mar/2021:12:16:03 +0200] "GET / HTTP/1.1" 200 5639 "-" "LWP::Simple/5.64"
202.181.99.82 site02.com - [29/Mar/2021:12:16:04 +0200] "GET / HTTP/1.1" 200 5639 "-" "LWP::Simple/5.64"
2a03:b0c0:3:e0::193:2001 site02.com - [29/Mar/2021:12:16:05 +0200] "GET / HTTP/1.1" 200 5639 "-" "MagpieRSS/0.72 \\(+http://magpierss.sf.net\\)"
182.93.125.101 site02.com - [29/Mar/2021:12:16:08 +0200] "GET / HTTP/1.1" 200 5639 "-" "MagpieRSS/0.72 \\(+http://magpierss.sf.net\\)"
219.94.128.73 site02.com - [29/Mar/2021:12:16:09 +0200] "GET / HTTP/1.1" 200 5639 "-" "LWP::Simple/5.64"
157.7.106.9 site02.com - [29/Mar/2021:12:16:10 +0200] "GET / HTTP/1.1" 200 5639 "-" "LWP::Simple/5.64"
219.94.162.239 site02.com - [29/Mar/2021:12:16:10 +0200] "GET / HTTP/1.1" 200 5639 "-" "LWP::Simple/5.64"
59.106.19.195 site02.com - [29/Mar/2021:12:16:10 +0200] "GET / HTTP/1.1" 200 5639 "-" "LWP::Simple/5.64"
122.28.38.215 site02.com - [29/Mar/2021:12:16:11 +0200] "GET / HTTP/1.1" 200 5639 "-" "MagpieRSS/0.72 \\(+http://magpierss.sf.net\\)"
59.106.19.77 site02.com - [29/Mar/2021:12:16:13 +0200] "GET / HTTP/1.1" 200 5639 "-" "LWP::Simple/5.64"
2607:5300:61:768:: site02.com - [29/Mar/2021:12:16:14 +0200] "GET / HTTP/1.1" 200 5639 "-" "MagpieRSS/0.72 \\(+http://magpierss.sf.net\\)"
157.7.106.102 site02.com - [29/Mar/2021:12:16:15 +0200] "GET / HTTP/1.1" 200 5639 "-" "LWP::Simple/5.64"
219.94.162.18 site02.com - [29/Mar/2021:12:16:16 +0200] "GET / HTTP/1.1" 200 5639 "-" "LWP::Simple/5.64"
91.196.124.230 site02.com - [29/Mar/2021:12:16:17 +0200] "GET / HTTP/1.1" 200 5639 "-" "-"
91.196.124.230 site02.com - [29/Mar/2021:12:16:17 +0200] "GET / HTTP/1.1" 200 5639 "-" "-"
202.191.112.38 site02.com - [29/Mar/2021:12:16:20 +0200] "GET / HTTP/1.1" 200 5639 "-" "LWP::Simple/5.64"
59.106.19.143 site02.com - [29/Mar/2021:12:16:22 +0200] "GET / HTTP/1.1" 200 5639 "-" "LWP::Simple/5.64"
59.106.171.52 site02.com - [29/Mar/2021:12:16:24 +0200] "GET / HTTP/1.1" 200 5639 "-" "LWP::Simple/5.64"
203.145.249.2 site02.com - [29/Mar/2021:12:16:25 +0200] "GET / HTTP/1.1" 200 1958 "-" "MagpieRSS/0.72 (+http://magpierss.sf.net)"
157.7.106.16 site02.com - [29/Mar/2021:12:16:26 +0200] "GET / HTTP/1.1" 200 5639 "-" "LWP::Simple/5.64"
219.94.192.92 site02.com - [29/Mar/2021:12:16:31 +0200] "GET / HTTP/1.1" 200 5639 "-" "LWP::Simple/5.64"
183.181.99.12 site02.com - [29/Mar/2021:12:16:32 +0200] "GET / HTTP/1.1" 200 5639 "-" "MagpieRSS/0.72 \\(+http://magpierss.sf.net\\)"
157.7.188.248 site02.com - [29/Mar/2021:12:16:37 +0200] "GET / HTTP/1.1" 200 5639 "-" "LWP::Simple/5.64"
157.7.106.170 site02.com - [29/Mar/2021:12:16:38 +0200] "GET / HTTP/1.1" 200 5639 "-" "MagpieRSS/0.72 \\(+http://magpierss.sf.net\\)"
5.196.102.147 site02.com - [29/Mar/2021:12:16:44 +0200] "GET / HTTP/1.1" 200 1958 "http://www.vicsport.org.au/analytics/outbound?url=https://site02.com/" "Mozilla/5.0 (Windows NT 10.0; WOW64) AppleWebKit/537.36 (KHTML, like Gecko) Chrome/63.0.3239.26 Safari/537.36 Core/1.63.5221.400 QQBrowser/10.0.1125.400"
82.165.80.130 site02.com - [29/Mar/2021:12:16:44 +0200] "GET / HTTP/1.1" 200 5639 "-" "-"
157.7.106.4 site02.com - [29/Mar/2021:12:16:47 +0200] "GET / HTTP/1.1" 200 5639 "-" "LWP::Simple/5.64"
150.95.8.207 site02.com - [29/Mar/2021:12:16:47 +0200] "GET / HTTP/1.1" 200 5639 "-" "LWP::Simple/5.64"
150.60.10.1 site02.com - [29/Mar/2021:12:16:50 +0200] "GET / HTTP/1.1" 200 5639 "-" "LWP::Simple/5.64"
202.172.28.118 site02.com - [29/Mar/2021:12:16:51 +0200] "GET / HTTP/1.1" 200 5639 "-" "LWP::Simple/5.64"
5.196.102.147 site02.com - [29/Mar/2021:12:16:59 +0200] "GET / HTTP/1.1" 200 1958 "http://xn--d1abdw2b.net/bitrix/rk.php?id=326&site_id=s1&event1=banner&event2=click&event3=156+%2F+%5B326%5D+%5BNAVIGATOR_LEFT_2%5D+%D0%93%D1%80%D0%B0%D0%BD%D0%B8%D1%82&goto=https://site02.com/" "Mozilla/5.0 (Macintosh; Intel Mac OS X 10_13_3) AppleWebKit/537.36 (KHTML, like Gecko) Chrome/66.0.3359.139 Safari/537.36"
157.7.105.244 site02.com - [29/Mar/2021:12:17:02 +0200] "GET / HTTP/1.1" 200 5639 "-" "LWP::Simple/5.64"
219.94.129.163 site02.com - [29/Mar/2021:12:17:08 +0200] "GET / HTTP/1.1" 200 5639 "-" "LWP::Simple/5.64"
211.10.17.2 site02.com - [29/Mar/2021:12:17:08 +0200] "GET / HTTP/1.1" 200 5639 "-" "LWP::Simple/5.64"
192.185.4.39 site02.com - [29/Mar/2021:12:17:19 +0200] "GET / HTTP/1.1" 200 1958 "-" "MagpieRSS/0.72 (+http://magpierss.sf.net)"
2001:67c:2070:c88e::1 site02.com - [29/Mar/2021:12:17:24 +0200] "GET / HTTP/1.1" 200 5639 "-" "PHP (www.dingo.com.ua), hosted by www.ukraine.com.ua"
2001:67c:2070:c88e::1 site02.com - [29/Mar/2021:12:17:25 +0200] "GET / HTTP/1.1" 200 5639 "-" "PHP (www.dingo.com.ua), hosted by www.ukraine.com.ua"
59.106.19.179 site02.com - [29/Mar/2021:12:17:25 +0200] "GET / HTTP/1.1" 200 5639 "-" "LWP::Simple/5.64"
2001:67c:2070:c88e::1 site02.com - [29/Mar/2021:12:17:26 +0200] "GET / HTTP/1.1" 200 5639 "-" "PHP (www.dingo.com.ua), hosted by www.ukraine.com.ua"
54.84.26.214 site02.com - [29/Mar/2021:12:17:37 +0200] "GET / HTTP/1.1" 200 1958 "-" "PocketParser/2.0 (+https://getpocket.com/pocketparser_ua)"
2401:2500:102:3035:153:126:199:248 site02.com - [29/Mar/2021:12:17:39 +0200] "GET / HTTP/1.1" 200 1958 "http://www.yahoo.co.jp/" "Mozilla/5.0 (Macintosh; Intel Mac OS X 10.16; rv:85.0) Gecko/20100101 Firefox/85.0"
133.18.34.65 site02.com - [29/Mar/2021:12:17:41 +0200] "GET / HTTP/1.1" 200 5639 "-" "LWP::Simple/5.64"
35.197.95.6 site02.com - [29/Mar/2021:12:17:43 +0200] "GET / HTTP/1.1" 200 1958 "https://jguitar.com/tabmap?url=https://site02.com/" "JGuitar.com Tab Mapper - http://jguitar.com/tabmap"
202.181.99.73 site02.com - [29/Mar/2021:12:17:47 +0200] "GET / HTTP/1.1" 200 5639 "-" "LWP::Simple/5.64"
5.8.64.47 site02.com - [29/Mar/2021:12:18:00 +0200] "GET / HTTP/1.1" 200 5639 "-" "-"
85.13.130.114 site02.com - [29/Mar/2021:12:18:06 +0200] "GET / HTTP/1.1" 200 5639 "-" "-"
195.154.113.33 site02.com - [29/Mar/2021:12:18:10 +0200] "GET / HTTP/1.1" 200 1958 "-" "MagpieRSS/0.72 (+http://magpierss.sf.net)"
35.172.94.40 site02.com - [29/Mar/2021:12:18:11 +0200] "GET / HTTP/1.1" 200 1958 "-" "hxl-proxy/tagger"
195.201.34.52 site02.com - [29/Mar/2021:12:18:25 +0200] "GET / HTTP/1.1" 200 5639 "-" "Mozilla/4.0 (compatible; MSIE 6.0; Windows NT 5.1; SV1; .NET CLR 1.0.3705; .NET CLR 1.1.4322)"
5.196.102.147 site02.com - [29/Mar/2021:12:18:27 +0200] "GET / HTTP/1.1" 200 1958 "https://vicsport.com.au/analytics/outbound?url=https://site02.com/" "Mozilla/5.0 (Windows NT 6.1; WOW64) AppleWebKit/537.36 (KHTML, like Gecko) Chrome/47.0.2526.80 Safari/537.36 Core/1.47.516.400 QQBrowser/9.4.8186.400"
160.16.127.62 site02.com - [29/Mar/2021:12:18:31 +0200] "GET / HTTP/1.1" 200 5639 "-" "MagpieRSS/0.72 \\(+http://magpierss.sf.net\\)"
5.196.102.147 site02.com - [29/Mar/2021:12:18:40 +0200] "GET / HTTP/1.1" 200 1958 "https://www.cossa.ru/bitrix/redirect.php?event1=click&event2=&event3=&goto=https://site02.com/" "Mozilla/5.0 (Windows NT 6.3; WOW64) AppleWebKit/537.36 (KHTML, like Gecko) Chrome/56.0.2924.90 Safari/537.36 2345Explorer/9.3.2.17331"
183.181.79.124 site02.com - [29/Mar/2021:12:18:45 +0200] "GET / HTTP/1.1" 200 1958 "-" "MagpieRSS/0.72 (+http://magpierss.sf.net)"
31.11.32.58 site02.com - [29/Mar/2021:12:19:04 +0200] "GET / HTTP/1.1" 200 5639 "-" "Mozilla/4.0 (compatible; Win32; WinHttp.WinHttpRequest.5)"
183.90.241.121 site02.com - [29/Mar/2021:12:19:04 +0200] "GET / HTTP/1.1" 200 1958 "-" "MagpieRSS/0.72 (+http://magpierss.sf.net)"
128.210.7.110 site02.com - [29/Mar/2021:12:19:09 +0200] "GET / HTTP/1.1" 200 5639 "-" "-"
164.46.97.238 site02.com - [29/Mar/2021:12:19:14 +0200] "GET / HTTP/1.1" 200 5639 "-" "MagpieRSS/0.72 \\(+http://magpierss.sf.net\\)"
35.194.103.147 site02.com - [29/Mar/2021:12:19:27 +0200] "GET / HTTP/1.1" 200 5639 "-" "-"
75.101.141.105 site02.com - [29/Mar/2021:12:19:52 +0200] "HEAD / HTTP/1.1" 200 - "-" "Mozilla/4.0 (compatible; Virtuoso)"
148.72.203.161 site02.com - [29/Mar/2021:12:24:21 +0200] "GET / HTTP/1.1" 200 5639 "-" "Mozilla/5.0 (Windows NT 10.0) AppleWebKit/537.36 (KHTML, like Gecko) Chrome/66.0.3359.139 Safari/537.36"
47.52.151.237 site02.com - [29/Mar/2021:12:24:26 +0200] "GET / HTTP/1.1" 200 5639 "-" "Mozilla\\/5.0 (iPhone; CPU iPhone OS 8_0 like Mac OS X) AppleWebKit\\/600.1.3 (KHTML, like Gecko) Version\\/8.0 Mobile\\/12A4345d Safari\\/600.1.4"
2a03:6f00:1::5c35:60c8 site02.com - [29/Mar/2021:12:24:30 +0200] "GET / HTTP/1.1" 200 5639 "https://site02.com/" "Mozilla/5.0 (Windows NT 10.0; WOW64; rv:56.0) Gecko/20100101 Firefox/56.0"
2a02:4780:1:1::1:902d site02.com - [29/Mar/2021:12:25:01 +0200] "GET / HTTP/1.1" 200 1958 "-" "Salt 1.0"
208.113.210.212 site02.com - [29/Mar/2021:12:25:15 +0200] "GET / HTTP/1.1" 200 5639 "www.neutrality.wtf" "MozillaXYZ/1.0"
2600:3c03::f03c:91ff:fef1:eef9 site02.com - [29/Mar/2021:12:25:15 +0200] "GET / HTTP/1.1" 200 1958 "-" "Ruby, Mozilla/5.0 (Windows; U; Windows NT 5.1; en-GB; rv:1.8.1.6) Gecko/20070725 Firefox/2.0.0.6"
54.147.187.65 site03.com - [29/Mar/2021:12:27:24 +0200] "GET /wp-admin/admin-ajax.php?action=revslider_show_image&img=../wp-config.php HTTP/1.1" 301 317 "-" "Mozlila/5.0 (Linux; Android 7.0; SM-G892A Bulid/NRD90M; wv) AppleWebKit/537.36 (KHTML, like Gecko) Version/4.0 Chrome/60.0.3112.107 Moblie Safari/537.36"
54.147.187.65 site03.com - [29/Mar/2021:12:27:28 +0200] "GET /wp-admin/admin-ajax.php?action=revslider_show_image&img=../wp-config.php HTTP/1.1" 404 196 "-" "Mozlila/5.0 (Linux; Android 7.0; SM-G892A Bulid/NRD90M; wv) AppleWebKit/537.36 (KHTML, like Gecko) Version/4.0 Chrome/60.0.3112.107 Moblie Safari/537.36"
54.147.187.65 site03.com - [29/Mar/2021:12:27:33 +0200] "GET /.env HTTP/1.1" 301 245 "-" "Mozlila/5.0 (Linux; Android 7.0; SM-G892A Bulid/NRD90M; wv) AppleWebKit/537.36 (KHTML, like Gecko) Version/4.0 Chrome/60.0.3112.107 Moblie Safari/537.36"
54.147.187.65 site03.com - [29/Mar/2021:12:27:36 +0200] "GET /.env HTTP/1.1" 404 196 "-" "Mozlila/5.0 (Linux; Android 7.0; SM-G892A Bulid/NRD90M; wv) AppleWebKit/537.36 (KHTML, like Gecko) Version/4.0 Chrome/60.0.3112.107 Moblie Safari/537.36"
54.147.187.65 site03.com - [29/Mar/2021:12:27:40 +0200] "GET /api/.env HTTP/1.1" 301 249 "-" "Mozlila/5.0 (Linux; Android 7.0; SM-G892A Bulid/NRD90M; wv) AppleWebKit/537.36 (KHTML, like Gecko) Version/4.0 Chrome/60.0.3112.107 Moblie Safari/537.36"
54.147.187.65 site03.com - [29/Mar/2021:12:27:44 +0200] "GET /api/.env HTTP/1.1" 404 196 "-" "Mozlila/5.0 (Linux; Android 7.0; SM-G892A Bulid/NRD90M; wv) AppleWebKit/537.36 (KHTML, like Gecko) Version/4.0 Chrome/60.0.3112.107 Moblie Safari/537.36"
54.147.187.65 site03.com - [29/Mar/2021:12:27:49 +0200] "GET /laravel/.env HTTP/1.1" 301 253 "-" "Mozlila/5.0 (Linux; Android 7.0; SM-G892A Bulid/NRD90M; wv) AppleWebKit/537.36 (KHTML, like Gecko) Version/4.0 Chrome/60.0.3112.107 Moblie Safari/537.36"
54.147.187.65 site03.com - [29/Mar/2021:12:27:52 +0200] "GET /laravel/.env HTTP/1.1" 404 196 "-" "Mozlila/5.0 (Linux; Android 7.0; SM-G892A Bulid/NRD90M; wv) AppleWebKit/537.36 (KHTML, like Gecko) Version/4.0 Chrome/60.0.3112.107 Moblie Safari/537.36"
54.147.187.65 site03.com - [29/Mar/2021:12:27:57 +0200] "GET /test/.env HTTP/1.1" 301 250 "-" "Mozlila/5.0 (Linux; Android 7.0; SM-G892A Bulid/NRD90M; wv) AppleWebKit/537.36 (KHTML, like Gecko) Version/4.0 Chrome/60.0.3112.107 Moblie Safari/537.36"
54.147.187.65 site03.com - [29/Mar/2021:12:28:01 +0200] "GET /test/.env HTTP/1.1" 404 196 "-" "Mozlila/5.0 (Linux; Android 7.0; SM-G892A Bulid/NRD90M; wv) AppleWebKit/537.36 (KHTML, like Gecko) Version/4.0 Chrome/60.0.3112.107 Moblie Safari/537.36"
54.147.187.65 site03.com - [29/Mar/2021:12:28:06 +0200] "GET /admin/.env HTTP/1.1" 301 251 "-" "Mozlila/5.0 (Linux; Android 7.0; SM-G892A Bulid/NRD90M; wv) AppleWebKit/537.36 (KHTML, like Gecko) Version/4.0 Chrome/60.0.3112.107 Moblie Safari/537.36"
54.147.187.65 site03.com - [29/Mar/2021:12:28:09 +0200] "GET /admin/.env HTTP/1.1" 404 196 "-" "Mozlila/5.0 (Linux; Android 7.0; SM-G892A Bulid/NRD90M; wv) AppleWebKit/537.36 (KHTML, like Gecko) Version/4.0 Chrome/60.0.3112.107 Moblie Safari/537.36"
54.147.187.65 site03.com - [29/Mar/2021:12:28:14 +0200] "GET /vendor/.env HTTP/1.1" 301 252 "-" "Mozlila/5.0 (Linux; Android 7.0; SM-G892A Bulid/NRD90M; wv) AppleWebKit/537.36 (KHTML, like Gecko) Version/4.0 Chrome/60.0.3112.107 Moblie Safari/537.36"
54.147.187.65 site03.com - [29/Mar/2021:12:28:18 +0200] "GET /vendor/.env HTTP/1.1" 404 196 "-" "Mozlila/5.0 (Linux; Android 7.0; SM-G892A Bulid/NRD90M; wv) AppleWebKit/537.36 (KHTML, like Gecko) Version/4.0 Chrome/60.0.3112.107 Moblie Safari/537.36"
54.147.187.65 site03.com - [29/Mar/2021:12:28:23 +0200] "GET /sites/.env HTTP/1.1" 301 251 "-" "Mozlila/5.0 (Linux; Android 7.0; SM-G892A Bulid/NRD90M; wv) AppleWebKit/537.36 (KHTML, like Gecko) Version/4.0 Chrome/60.0.3112.107 Moblie Safari/537.36"
54.147.187.65 site03.com - [29/Mar/2021:12:28:26 +0200] "GET /sites/.env HTTP/1.1" 404 196 "-" "Mozlila/5.0 (Linux; Android 7.0; SM-G892A Bulid/NRD90M; wv) AppleWebKit/537.36 (KHTML, like Gecko) Version/4.0 Chrome/60.0.3112.107 Moblie Safari/537.36"
54.147.187.65 site03.com - [29/Mar/2021:12:28:31 +0200] "GET /blog/.env HTTP/1.1" 301 250 "-" "Mozlila/5.0 (Linux; Android 7.0; SM-G892A Bulid/NRD90M; wv) AppleWebKit/537.36 (KHTML, like Gecko) Version/4.0 Chrome/60.0.3112.107 Moblie Safari/537.36"
54.147.187.65 site03.com - [29/Mar/2021:12:28:34 +0200] "GET /blog/.env HTTP/1.1" 404 196 "-" "Mozlila/5.0 (Linux; Android 7.0; SM-G892A Bulid/NRD90M; wv) AppleWebKit/537.36 (KHTML, like Gecko) Version/4.0 Chrome/60.0.3112.107 Moblie Safari/537.36"
54.147.187.65 site03.com - [29/Mar/2021:12:28:38 +0200] "GET /system/.env HTTP/1.1" 301 252 "-" "Mozlila/5.0 (Linux; Android 7.0; SM-G892A Bulid/NRD90M; wv) AppleWebKit/537.36 (KHTML, like Gecko) Version/4.0 Chrome/60.0.3112.107 Moblie Safari/537.36"
54.147.187.65 site03.com - [29/Mar/2021:12:28:43 +0200] "GET /system/.env HTTP/1.1" 404 196 "-" "Mozlila/5.0 (Linux; Android 7.0; SM-G892A Bulid/NRD90M; wv) AppleWebKit/537.36 (KHTML, like Gecko) Version/4.0 Chrome/60.0.3112.107 Moblie Safari/537.36"
54.147.187.65 site03.com - [29/Mar/2021:12:28:48 +0200] "GET /public/.env HTTP/1.1" 301 252 "-" "Mozlila/5.0 (Linux; Android 7.0; SM-G892A Bulid/NRD90M; wv) AppleWebKit/537.36 (KHTML, like Gecko) Version/4.0 Chrome/60.0.3112.107 Moblie Safari/537.36"
54.147.187.65 site03.com - [29/Mar/2021:12:28:51 +0200] "GET /public/.env HTTP/1.1" 404 196 "-" "Mozlila/5.0 (Linux; Android 7.0; SM-G892A Bulid/NRD90M; wv) AppleWebKit/537.36 (KHTML, like Gecko) Version/4.0 Chrome/60.0.3112.107 Moblie Safari/537.36"
54.147.187.65 site03.com - [29/Mar/2021:12:28:55 +0200] "GET /shop/.env HTTP/1.1" 301 250 "-" "Mozlila/5.0 (Linux; Android 7.0; SM-G892A Bulid/NRD90M; wv) AppleWebKit/537.36 (KHTML, like Gecko) Version/4.0 Chrome/60.0.3112.107 Moblie Safari/537.36"
5.255.231.204 site02.com - [29/Mar/2021:12:28:57 +0200] "GET /robots.txt HTTP/1.1" 200 23 "-" "Mozilla/5.0 (compatible; YandexBot/3.0; +http://yandex.com/bots)"
54.147.187.65 site03.com - [29/Mar/2021:12:28:59 +0200] "GET /shop/.env HTTP/1.1" 404 196 "-" "Mozlila/5.0 (Linux; Android 7.0; SM-G892A Bulid/NRD90M; wv) AppleWebKit/537.36 (KHTML, like Gecko) Version/4.0 Chrome/60.0.3112.107 Moblie Safari/537.36"
5.255.253.179 site02.com - [29/Mar/2021:12:29:01 +0200] "GET / HTTP/1.1" 200 4733 "-" "Mozilla/5.0 (compatible; YandexBot/3.0; +http://yandex.com/bots)"
5.196.102.147 site02.com - [29/Mar/2021:12:37:01 +0200] "GET / HTTP/1.1" 200 1958 "http://dev.tttm.co.il/link.php?prd=7&lk=https%3A%2F%2Fsite02.com%2F" "Mozilla/5.0 (Macintosh; Intel Mac OS X 10_13_3) AppleWebKit/537.36 (KHTML, like Gecko) Chrome/67.0.3396.62 Safari/537.36"
157.7.106.12 site02.com - [29/Mar/2021:12:37:03 +0200] "GET / HTTP/1.1" 200 5639 "-" "LWP::Simple/5.64"
157.7.106.91 site02.com - [29/Mar/2021:12:37:08 +0200] "GET / HTTP/1.1" 200 5639 "-" "LWP::Simple/5.64"
59.106.13.114 site02.com - [29/Mar/2021:12:37:11 +0200] "GET / HTTP/1.1" 200 5639 "-" "LWP::Simple/5.64"
173.201.196.105 site02.com - [29/Mar/2021:12:37:21 +0200] "GET / HTTP/1.1" 200 5639 "-" "MagpieRSS/0.72 \\(+http://magpierss.sf.net\\)"
157.7.106.113 site02.com - [29/Mar/2021:12:37:30 +0200] "GET / HTTP/1.1" 200 5639 "-" "LWP::Simple/5.64"
2001:e42:102:1814:160:16:225:231 site02.com - [29/Mar/2021:12:37:36 +0200] "GET / HTTP/1.1" 200 5639 "-" "MagpieRSS/0.72 \\(+http://magpierss.sf.net\\)"
157.7.106.90 site02.com - [29/Mar/2021:12:37:39 +0200] "GET / HTTP/1.1" 200 5639 "-" "LWP::Simple/5.64"
5.196.102.147 site02.com - [29/Mar/2021:12:37:41 +0200] "GET / HTTP/1.1" 200 1958 "http://foundation.hawthornfc.com.au/analytics/outbound?url=https://site02.com/" "Mozilla/5.0 (Windows NT 10.0; Win64; x64) AppleWebKit/537.36 (KHTML, like Gecko) Chrome/65.0.3325.181 Safari/537.36 OPR/52.0.2871.64"
157.7.105.243 site02.com - [29/Mar/2021:12:37:46 +0200] "GET / HTTP/1.1" 200 5639 "-" "LWP::Simple/5.64"
219.94.129.80 site02.com - [29/Mar/2021:12:37:47 +0200] "GET / HTTP/1.1" 200 5639 "-" "LWP::Simple/5.64"
27.254.152.7 site02.com - [29/Mar/2021:12:37:48 +0200] "GET / HTTP/1.1" 200 1958 "-" "MagpieRSS/0.72 (+http://magpierss.sf.net)"
157.7.106.165 site02.com - [29/Mar/2021:12:37:54 +0200] "GET / HTTP/1.1" 200 5639 "-" "LWP::Simple/5.64"
219.94.128.60 site02.com - [29/Mar/2021:12:37:57 +0200] "GET / HTTP/1.1" 200 5639 "-" "LWP::Simple/5.64"
157.7.105.239 site02.com - [29/Mar/2021:12:37:58 +0200] "GET / HTTP/1.1" 200 5639 "-" "LWP::Simple/5.64"
157.7.104.92 site02.com - [29/Mar/2021:12:37:58 +0200] "GET / HTTP/1.1" 200 5639 "-" "LWP::Simple/5.64"
66.45.225.10 site02.com - [29/Mar/2021:12:38:20 +0200] "GET / HTTP/1.1" 200 5639 "-" "Mozilla/4.0 (compatible; MSIE 5.01; Windows NT 5.0)"
87.236.20.102 site02.com - [29/Mar/2021:12:38:20 +0200] "GET / HTTP/1.1" 200 5639 "-" "-"
5.196.102.147 site02.com - [29/Mar/2021:12:38:22 +0200] "GET / HTTP/1.1" 200 1958 "http://mezhdu.net/bitrix/rk.php?goto=https://site02.com/" "Mozilla/5.0 (Windows NT 6.2; WOW64) AppleWebKit/537.36 (KHTML, like Gecko) Chrome/58.0.3029.110 Safari/537.36 SE 2.X MetaSr 1.0"
157.7.106.9 site02.com - [29/Mar/2021:12:38:22 +0200] "GET / HTTP/1.1" 200 5639 "-" "LWP::Simple/5.64"
133.18.66.21 site02.com - [29/Mar/2021:12:38:22 +0200] "GET / HTTP/1.1" 200 5639 "-" "LWP::Simple/5.64"
202.172.28.44 site02.com - [29/Mar/2021:12:38:25 +0200] "GET / HTTP/1.1" 200 5639 "-" "LWP::Simple/5.64"
157.7.106.104 site02.com - [29/Mar/2021:12:38:27 +0200] "GET / HTTP/1.1" 200 1958 "-" "-"
210.188.201.173 site02.com - [29/Mar/2021:12:38:27 +0200] "GET / HTTP/1.1" 200 5639 "-" "MagpieRSS/0.72 \\(+http://magpierss.sf.net\\)"
157.7.106.172 site02.com - [29/Mar/2021:12:38:30 +0200] "GET / HTTP/1.1" 200 5639 "-" "LWP::Simple/5.64"
202.181.97.44 site02.com - [29/Mar/2021:12:38:33 +0200] "GET / HTTP/1.1" 200 5639 "-" "LWP::Simple/5.64"
2001:19f0:6001:c2d:5400:2ff:fe6a:c6df site02.com - [29/Mar/2021:12:38:34 +0200] "GET / HTTP/1.1" 200 5639 "-" "-"
219.94.128.161 site02.com - [29/Mar/2021:12:38:37 +0200] "GET / HTTP/1.1" 200 5639 "-" "LWP::Simple/5.64"
34.66.9.117 site02.com - [29/Mar/2021:12:38:41 +0200] "GET / HTTP/1.1" 200 5639 "-" "MagpieRSS/0.72 \\(+http://magpierss.sf.net\\)"
185.195.25.72 site02.com - [29/Mar/2021:12:38:42 +0200] "GET / HTTP/1.1" 200 5639 "-" "-"
157.7.106.9 site02.com - [29/Mar/2021:12:38:44 +0200] "GET / HTTP/1.1" 200 5639 "-" "LWP::Simple/5.64"
58.80.137.167 site02.com - [29/Mar/2021:12:38:48 +0200] "GET / HTTP/1.1" 200 5639 "-" "LWP::Simple/5.64"
157.7.105.232 site02.com - [29/Mar/2021:12:38:51 +0200] "GET / HTTP/1.1" 200 5639 "-" "LWP::Simple/5.64"
58.80.137.164 site02.com - [29/Mar/2021:12:38:54 +0200] "GET / HTTP/1.1" 200 5639 "-" "LWP::Simple/5.64"
150.95.9.18 site02.com - [29/Mar/2021:12:38:59 +0200] "GET / HTTP/1.1" 200 5639 "-" "LWP::Simple/5.64"
157.7.188.161 site02.com - [29/Mar/2021:12:39:05 +0200] "GET / HTTP/1.1" 200 5639 "-" "MagpieRSS/0.72 \\(+http://magpierss.sf.net\\)"
202.181.97.55 site02.com - [29/Mar/2021:12:39:05 +0200] "GET / HTTP/1.1" 200 5639 "-" "LWP::Simple/5.64"
52.38.203.67 site02.com - [29/Mar/2021:12:39:06 +0200] "GET / HTTP/1.1" 200 5639 "-" "MagpieRSS/0.72 \\(+http://magpierss.sf.net\\)"
157.7.105.133 site02.com - [29/Mar/2021:12:39:12 +0200] "GET / HTTP/1.1" 200 5639 "-" "LWP::Simple/5.64"
202.181.99.82 site02.com - [29/Mar/2021:12:39:13 +0200] "GET / HTTP/1.1" 200 5639 "-" "LWP::Simple/5.64"
2a03:b0c0:3:e0::193:2001 site02.com - [29/Mar/2021:12:39:14 +0200] "GET / HTTP/1.1" 200 5639 "-" "MagpieRSS/0.72 \\(+http://magpierss.sf.net\\)"
182.93.125.101 site02.com - [29/Mar/2021:12:39:17 +0200] "GET / HTTP/1.1" 200 5639 "-" "MagpieRSS/0.72 \\(+http://magpierss.sf.net\\)"
219.94.128.73 site02.com - [29/Mar/2021:12:39:18 +0200] "GET / HTTP/1.1" 200 5639 "-" "LWP::Simple/5.64"
59.106.19.195 site02.com - [29/Mar/2021:12:39:19 +0200] "GET / HTTP/1.1" 200 5639 "-" "LWP::Simple/5.64"
157.7.106.9 site02.com - [29/Mar/2021:12:39:20 +0200] "GET / HTTP/1.1" 200 5639 "-" "LWP::Simple/5.64"
122.28.38.215 site02.com - [29/Mar/2021:12:39:21 +0200] "GET / HTTP/1.1" 200 5639 "-" "MagpieRSS/0.72 \\(+http://magpierss.sf.net\\)"
59.106.19.77 site02.com - [29/Mar/2021:12:39:22 +0200] "GET / HTTP/1.1" 200 5639 "-" "LWP::Simple/5.64"
2607:5300:61:768:: site02.com - [29/Mar/2021:12:39:23 +0200] "GET / HTTP/1.1" 200 5639 "-" "MagpieRSS/0.72 \\(+http://magpierss.sf.net\\)"
157.7.106.102 site02.com - [29/Mar/2021:12:39:24 +0200] "GET / HTTP/1.1" 200 5639 "-" "LWP::Simple/5.64"
91.196.124.230 site02.com - [29/Mar/2021:12:39:26 +0200] "GET / HTTP/1.1" 200 5639 "-" "-"
219.94.162.18 site02.com - [29/Mar/2021:12:39:26 +0200] "GET / HTTP/1.1" 200 5639 "-" "LWP::Simple/5.64"
91.196.124.230 site02.com - [29/Mar/2021:12:39:27 +0200] "GET / HTTP/1.1" 200 5639 "-" "-"
202.191.112.38 site02.com - [29/Mar/2021:12:39:29 +0200] "GET / HTTP/1.1" 200 5639 "-" "LWP::Simple/5.64"
59.106.19.143 site02.com - [29/Mar/2021:12:39:32 +0200] "GET / HTTP/1.1" 200 5639 "-" "LWP::Simple/5.64"
59.106.171.52 site02.com - [29/Mar/2021:12:39:34 +0200] "GET / HTTP/1.1" 200 5639 "-" "LWP::Simple/5.64"
157.7.106.16 site02.com - [29/Mar/2021:12:39:36 +0200] "GET / HTTP/1.1" 200 5639 "-" "LWP::Simple/5.64"
203.145.249.2 site02.com - [29/Mar/2021:12:39:36 +0200] "GET / HTTP/1.1" 200 1958 "-" "MagpieRSS/0.72 (+http://magpierss.sf.net)"
219.94.192.92 site02.com - [29/Mar/2021:12:39:39 +0200] "GET / HTTP/1.1" 200 5639 "-" "LWP::Simple/5.64"
183.181.99.12 site02.com - [29/Mar/2021:12:39:40 +0200] "GET / HTTP/1.1" 200 5639 "-" "MagpieRSS/0.72 \\(+http://magpierss.sf.net\\)"
157.7.188.248 site02.com - [29/Mar/2021:12:39:43 +0200] "GET / HTTP/1.1" 200 5639 "-" "LWP::Simple/5.64"
157.7.106.170 site02.com - [29/Mar/2021:12:39:44 +0200] "GET / HTTP/1.1" 200 5639 "-" "MagpieRSS/0.72 \\(+http://magpierss.sf.net\\)"
82.165.80.130 site02.com - [29/Mar/2021:12:39:50 +0200] "GET / HTTP/1.1" 200 5639 "-" "-"
5.196.102.147 site02.com - [29/Mar/2021:12:39:51 +0200] "GET / HTTP/1.1" 200 1958 "http://www.vicsport.org.au/analytics/outbound?url=https://site02.com/" "Mozilla/5.0 (X11; U; Linux i586; en-US; rv:1.7.3) Gecko/20040924Epiphany/1.4.4 (Ubuntu)"
157.7.106.4 site02.com - [29/Mar/2021:12:39:53 +0200] "GET / HTTP/1.1" 200 5639 "-" "LWP::Simple/5.64"
150.60.10.1 site02.com - [29/Mar/2021:12:39:55 +0200] "GET / HTTP/1.1" 200 5639 "-" "LWP::Simple/5.64"
202.172.28.118 site02.com - [29/Mar/2021:12:39:55 +0200] "GET / HTTP/1.1" 200 5639 "-" "LWP::Simple/5.64"
150.95.8.207 site02.com - [29/Mar/2021:12:39:56 +0200] "GET / HTTP/1.1" 200 5639 "-" "LWP::Simple/5.64"
5.196.102.147 site02.com - [29/Mar/2021:12:40:04 +0200] "GET / HTTP/1.1" 200 1958 "http://xn--d1abdw2b.net/bitrix/rk.php?id=326&site_id=s1&event1=banner&event2=click&event3=156+%2F+%5B326%5D+%5BNAVIGATOR_LEFT_2%5D+%D0%93%D1%80%D0%B0%D0%BD%D0%B8%D1%82&goto=https://site02.com/" "Mozilla/5.0 (Windows NT 10.0) AppleWebKit/537.36 (KHTML, like Gecko) Chrome/66.0.3359.139 Safari/537.36"
157.7.105.244 site02.com - [29/Mar/2021:12:40:07 +0200] "GET / HTTP/1.1" 200 5639 "-" "LWP::Simple/5.64"
211.10.17.2 site02.com - [29/Mar/2021:12:40:10 +0200] "GET / HTTP/1.1" 200 5639 "-" "LWP::Simple/5.64"
192.185.4.39 site02.com - [29/Mar/2021:12:40:22 +0200] "GET / HTTP/1.1" 200 1958 "-" "MagpieRSS/0.72 (+http://magpierss.sf.net)"
2001:67c:2070:c88e::1 site02.com - [29/Mar/2021:12:40:26 +0200] "GET / HTTP/1.1" 200 5639 "-" "PHP (www.dingo.com.ua), hosted by www.ukraine.com.ua"
2001:67c:2070:c88e::1 site02.com - [29/Mar/2021:12:40:27 +0200] "GET / HTTP/1.1" 200 5639 "-" "PHP (www.dingo.com.ua), hosted by www.ukraine.com.ua"
2001:67c:2070:c88e::1 site02.com - [29/Mar/2021:12:40:28 +0200] "GET / HTTP/1.1" 200 5639 "-" "PHP (www.dingo.com.ua), hosted by www.ukraine.com.ua"
3.87.4.99 site02.com - [29/Mar/2021:12:40:37 +0200] "GET / HTTP/1.1" 200 1958 "-" "PocketParser/2.0 (+https://getpocket.com/pocketparser_ua)"
2401:2500:102:3035:153:126:199:248 site02.com - [29/Mar/2021:12:40:40 +0200] "GET / HTTP/1.1" 200 1958 "http://www.yahoo.co.jp/" "Mozilla/5.0 (Macintosh; Intel Mac OS X 10.16; rv:85.0) Gecko/20100101 Firefox/85.0"
133.18.34.65 site02.com - [29/Mar/2021:12:40:42 +0200] "GET / HTTP/1.1" 200 5639 "-" "LWP::Simple/5.64"
35.197.95.6 site02.com - [29/Mar/2021:12:40:43 +0200] "GET / HTTP/1.1" 200 1958 "https://jguitar.com/tabmap?url=https://site02.com/" "JGuitar.com Tab Mapper - http://jguitar.com/tabmap"
202.181.99.73 site02.com - [29/Mar/2021:12:40:48 +0200] "GET / HTTP/1.1" 200 5639 "-" "LWP::Simple/5.64"
5.8.64.47 site02.com - [29/Mar/2021:12:41:02 +0200] "GET / HTTP/1.1" 200 5639 "-" "-"
85.13.130.114 site02.com - [29/Mar/2021:12:41:07 +0200] "GET / HTTP/1.1" 200 5639 "-" "-"
195.154.113.33 site02.com - [29/Mar/2021:12:41:11 +0200] "GET / HTTP/1.1" 200 1958 "-" "MagpieRSS/0.72 (+http://magpierss.sf.net)"
34.232.82.54 site02.com - [29/Mar/2021:12:41:12 +0200] "GET / HTTP/1.1" 200 1958 "-" "hxl-proxy/tagger"
195.201.34.52 site02.com - [29/Mar/2021:12:41:30 +0200] "GET / HTTP/1.1" 200 5639 "-" "Mozilla/4.0 (compatible; MSIE 6.0; Windows NT 5.1; SV1; .NET CLR 1.0.3705; .NET CLR 1.1.4322)"
5.196.102.147 site02.com - [29/Mar/2021:12:41:31 +0200] "GET / HTTP/1.1" 200 1958 "https://vicsport.com.au/analytics/outbound?url=https://site02.com/" "Mozilla/5.0 (Macintosh; Intel Mac OS X 10_13_4) AppleWebKit/537.36 (KHTML, like Gecko) Chrome/66.0.3359.117 Safari/537.36"
160.16.127.62 site02.com - [29/Mar/2021:12:41:37 +0200] "GET / HTTP/1.1" 200 5639 "-" "MagpieRSS/0.72 \\(+http://magpierss.sf.net\\)"
5.196.102.147 site02.com - [29/Mar/2021:12:41:48 +0200] "GET / HTTP/1.1" 200 1958 "https://www.cossa.ru/bitrix/redirect.php?event1=click&event2=&event3=&goto=https://site02.com/" "Mozilla/5.0 (Macintosh; Intel Mac OS X 10_10_2) AppleWebKit/537.36 (KHTML, like Gecko) Chrome/53.0.2785.143 Safari/537.36"
183.181.79.124 site02.com - [29/Mar/2021:12:41:56 +0200] "GET / HTTP/1.1" 200 1958 "-" "MagpieRSS/0.72 (+http://magpierss.sf.net)"
183.90.241.121 site02.com - [29/Mar/2021:12:42:18 +0200] "GET / HTTP/1.1" 200 1958 "-" "MagpieRSS/0.72 (+http://magpierss.sf.net)"
128.210.7.86 site02.com - [29/Mar/2021:12:42:22 +0200] "GET / HTTP/1.1" 200 5639 "-" "-"
164.46.97.238 site02.com - [29/Mar/2021:12:42:28 +0200] "GET / HTTP/1.1" 200 5639 "-" "MagpieRSS/0.72 \\(+http://magpierss.sf.net\\)"
35.194.103.147 site02.com - [29/Mar/2021:12:42:42 +0200] "GET / HTTP/1.1" 200 5639 "-" "-"
75.101.141.105 site02.com - [29/Mar/2021:12:43:06 +0200] "HEAD / HTTP/1.1" 200 - "-" "Mozilla/4.0 (compatible; Virtuoso)"
148.72.203.161 site02.com - [29/Mar/2021:12:47:47 +0200] "GET / HTTP/1.1" 200 5639 "-" "Mozilla/5.0 (Windows NT 10.0; Win64; x64) AppleWebKit/537.36 (KHTML, like Gecko) Chrome/66.0.3359.66 Safari/537.36"
47.52.151.237 site02.com - [29/Mar/2021:12:47:53 +0200] "GET / HTTP/1.1" 200 5639 "-" "Mozilla\\/5.0 (iPhone; CPU iPhone OS 8_0 like Mac OS X) AppleWebKit\\/600.1.3 (KHTML, like Gecko) Version\\/8.0 Mobile\\/12A4345d Safari\\/600.1.4"
2a03:6f00:1::5c35:60c8 site02.com - [29/Mar/2021:12:48:01 +0200] "GET / HTTP/1.1" 200 5639 "https://site02.com/" "Mozilla/5.0 (Windows NT 10.0; WOW64; rv:56.0) Gecko/20100101 Firefox/56.0"
2a02:4780:1:1::1:902d site02.com - [29/Mar/2021:12:48:32 +0200] "GET / HTTP/1.1" 200 1958 "-" "Salt 1.0"
2600:3c03::f03c:91ff:fef1:eef9 site02.com - [29/Mar/2021:12:48:46 +0200] "GET / HTTP/1.1" 200 1958 "-" "Ruby, Mozilla/5.0 (Windows; U; Windows NT 5.1; en-GB; rv:1.8.1.6) Gecko/20070725 Firefox/2.0.0.6"
208.113.210.212 site02.com - [29/Mar/2021:12:49:15 +0200] "GET / HTTP/1.1" 200 5639 "www.neutrality.wtf" "MozillaXYZ/1.0"
40.121.85.199 site06.com - [29/Mar/2021:12:55:54 +0200] "GET /wp-content/plugins/t_file_wp/t_file_wp.php?test=hello HTTP/1.1" 404 9880 "www.google.com" "Mozlila/5.0 (Linux; Android 7.0; SM-G892A Bulid/NRD90M; wv) AppleWebKit/537.36 (KHTML, like Gecko) Version/4.0 Chrome/60.0.3112.107 Moblie Safari/537.36"
213.186.33.176 site06.com - [29/Mar/2021:12:55:55 +0200] "POST /wp-cron.php?doing_wp_cron=1617015355.4200060367584228515625 HTTP/1.1" 200 25 "http://site06.com/wp-cron.php?doing_wp_cron=1617015355.4200060367584228515625" "WordPress/5.6.2; https://site06.com"
40.121.85.199 site06.com - [29/Mar/2021:12:56:23 +0200] "GET /wp-content/plugins/t_file_wp/t_file_wp.php?test=hello HTTP/1.1" 404 9887 "www.google.com" "Mozlila/5.0 (Linux; Android 7.0; SM-G892A Bulid/NRD90M; wv) AppleWebKit/537.36 (KHTML, like Gecko) Version/4.0 Chrome/60.0.3112.107 Moblie Safari/537.36"
5.196.102.147 site02.com - [29/Mar/2021:13:00:56 +0200] "GET / HTTP/1.1" 200 1958 "https://gurulook.com/goaway?url=https://site02.com/" "Mozilla/5.0 (Windows NT 10.0; WOW64) AppleWebKit/537.36 (KHTML, like Gecko) Chrome/45.0.2454.101 Safari/537.36 QIHU 360SE"
157.7.106.12 site02.com - [29/Mar/2021:13:00:58 +0200] "GET / HTTP/1.1" 200 5639 "-" "LWP::Simple/5.64"
59.106.13.114 site02.com - [29/Mar/2021:13:01:05 +0200] "GET / HTTP/1.1" 200 5639 "-" "LWP::Simple/5.64"
173.201.196.105 site02.com - [29/Mar/2021:13:01:17 +0200] "GET / HTTP/1.1" 200 5639 "-" "MagpieRSS/0.72 \\(+http://magpierss.sf.net\\)"
157.7.106.113 site02.com - [29/Mar/2021:13:01:23 +0200] "GET / HTTP/1.1" 200 5639 "-" "LWP::Simple/5.64"
157.7.106.90 site02.com - [29/Mar/2021:13:01:31 +0200] "GET / HTTP/1.1" 200 5639 "-" "LWP::Simple/5.64"
5.196.102.147 site02.com - [29/Mar/2021:13:01:32 +0200] "GET / HTTP/1.1" 200 1958 "http://foundation.hawthornfc.com.au/analytics/outbound?url=https://site02.com/" "Mozilla/5.0 (Windows NT 10.0; Win64; x64) AppleWebKit/537.36 (KHTML, like Gecko) Chrome/67.0.3396.87 Safari/537.36,gzip(gfe)"
2001:e42:102:1814:160:16:225:231 site02.com - [29/Mar/2021:13:01:32 +0200] "GET / HTTP/1.1" 200 5639 "-" "MagpieRSS/0.72 \\(+http://magpierss.sf.net\\)"
157.7.105.243 site02.com - [29/Mar/2021:13:01:37 +0200] "GET / HTTP/1.1" 200 5639 "-" "LWP::Simple/5.64"
27.254.152.7 site02.com - [29/Mar/2021:13:01:39 +0200] "GET / HTTP/1.1" 200 1958 "-" "MagpieRSS/0.72 (+http://magpierss.sf.net)"
219.94.129.80 site02.com - [29/Mar/2021:13:01:40 +0200] "GET / HTTP/1.1" 200 5639 "-" "LWP::Simple/5.64"
157.7.106.165 site02.com - [29/Mar/2021:13:01:45 +0200] "GET / HTTP/1.1" 200 5639 "-" "LWP::Simple/5.64"
219.94.128.60 site02.com - [29/Mar/2021:13:01:49 +0200] "GET / HTTP/1.1" 200 5639 "-" "LWP::Simple/5.64"
157.7.105.239 site02.com - [29/Mar/2021:13:01:50 +0200] "GET / HTTP/1.1" 200 5639 "-" "LWP::Simple/5.64"
157.7.104.92 site02.com - [29/Mar/2021:13:01:50 +0200] "GET / HTTP/1.1" 200 5639 "-" "LWP::Simple/5.64"
66.45.225.10 site02.com - [29/Mar/2021:13:02:13 +0200] "GET / HTTP/1.1" 200 5639 "-" "Mozilla/4.0 (compatible; MSIE 5.01; Windows NT 5.0)"
87.236.20.102 site02.com - [29/Mar/2021:13:02:14 +0200] "GET / HTTP/1.1" 200 5639 "-" "-"
157.7.106.9 site02.com - [29/Mar/2021:13:02:15 +0200] "GET / HTTP/1.1" 200 5639 "-" "LWP::Simple/5.64"
133.18.66.21 site02.com - [29/Mar/2021:13:02:15 +0200] "GET / HTTP/1.1" 200 5639 "-" "LWP::Simple/5.64"
5.196.102.147 site02.com - [29/Mar/2021:13:02:16 +0200] "GET / HTTP/1.1" 200 1958 "http://mezhdu.net/bitrix/rk.php?goto=https://site02.com/" "Mozilla/5.0 (Windows NT 10.0; Win64; x64) Gecko/20100101 Firefox/21.0"
219.94.128.180 site02.com - [29/Mar/2021:13:02:20 +0200] "GET / HTTP/1.1" 200 5639 "-" "LWP::Simple/5.64"
157.7.106.104 site02.com - [29/Mar/2021:13:02:20 +0200] "GET / HTTP/1.1" 200 1958 "-" "-"
210.188.201.173 site02.com - [29/Mar/2021:13:02:20 +0200] "GET / HTTP/1.1" 200 5639 "-" "MagpieRSS/0.72 \\(+http://magpierss.sf.net\\)"
202.172.28.44 site02.com - [29/Mar/2021:13:02:21 +0200] "GET / HTTP/1.1" 200 5639 "-" "LWP::Simple/5.64"
157.7.106.172 site02.com - [29/Mar/2021:13:02:24 +0200] "GET / HTTP/1.1" 200 5639 "-" "LWP::Simple/5.64"
202.181.97.44 site02.com - [29/Mar/2021:13:02:28 +0200] "GET / HTTP/1.1" 200 5639 "-" "LWP::Simple/5.64"
219.94.128.161 site02.com - [29/Mar/2021:13:02:31 +0200] "GET / HTTP/1.1" 200 5639 "-" "LWP::Simple/5.64"
34.66.9.117 site02.com - [29/Mar/2021:13:02:35 +0200] "GET / HTTP/1.1" 200 5639 "-" "MagpieRSS/0.72 \\(+http://magpierss.sf.net\\)"
185.195.25.72 site02.com - [29/Mar/2021:13:02:35 +0200] "GET / HTTP/1.1" 200 5639 "-" "-"
157.7.106.9 site02.com - [29/Mar/2021:13:02:37 +0200] "GET / HTTP/1.1" 200 5639 "-" "LWP::Simple/5.64"
58.80.137.167 site02.com - [29/Mar/2021:13:02:42 +0200] "GET / HTTP/1.1" 200 5639 "-" "LWP::Simple/5.64"
157.7.105.232 site02.com - [29/Mar/2021:13:02:46 +0200] "GET / HTTP/1.1" 200 5639 "-" "LWP::Simple/5.64"
58.80.137.164 site02.com - [29/Mar/2021:13:02:52 +0200] "GET / HTTP/1.1" 200 5639 "-" "LWP::Simple/5.64"
150.95.9.18 site02.com - [29/Mar/2021:13:02:56 +0200] "GET / HTTP/1.1" 200 5639 "-" "LWP::Simple/5.64"
157.7.188.161 site02.com - [29/Mar/2021:13:03:02 +0200] "GET / HTTP/1.1" 200 5639 "-" "MagpieRSS/0.72 \\(+http://magpierss.sf.net\\)"
202.181.97.55 site02.com - [29/Mar/2021:13:03:02 +0200] "GET / HTTP/1.1" 200 5639 "-" "LWP::Simple/5.64"
52.38.203.67 site02.com - [29/Mar/2021:13:03:03 +0200] "GET / HTTP/1.1" 200 5639 "-" "MagpieRSS/0.72 \\(+http://magpierss.sf.net\\)"
157.7.105.133 site02.com - [29/Mar/2021:13:03:09 +0200] "GET / HTTP/1.1" 200 5639 "-" "LWP::Simple/5.64"
202.181.99.82 site02.com - [29/Mar/2021:13:03:11 +0200] "GET / HTTP/1.1" 200 5639 "-" "LWP::Simple/5.64"
2a03:b0c0:3:e0::193:2001 site02.com - [29/Mar/2021:13:03:12 +0200] "GET / HTTP/1.1" 200 5639 "-" "MagpieRSS/0.72 \\(+http://magpierss.sf.net\\)"
182.93.125.101 site02.com - [29/Mar/2021:13:03:14 +0200] "GET / HTTP/1.1" 200 5639 "-" "MagpieRSS/0.72 \\(+http://magpierss.sf.net\\)"
219.94.128.73 site02.com - [29/Mar/2021:13:03:16 +0200] "GET / HTTP/1.1" 200 5639 "-" "LWP::Simple/5.64"
157.7.106.9 site02.com - [29/Mar/2021:13:03:18 +0200] "GET / HTTP/1.1" 200 5639 "-" "LWP::Simple/5.64"
59.106.19.195 site02.com - [29/Mar/2021:13:03:18 +0200] "GET / HTTP/1.1" 200 5639 "-" "LWP::Simple/5.64"
122.28.38.215 site02.com - [29/Mar/2021:13:03:18 +0200] "GET / HTTP/1.1" 200 5639 "-" "MagpieRSS/0.72 \\(+http://magpierss.sf.net\\)"
59.106.19.77 site02.com - [29/Mar/2021:13:03:20 +0200] "GET / HTTP/1.1" 200 5639 "-" "LWP::Simple/5.64"
2607:5300:61:768:: site02.com - [29/Mar/2021:13:03:21 +0200] "GET / HTTP/1.1" 200 5639 "-" "MagpieRSS/0.72 \\(+http://magpierss.sf.net\\)"
157.7.106.102 site02.com - [29/Mar/2021:13:03:22 +0200] "GET / HTTP/1.1" 200 5639 "-" "LWP::Simple/5.64"
91.196.124.230 site02.com - [29/Mar/2021:13:03:23 +0200] "GET / HTTP/1.1" 200 5639 "-" "-"
91.196.124.230 site02.com - [29/Mar/2021:13:03:24 +0200] "GET / HTTP/1.1" 200 5639 "-" "-"
202.191.112.38 site02.com - [29/Mar/2021:13:03:26 +0200] "GET / HTTP/1.1" 200 5639 "-" "LWP::Simple/5.64"
59.106.19.143 site02.com - [29/Mar/2021:13:03:28 +0200] "GET / HTTP/1.1" 200 5639 "-" "LWP::Simple/5.64"
59.106.171.52 site02.com - [29/Mar/2021:13:03:30 +0200] "GET / HTTP/1.1" 200 5639 "-" "LWP::Simple/5.64"
203.145.249.2 site02.com - [29/Mar/2021:13:03:32 +0200] "GET / HTTP/1.1" 200 1958 "-" "MagpieRSS/0.72 (+http://magpierss.sf.net)"
157.7.106.16 site02.com - [29/Mar/2021:13:03:34 +0200] "GET / HTTP/1.1" 200 5639 "-" "LWP::Simple/5.64"
183.181.99.12 site02.com - [29/Mar/2021:13:03:41 +0200] "GET / HTTP/1.1" 200 5639 "-" "MagpieRSS/0.72 \\(+http://magpierss.sf.net\\)"
