157.7.105.243 site02.com - [29/Mar/2021:15:35:53 +0200] "GET /?AVGAFFILIATE=137404&__c=1 HTTP/1.1" 200 5639 "-" "LWP::Simple/5.64"
219.94.129.80 site02.com - [29/Mar/2021:15:35:53 +0200] "GET /?AVGAFFILIATE=137404&__c=1 HTTP/1.1" 200 5639 "-" "LWP::Simple/5.64"
27.254.152.7 site02.com - [29/Mar/2021:15:35:57 +0200] "GET /?AVGAFFILIATE=137404&__c=1 HTTP/1.1" 200 1958 "-" "MagpieRSS/0.72 (+http://magpierss.sf.net)"
12.171.94.54 site02.com - [29/Mar/2021:15:36:00 +0200] "GET /?AVGAFFILIATE=137404&__c=1 HTTP/1.1" 200 5639 "-" "Mozilla/4.0 (compatible; MSIE 6.0; Windows NT 5.0; UrlCheck)"
76.80.187.66 site02.com - [29/Mar/2021:15:36:00 +0200] "GET /?AVGAFFILIATE=137404&__c=1 HTTP/1.1" 200 5639 "-" "Mozilla/4.0 (compatible; MSIE 6.0; Windows NT 5.0; UrlCheck)"
157.7.106.165 site02.com - [29/Mar/2021:15:36:05 +0200] "GET /?AVGAFFILIATE=137404&__c=1 HTTP/1.1" 200 5639 "-" "LWP::Simple/5.64"
219.94.128.60 site02.com - [29/Mar/2021:15:36:07 +0200] "GET /?AVGAFFILIATE=137404&__c=1 HTTP/1.1" 200 5639 "-" "LWP::Simple/5.64"
157.7.105.239 site02.com - [29/Mar/2021:15:36:08 +0200] "GET /?AVGAFFILIATE=137404&__c=1 HTTP/1.1" 200 5639 "-" "LWP::Simple/5.64"
157.7.104.92 site02.com - [29/Mar/2021:15:36:10 +0200] "GET /?AVGAFFILIATE=137404&__c=1 HTTP/1.1" 200 5639 "-" "LWP::Simple/5.64"
87.236.20.102 site02.com - [29/Mar/2021:15:36:31 +0200] "GET /?AVGAFFILIATE=137404&__c=1 HTTP/1.1" 200 5639 "-" "-"
133.18.66.21 site02.com - [29/Mar/2021:15:36:33 +0200] "GET /?AVGAFFILIATE=137404&__c=1 HTTP/1.1" 200 5639 "-" "LWP::Simple/5.64"
157.7.106.9 site02.com - [29/Mar/2021:15:36:36 +0200] "GET /?AVGAFFILIATE=137404&__c=1 HTTP/1.1" 200 5639 "-" "LWP::Simple/5.64"
202.172.28.44 site02.com - [29/Mar/2021:15:36:41 +0200] "GET /?AVGAFFILIATE=137404&__c=1 HTTP/1.1" 200 5639 "-" "LWP::Simple/5.64"
219.94.128.180 site02.com - [29/Mar/2021:15:36:42 +0200] "GET /?AVGAFFILIATE=137404&__c=1 HTTP/1.1" 200 5639 "-" "LWP::Simple/5.64"
210.188.201.173 site02.com - [29/Mar/2021:15:36:44 +0200] "GET /?AVGAFFILIATE=137404&__c=1 HTTP/1.1" 200 5639 "-" "MagpieRSS/0.72 \\(+http://magpierss.sf.net\\)"
157.7.106.172 site02.com - [29/Mar/2021:15:36:49 +0200] "GET /?AVGAFFILIATE=137404&__c=1 HTTP/1.1" 200 5639 "-" "LWP::Simple/5.64"
202.181.97.44 site02.com - [29/Mar/2021:15:36:53 +0200] "GET /?AVGAFFILIATE=137404&__c=1 HTTP/1.1" 200 5639 "-" "LWP::Simple/5.64"
219.94.128.161 site02.com - [29/Mar/2021:15:37:01 +0200] "GET /?AVGAFFILIATE=137404&__c=1 HTTP/1.1" 200 5639 "-" "LWP::Simple/5.64"
185.195.25.72 site02.com - [29/Mar/2021:15:37:09 +0200] "GET /?AVGAFFILIATE=137404&__c=1 HTTP/1.1" 200 5639 "-" "-"
157.7.106.9 site02.com - [29/Mar/2021:15:37:14 +0200] "GET /?AVGAFFILIATE=137404&__c=1 HTTP/1.1" 200 5639 "-" "LWP::Simple/5.64"
58.80.137.167 site02.com - [29/Mar/2021:15:37:17 +0200] "GET /?AVGAFFILIATE=137404&__c=1 HTTP/1.1" 200 5639 "-" "LWP::Simple/5.64"
157.7.105.232 site02.com - [29/Mar/2021:15:37:24 +0200] "GET /?AVGAFFILIATE=137404&__c=1 HTTP/1.1" 200 5639 "-" "LWP::Simple/5.64"
58.80.137.164 site02.com - [29/Mar/2021:15:37:27 +0200] "GET /?AVGAFFILIATE=137404&__c=1 HTTP/1.1" 200 5639 "-" "LWP::Simple/5.64"
150.95.9.18 site02.com - [29/Mar/2021:15:37:34 +0200] "GET /?AVGAFFILIATE=137404&__c=1 HTTP/1.1" 200 5639 "-" "LWP::Simple/5.64"
52.38.203.67 site02.com - [29/Mar/2021:15:37:41 +0200] "GET /?AVGAFFILIATE=137404&__c=1 HTTP/1.1" 200 5639 "-" "MagpieRSS/0.72 \\(+http://magpierss.sf.net\\)"
202.181.97.55 site02.com - [29/Mar/2021:15:37:41 +0200] "GET /?AVGAFFILIATE=137404&__c=1 HTTP/1.1" 200 5639 "-" "LWP::Simple/5.64"
157.7.188.161 site02.com - [29/Mar/2021:15:37:44 +0200] "GET /?AVGAFFILIATE=137404&__c=1 HTTP/1.1" 200 5639 "-" "MagpieRSS/0.72 \\(+http://magpierss.sf.net\\)"
157.7.105.133 site02.com - [29/Mar/2021:15:37:49 +0200] "GET /?AVGAFFILIATE=137404&__c=1 HTTP/1.1" 200 5639 "-" "LWP::Simple/5.64"
202.181.99.82 site02.com - [29/Mar/2021:15:37:51 +0200] "GET /?AVGAFFILIATE=137404&__c=1 HTTP/1.1" 200 5639 "-" "LWP::Simple/5.64"
59.106.19.195 site02.com - [29/Mar/2021:15:37:58 +0200] "GET /?AVGAFFILIATE=137404&__c=1 HTTP/1.1" 200 5639 "-" "LWP::Simple/5.64"
157.7.106.9 site02.com - [29/Mar/2021:15:37:59 +0200] "GET /?AVGAFFILIATE=137404&__c=1 HTTP/1.1" 200 5639 "-" "LWP::Simple/5.64"
219.94.128.73 site02.com - [29/Mar/2021:15:37:59 +0200] "GET /?AVGAFFILIATE=137404&__c=1 HTTP/1.1" 200 5639 "-" "LWP::Simple/5.64"
219.94.162.239 site02.com - [29/Mar/2021:15:38:00 +0200] "GET /?AVGAFFILIATE=137404&__c=1 HTTP/1.1" 200 5639 "-" "LWP::Simple/5.64"
122.28.38.215 site02.com - [29/Mar/2021:15:38:01 +0200] "GET /?AVGAFFILIATE=137404&__c=1 HTTP/1.1" 200 5639 "-" "MagpieRSS/0.72 \\(+http://magpierss.sf.net\\)"
59.106.19.77 site02.com - [29/Mar/2021:15:38:04 +0200] "GET /?AVGAFFILIATE=137404&__c=1 HTTP/1.1" 200 5639 "-" "LWP::Simple/5.64"
2607:5300:61:768:: site02.com - [29/Mar/2021:15:38:05 +0200] "GET /?AVGAFFILIATE=137404&__c=1 HTTP/1.1" 200 5639 "-" "MagpieRSS/0.72 \\(+http://magpierss.sf.net\\)"
157.7.106.102 site02.com - [29/Mar/2021:15:38:07 +0200] "GET /?AVGAFFILIATE=137404&__c=1 HTTP/1.1" 200 5639 "-" "LWP::Simple/5.64"
91.196.124.230 site02.com - [29/Mar/2021:15:38:08 +0200] "GET /?AVGAFFILIATE=137404&__c=1 HTTP/1.1" 200 5639 "-" "-"
91.196.124.230 site02.com - [29/Mar/2021:15:38:09 +0200] "GET /?AVGAFFILIATE=137404&__c=1 HTTP/1.1" 200 5639 "-" "-"
219.94.162.18 site02.com - [29/Mar/2021:15:38:10 +0200] "GET /?AVGAFFILIATE=137404&__c=1 HTTP/1.1" 200 5639 "-" "LWP::Simple/5.64"
59.106.19.143 site02.com - [29/Mar/2021:15:38:17 +0200] "GET /?AVGAFFILIATE=137404&__c=1 HTTP/1.1" 200 5639 "-" "LWP::Simple/5.64"
59.106.171.52 site02.com - [29/Mar/2021:15:38:20 +0200] "GET /?AVGAFFILIATE=137404&__c=1 HTTP/1.1" 200 5639 "-" "LWP::Simple/5.64"
203.145.249.2 site02.com - [29/Mar/2021:15:38:20 +0200] "GET /?AVGAFFILIATE=137404&__c=1 HTTP/1.1" 200 1958 "-" "MagpieRSS/0.72 (+http://magpierss.sf.net)"
157.7.106.16 site02.com - [29/Mar/2021:15:38:22 +0200] "GET /?AVGAFFILIATE=137404&__c=1 HTTP/1.1" 200 5639 "-" "LWP::Simple/5.64"
183.181.99.12 site02.com - [29/Mar/2021:15:38:26 +0200] "GET /?AVGAFFILIATE=137404&__c=1 HTTP/1.1" 200 5639 "-" "MagpieRSS/0.72 \\(+http://magpierss.sf.net\\)"
91.134.248.253 site06.com - [29/Mar/2021:15:38:27 +0200] "POST /wp-cron.php?doing_wp_cron=1617025107.9176189899444580078125 HTTP/1.1" 200 25 "https://site06.com/wp-cron.php?doing_wp_cron=1617025107.9176189899444580078125" "WordPress/5.6.2; https://site06.com"
5.255.253.133 site06.com - [29/Mar/2021:15:38:27 +0200] "GET /robots.txt HTTP/1.1" 200 118 "-" "Mozilla/5.0 (compatible; YandexBot/3.0; +http://yandex.com/bots)"
91.134.248.253 site06.com - [29/Mar/2021:15:38:31 +0200] "POST /wp-cron.php?doing_wp_cron=1617025111.4290080070495605468750 HTTP/1.1" 200 25 "https://site06.com/wp-cron.php?doing_wp_cron=1617025111.4290080070495605468750" "WordPress/5.6.2; https://site06.com"
5.255.253.133 site06.com - [29/Mar/2021:15:38:31 +0200] "GET /wp-content/uploads/2019/09/cropped-LogoEolemGooglePlus-180x180.png HTTP/1.1" 404 9878 "-" "Mozilla/5.0 (compatible; YandexFavicons/1.0; +http://yandex.com/bots)"
157.7.188.248 site02.com - [29/Mar/2021:15:38:32 +0200] "GET /?AVGAFFILIATE=137404&__c=1 HTTP/1.1" 200 5639 "-" "LWP::Simple/5.64"
157.7.106.170 site02.com - [29/Mar/2021:15:38:33 +0200] "GET /?AVGAFFILIATE=137404&__c=1 HTTP/1.1" 200 5639 "-" "MagpieRSS/0.72 \\(+http://magpierss.sf.net\\)"
5.196.102.147 site02.com - [29/Mar/2021:15:38:38 +0200] "GET /?AVGAFFILIATE=137404&__c=1 HTTP/1.1" 200 1958 "https://secure.avangate.com/c.php?a=w&s=dfelb54glifflgldv9pe1ats8opjn81r&u=https%3A%2F%2Fsite02.com%2F%3FAVGAFFILIATE%3D137404%26__c%3D1&h=0b0359654d5c73d92288961f40acbc61" "Mozilla/5.0 (Windows NT 6.2; rv:38.0) Gecko/20100101 Firefox/38.0"
82.165.80.130 site02.com - [29/Mar/2021:15:38:40 +0200] "GET /?AVGAFFILIATE=137404&__c=1 HTTP/1.1" 200 5639 "-" "-"
157.7.106.4 site02.com - [29/Mar/2021:15:38:42 +0200] "GET /?AVGAFFILIATE=137404&__c=1 HTTP/1.1" 200 5639 "-" "LWP::Simple/5.64"
202.172.28.118 site02.com - [29/Mar/2021:15:38:45 +0200] "GET /?AVGAFFILIATE=137404&__c=1 HTTP/1.1" 200 5639 "-" "LWP::Simple/5.64"
157.7.105.244 site02.com - [29/Mar/2021:15:39:03 +0200] "GET /?AVGAFFILIATE=137404&__c=1 HTTP/1.1" 200 5639 "-" "LWP::Simple/5.64"
192.185.4.39 site02.com - [29/Mar/2021:15:39:20 +0200] "GET /?AVGAFFILIATE=137404&__c=1 HTTP/1.1" 200 1958 "-" "MagpieRSS/0.72 (+http://magpierss.sf.net)"
23.100.97.72 site02.com - [29/Mar/2021:15:39:25 +0200] "GET /?AVGAFFILIATE=137404&__c=1 HTTP/1.1" 200 5639 "-" "Mozilla/5.0 (Macintosh; Intel Mac OS X 10_10_5) AppleWebKit/537.36 (KHTML, like Gecko) Chrome/52.0.2743.116 Safari/537.36"
23.100.97.72 site02.com - [29/Mar/2021:15:39:25 +0200] "GET /favicon.ico HTTP/1.1" 200 15406 "-" "Mozilla/5.0 (Macintosh; Intel Mac OS X 10_10_5) AppleWebKit/537.36 (KHTML, like Gecko) Chrome/52.0.2743.116 Safari/537.36"
2001:67c:2070:c88e::1 site02.com - [29/Mar/2021:15:39:29 +0200] "GET /?AVGAFFILIATE=137404&__c=1 HTTP/1.1" 200 5639 "-" "PHP (www.dingo.com.ua), hosted by www.ukraine.com.ua"
2001:67c:2070:c88e::1 site02.com - [29/Mar/2021:15:39:31 +0200] "GET /?AVGAFFILIATE=137404&__c=1 HTTP/1.1" 200 5639 "-" "PHP (www.dingo.com.ua), hosted by www.ukraine.com.ua"
2001:67c:2070:c88e::1 site02.com - [29/Mar/2021:15:39:32 +0200] "GET /?AVGAFFILIATE=137404&__c=1 HTTP/1.1" 200 5639 "-" "PHP (www.dingo.com.ua), hosted by www.ukraine.com.ua"
34.201.147.192 site02.com - [29/Mar/2021:15:39:42 +0200] "GET /?AVGAFFILIATE=137404&__c=1 HTTP/1.1" 200 1958 "-" "PocketParser/2.0 (+https://getpocket.com/pocketparser_ua)"
49.212.186.224 site02.com - [29/Mar/2021:15:39:43 +0200] "GET /?AVGAFFILIATE=137404&__c=1 HTTP/1.1" 200 5639 "-" "-"
49.212.186.224 site02.com - [29/Mar/2021:15:39:44 +0200] "GET /?AVGAFFILIATE=137404&__c=1 HTTP/1.1" 200 1958 "-" "Mozilla/5.0 (Windows NT 10.0; Win64; x64) AppleWebKit/537.36 (KHTML, like Gecko) Chrome/62.0.3202.94 Safari/537.36"
49.212.186.224 site02.com - [29/Mar/2021:15:39:46 +0200] "GET /favicon.ico HTTP/1.1" 200 15406 "-" "Mozilla/5.0 (Windows NT 10.0; Win64; x64) AppleWebKit/537.36 (KHTML, like Gecko) Chrome/62.0.3202.94 Safari/537.36"
133.18.34.65 site02.com - [29/Mar/2021:15:39:51 +0200] "GET /?AVGAFFILIATE=137404&__c=1 HTTP/1.1" 200 5639 "-" "LWP::Simple/5.64"
35.197.95.6 site02.com - [29/Mar/2021:15:39:52 +0200] "GET /?AVGAFFILIATE=137404&__c=1 HTTP/1.1" 200 1958 "https://jguitar.com/tabmap?url=https%3A%2F%2Fsecure.ninoxdb.de%2Faffiliate.php%3FACCOUNT%3DNINOXSOF%26AFFILIATE%3D137404%26PATH%3Dhttps%253A%252F%252Fsite02.com%252F%26AFFSRC%3Dwww.aletis.ch" "JGuitar.com Tab Mapper - http://jguitar.com/tabmap"
5.8.64.47 site02.com - [29/Mar/2021:15:40:12 +0200] "GET /?AVGAFFILIATE=137404&__c=1 HTTP/1.1" 200 5639 "-" "-"
85.13.130.114 site02.com - [29/Mar/2021:15:40:19 +0200] "GET /?AVGAFFILIATE=137404&__c=1 HTTP/1.1" 200 5639 "-" "-"
195.154.113.33 site02.com - [29/Mar/2021:15:40:23 +0200] "GET /?AVGAFFILIATE=137404&__c=1 HTTP/1.1" 200 1958 "-" "MagpieRSS/0.72 (+http://magpierss.sf.net)"
3.218.170.39 site02.com - [29/Mar/2021:15:40:25 +0200] "GET /?AVGAFFILIATE=137404&__c=1 HTTP/1.1" 200 1958 "-" "hxl-proxy/tagger"
5.196.102.147 site02.com - [29/Mar/2021:15:40:50 +0200] "GET /?AVGAFFILIATE=137404&__c=1 HTTP/1.1" 200 1958 "https://secure.avangate.com/c.php?a=w&s=5rhu3575p9kbjriuj2341eqljqm145bm&u=https%3A%2F%2Fsite02.com%2F%3FAVGAFFILIATE%3D137404%26__c%3D1&h=76a14f9774938667f10ca7ca0c32ecc0" "Mozilla/5.0 (Windows NT 10.0; WOW64) AppleWebKit/535.14.61 (KHTML, like Gecko) Chrome/53.5.0289.5916 Safari/534.43"
160.16.127.62 site02.com - [29/Mar/2021:15:40:58 +0200] "GET /?AVGAFFILIATE=137404&__c=1 HTTP/1.1" 200 5639 "-" "MagpieRSS/0.72 \\(+http://magpierss.sf.net\\)"
5.196.102.147 site02.com - [29/Mar/2021:15:41:08 +0200] "GET /?AVGAFFILIATE=137404&__c=1 HTTP/1.1" 200 1958 "https://secure.avangate.com/c.php?a=w&s=f1n66atj67g1m5o5ejpf2gp44rd09abm&u=https%3A%2F%2Fsite02.com%2F%3FAVGAFFILIATE%3D137404%26__c%3D1&h=21fd5c09047274825bd8474bfa2c060c" "Mozilla/5.0 (Windows NT 5.1) AppleWebKit/537.36 (KHTML, like Gecko) Chrome/58.0.3029.110 Safari/537.36 SE 2.X MetaSr 1.0"
183.181.79.124 site02.com - [29/Mar/2021:15:41:17 +0200] "GET /?AVGAFFILIATE=137404&__c=1 HTTP/1.1" 200 1958 "-" "MagpieRSS/0.72 (+http://magpierss.sf.net)"
31.11.32.58 site02.com - [29/Mar/2021:15:41:35 +0200] "GET /?AVGAFFILIATE=137404&__c=1 HTTP/1.1" 200 5639 "-" "Mozilla/4.0 (compatible; Win32; WinHttp.WinHttpRequest.5)"
183.90.241.121 site02.com - [29/Mar/2021:15:41:38 +0200] "GET /?AVGAFFILIATE=137404&__c=1 HTTP/1.1" 200 1958 "-" "MagpieRSS/0.72 (+http://magpierss.sf.net)"
128.210.7.109 site02.com - [29/Mar/2021:15:41:42 +0200] "GET /?AVGAFFILIATE=137404&__c=1 HTTP/1.1" 200 5639 "-" "-"
164.46.97.238 site02.com - [29/Mar/2021:15:41:48 +0200] "GET /?AVGAFFILIATE=137404&__c=1 HTTP/1.1" 200 5639 "-" "MagpieRSS/0.72 \\(+http://magpierss.sf.net\\)"
35.194.103.147 site02.com - [29/Mar/2021:15:42:05 +0200] "GET /?AVGAFFILIATE=137404&__c=1 HTTP/1.1" 200 5639 "-" "-"
64.179.169.12 site05.com - [29/Mar/2021:15:42:24 +0200] "GET / HTTP/1.1" 301 232 "-" "Mozilla/5.0 (X11; Fedora; Linux x86_64; rv:52.0) Gecko/20100101 Firefox/52.0"
64.179.169.12 site05.com - [29/Mar/2021:15:42:25 +0200] "GET / HTTP/1.1" 302 - "-" "Mozilla/5.0 (X11; Fedora; Linux x86_64; rv:52.0) Gecko/20100101 Firefox/52.0"
75.101.141.105 site02.com - [29/Mar/2021:15:42:29 +0200] "HEAD /?AVGAFFILIATE=137404&__c=1 HTTP/1.1" 200 - "-" "Mozilla/4.0 (compatible; Virtuoso)"
64.179.169.12 site05.com - [29/Mar/2021:15:42:32 +0200] "GET / HTTP/1.1" 302 - "-" "Mozilla/5.0 (X11; Fedora; Linux x86_64; rv:52.0) Gecko/20100101 Firefox/52.0"
64.179.169.12 www.site05.com - [29/Mar/2021:15:42:34 +0200] "GET / HTTP/1.1" 301 236 "-" "Mozilla/5.0 (X11; Fedora; Linux x86_64; rv:52.0) Gecko/20100101 Firefox/52.0"
64.179.169.12 www.site05.com - [29/Mar/2021:15:42:35 +0200] "GET / HTTP/1.1" 302 - "-" "Mozilla/5.0 (X11; Fedora; Linux x86_64; rv:52.0) Gecko/20100101 Firefox/52.0"
64.179.169.12 www.site05.com - [29/Mar/2021:15:42:35 +0200] "GET /index.php?module=CoreUpdater&action= HTTP/1.1" 200 76236 "-" "Mozilla/5.0 (X11; Fedora; Linux x86_64; rv:52.0) Gecko/20100101 Firefox/52.0"
64.179.169.12 www.site05.com - [29/Mar/2021:15:42:42 +0200] "GET /index.php?module=CoreUpdater&action= HTTP/1.1" 200 76236 "-" "Mozilla/5.0 (X11; Fedora; Linux x86_64; rv:52.0) Gecko/20100101 Firefox/52.0"
148.72.203.161 site02.com - [29/Mar/2021:15:47:09 +0200] "GET /?AVGAFFILIATE=137404&__c=1 HTTP/1.1" 200 5639 "-" "Mozilla/5.0 (Macintosh; Intel Mac OS X 10_10_5) AppleWebKit/537.36 (KHTML, like Gecko) Chrome/65.0.3325.181 Safari/537.36"
47.52.151.237 site02.com - [29/Mar/2021:15:47:13 +0200] "GET /?AVGAFFILIATE=137404&__c=1 HTTP/1.1" 200 5639 "-" "-"
2a03:6f00:1::5c35:60c8 site02.com - [29/Mar/2021:15:47:18 +0200] "GET /?AVGAFFILIATE=137404&__c=1 HTTP/1.1" 200 5639 "https://secure.ninoxdb.de/affiliate.php?ACCOUNT=NINOXSOF&AFFILIATE=137404&PATH=https://site02.com/&AFFSRC=www.aletis.ch" "Mozilla/5.0 (Windows NT 10.0; WOW64; rv:56.0) Gecko/20100101 Firefox/56.0"
2a02:4780:1:1::1:902d site02.com - [29/Mar/2021:15:47:53 +0200] "GET /?AVGAFFILIATE=137404&__c=1 HTTP/1.1" 200 1958 "https://secure.avangate.com/c.php?a=w&s=r2aggtd3b0v3n0b52a9t6or3hcfk2ooh&u=https%3A%2F%2Fsite02.com%2F%3FAVGAFFILIATE%3D137404%26__c%3D1&h=6ebf8cd6919eff36b971fa602a1486a7" "Salt 1.0"
2600:3c03::f03c:91ff:fef1:eef9 site02.com - [29/Mar/2021:15:48:07 +0200] "GET /?AVGAFFILIATE=137404&__c=1 HTTP/1.1" 200 1958 "-" "Ruby, Mozilla/5.0 (Windows; U; Windows NT 5.1; en-GB; rv:1.8.1.6) Gecko/20070725 Firefox/2.0.0.6"
208.113.210.212 site02.com - [29/Mar/2021:15:48:07 +0200] "GET /?AVGAFFILIATE=137404&__c=1 HTTP/1.1" 200 5639 "www.neutrality.wtf" "MozillaXYZ/1.0"
5.196.102.147 site02.com - [29/Mar/2021:15:48:10 +0200] "GET / HTTP/1.1" 200 1958 "https://emarketing.west63rd.net/tl.php?p=2gi/2fl/rs/2y1/14i/rs/NHS%20High%20Risk%20Link/https%3A%2F%2Fsite02.com%2F" "Mozilla/5.0 (Windows NT 6.1) AppleWebKit/537.36 (KHTML, like Gecko) Chrome/66.0.3359.139 Safari/537.36 OPR/53.0.2907.37"
157.7.106.12 site02.com - [29/Mar/2021:15:48:13 +0200] "GET / HTTP/1.1" 200 5639 "-" "LWP::Simple/5.64"
59.106.13.114 site02.com - [29/Mar/2021:15:48:19 +0200] "GET / HTTP/1.1" 200 5639 "-" "LWP::Simple/5.64"
173.201.196.105 site02.com - [29/Mar/2021:15:48:32 +0200] "GET / HTTP/1.1" 200 5639 "-" "MagpieRSS/0.72 \\(+http://magpierss.sf.net\\)"
5.196.102.147 site02.com - [29/Mar/2021:15:48:41 +0200] "GET / HTTP/1.1" 200 1958 "https://emarketing.west63rd.net/tl.php?p=2gi/2fl/rs/2y1/14i/rs/NHS%20High%20Risk%20Link/https://site02.com/" "Mozilla/5.0 (X11; Linux x86_64; rv:61.0) Gecko/20100101 Firefox/61.0"
157.7.106.113 site02.com - [29/Mar/2021:15:48:41 +0200] "GET / HTTP/1.1" 200 5639 "-" "LWP::Simple/5.64"
2001:e42:102:1814:160:16:225:231 site02.com - [29/Mar/2021:15:48:50 +0200] "GET / HTTP/1.1" 200 5639 "-" "MagpieRSS/0.72 \\(+http://magpierss.sf.net\\)"
157.7.106.90 site02.com - [29/Mar/2021:15:48:51 +0200] "GET / HTTP/1.1" 200 5639 "-" "LWP::Simple/5.64"
5.196.102.147 site02.com - [29/Mar/2021:15:48:52 +0200] "GET / HTTP/1.1" 200 1958 "http://foundation.hawthornfc.com.au/analytics/outbound?url=https://site02.com/" "Mozilla/5.0 (Macintosh; Intel Mac OS X 10_13_4) AppleWebKit/537.36 (KHTML, like Gecko) Chrome/67.0.3396.87 Safari/537.36"
157.7.105.243 site02.com - [29/Mar/2021:15:48:56 +0200] "GET / HTTP/1.1" 200 5639 "-" "LWP::Simple/5.64"
219.94.129.80 site02.com - [29/Mar/2021:15:48:59 +0200] "GET / HTTP/1.1" 200 5639 "-" "LWP::Simple/5.64"
88.208.252.157 site02.com - [29/Mar/2021:15:49:01 +0200] "GET / HTTP/1.1" 200 5639 "http://www.internetsupervision.com/urlcheck" "Mozilla/4.0 (compatible; MSIE 6.0; Windows NT 5.0; UrlCheck)"
12.171.94.54 site02.com - [29/Mar/2021:15:49:02 +0200] "GET / HTTP/1.1" 200 5639 "http://www.internetsupervision.com/urlcheck" "Mozilla/4.0 (compatible; MSIE 6.0; Windows NT 5.0; UrlCheck)"
76.80.187.66 site02.com - [29/Mar/2021:15:49:02 +0200] "GET / HTTP/1.1" 200 5639 "http://www.internetsupervision.com/urlcheck" "Mozilla/4.0 (compatible; MSIE 6.0; Windows NT 5.0; UrlCheck)"
157.7.106.165 site02.com - [29/Mar/2021:15:49:06 +0200] "GET / HTTP/1.1" 200 5639 "-" "LWP::Simple/5.64"
219.94.128.60 site02.com - [29/Mar/2021:15:49:09 +0200] "GET / HTTP/1.1" 200 5639 "-" "LWP::Simple/5.64"
157.7.104.92 site02.com - [29/Mar/2021:15:49:10 +0200] "GET / HTTP/1.1" 200 5639 "-" "LWP::Simple/5.64"
157.7.105.239 site02.com - [29/Mar/2021:15:49:11 +0200] "GET / HTTP/1.1" 200 5639 "-" "LWP::Simple/5.64"
87.236.20.102 site02.com - [29/Mar/2021:15:49:33 +0200] "GET / HTTP/1.1" 200 5639 "-" "-"
66.45.225.10 site02.com - [29/Mar/2021:15:49:33 +0200] "GET / HTTP/1.1" 200 5639 "-" "Mozilla/4.0 (compatible; MSIE 5.01; Windows NT 5.0)"
133.18.66.21 site02.com - [29/Mar/2021:15:49:34 +0200] "GET / HTTP/1.1" 200 5639 "-" "LWP::Simple/5.64"
157.7.106.9 site02.com - [29/Mar/2021:15:49:35 +0200] "GET / HTTP/1.1" 200 5639 "-" "LWP::Simple/5.64"
202.172.28.44 site02.com - [29/Mar/2021:15:49:38 +0200] "GET / HTTP/1.1" 200 5639 "-" "LWP::Simple/5.64"
219.94.128.180 site02.com - [29/Mar/2021:15:49:39 +0200] "GET / HTTP/1.1" 200 5639 "-" "LWP::Simple/5.64"
157.7.106.104 site02.com - [29/Mar/2021:15:49:40 +0200] "GET / HTTP/1.1" 200 1958 "-" "-"
210.188.201.173 site02.com - [29/Mar/2021:15:49:41 +0200] "GET / HTTP/1.1" 200 5639 "-" "MagpieRSS/0.72 \\(+http://magpierss.sf.net\\)"
157.7.106.172 site02.com - [29/Mar/2021:15:49:44 +0200] "GET / HTTP/1.1" 200 5639 "-" "LWP::Simple/5.64"
202.181.97.44 site02.com - [29/Mar/2021:15:49:47 +0200] "GET / HTTP/1.1" 200 5639 "-" "LWP::Simple/5.64"
2001:19f0:6001:c2d:5400:2ff:fe6a:c6df site02.com - [29/Mar/2021:15:49:51 +0200] "GET / HTTP/1.1" 200 5639 "-" "-"
219.94.128.161 site02.com - [29/Mar/2021:15:49:55 +0200] "GET / HTTP/1.1" 200 5639 "-" "LWP::Simple/5.64"
185.195.25.72 site02.com - [29/Mar/2021:15:49:59 +0200] "GET / HTTP/1.1" 200 5639 "-" "-"
157.7.106.9 site02.com - [29/Mar/2021:15:50:01 +0200] "GET / HTTP/1.1" 200 5639 "-" "LWP::Simple/5.64"
58.80.137.167 site02.com - [29/Mar/2021:15:50:07 +0200] "GET / HTTP/1.1" 200 5639 "-" "LWP::Simple/5.64"
157.7.105.232 site02.com - [29/Mar/2021:15:50:12 +0200] "GET / HTTP/1.1" 200 5639 "-" "LWP::Simple/5.64"
66.249.70.42 site01.com - [29/Mar/2021:15:50:15 +0200] "GET /robots.txt HTTP/1.1" 301 256 "-" "Mozilla/5.0 (compatible; Googlebot/2.1; +http://www.google.com/bot.html)"
58.80.137.164 site02.com - [29/Mar/2021:15:50:15 +0200] "GET / HTTP/1.1" 200 5639 "-" "LWP::Simple/5.64"
66.249.70.62 site01.com - [29/Mar/2021:15:50:16 +0200] "GET /robots.txt HTTP/1.1" 404 196 "-" "Mozilla/5.0 (compatible; Googlebot/2.1; +http://www.google.com/bot.html)"
66.249.70.40 site01.com - [29/Mar/2021:15:50:16 +0200] "GET / HTTP/1.1" 301 246 "-" "Mozilla/5.0 (Linux; Android 6.0.1; Nexus 5X Build/MMB29P) AppleWebKit/537.36 (KHTML, like Gecko) Chrome/89.0.4389.102 Mobile Safari/537.36 (compatible; Googlebot/2.1; +http://www.google.com/bot.html)"
66.249.70.62 site01.com - [29/Mar/2021:15:50:16 +0200] "GET / HTTP/1.1" 200 1643 "-" "Mozilla/5.0 (Linux; Android 6.0.1; Nexus 5X Build/MMB29P) AppleWebKit/537.36 (KHTML, like Gecko) Chrome/89.0.4389.102 Mobile Safari/537.36 (compatible; Googlebot/2.1; +http://www.google.com/bot.html)"
150.95.9.18 site02.com - [29/Mar/2021:15:50:20 +0200] "GET / HTTP/1.1" 200 5639 "-" "LWP::Simple/5.64"
157.7.188.161 site02.com - [29/Mar/2021:15:50:27 +0200] "GET / HTTP/1.1" 200 5639 "-" "MagpieRSS/0.72 \\(+http://magpierss.sf.net\\)"
202.181.97.55 site02.com - [29/Mar/2021:15:50:27 +0200] "GET / HTTP/1.1" 200 5639 "-" "LWP::Simple/5.64"
52.38.203.67 site02.com - [29/Mar/2021:15:50:28 +0200] "GET / HTTP/1.1" 200 5639 "-" "MagpieRSS/0.72 \\(+http://magpierss.sf.net\\)"
157.7.105.133 site02.com - [29/Mar/2021:15:50:34 +0200] "GET / HTTP/1.1" 200 5639 "-" "LWP::Simple/5.64"
202.181.99.82 site02.com - [29/Mar/2021:15:50:35 +0200] "GET / HTTP/1.1" 200 5639 "-" "LWP::Simple/5.64"
182.93.125.101 site02.com - [29/Mar/2021:15:50:39 +0200] "GET / HTTP/1.1" 200 5639 "-" "MagpieRSS/0.72 \\(+http://magpierss.sf.net\\)"
157.7.106.9 site02.com - [29/Mar/2021:15:50:42 +0200] "GET / HTTP/1.1" 200 5639 "-" "LWP::Simple/5.64"
59.106.19.195 site02.com - [29/Mar/2021:15:50:42 +0200] "GET / HTTP/1.1" 200 5639 "-" "LWP::Simple/5.64"
219.94.162.239 site02.com - [29/Mar/2021:15:50:42 +0200] "GET / HTTP/1.1" 200 5639 "-" "LWP::Simple/5.64"
122.28.38.215 site02.com - [29/Mar/2021:15:50:43 +0200] "GET / HTTP/1.1" 200 5639 "-" "MagpieRSS/0.72 \\(+http://magpierss.sf.net\\)"
59.106.19.77 site02.com - [29/Mar/2021:15:50:45 +0200] "GET / HTTP/1.1" 200 5639 "-" "LWP::Simple/5.64"
2607:5300:61:768:: site02.com - [29/Mar/2021:15:50:47 +0200] "GET / HTTP/1.1" 200 5639 "-" "MagpieRSS/0.72 \\(+http://magpierss.sf.net\\)"
157.7.106.102 site02.com - [29/Mar/2021:15:50:48 +0200] "GET / HTTP/1.1" 200 5639 "-" "LWP::Simple/5.64"
219.94.162.18 site02.com - [29/Mar/2021:15:50:49 +0200] "GET / HTTP/1.1" 200 5639 "-" "LWP::Simple/5.64"
91.196.124.230 site02.com - [29/Mar/2021:15:50:49 +0200] "GET / HTTP/1.1" 200 5639 "-" "-"
91.196.124.230 site02.com - [29/Mar/2021:15:50:52 +0200] "GET / HTTP/1.1" 200 5639 "-" "-"
202.191.112.38 site02.com - [29/Mar/2021:15:50:53 +0200] "GET / HTTP/1.1" 200 5639 "-" "LWP::Simple/5.64"
59.106.19.143 site02.com - [29/Mar/2021:15:50:55 +0200] "GET / HTTP/1.1" 200 5639 "-" "LWP::Simple/5.64"
59.106.171.52 site02.com - [29/Mar/2021:15:50:57 +0200] "GET / HTTP/1.1" 200 5639 "-" "LWP::Simple/5.64"
203.145.249.2 site02.com - [29/Mar/2021:15:50:57 +0200] "GET / HTTP/1.1" 200 1958 "-" "MagpieRSS/0.72 (+http://magpierss.sf.net)"
157.7.106.16 site02.com - [29/Mar/2021:15:50:59 +0200] "GET / HTTP/1.1" 200 5639 "-" "LWP::Simple/5.64"
183.181.99.12 site02.com - [29/Mar/2021:15:51:06 +0200] "GET / HTTP/1.1" 200 5639 "-" "MagpieRSS/0.72 \\(+http://magpierss.sf.net\\)"
157.7.188.248 site02.com - [29/Mar/2021:15:51:08 +0200] "GET / HTTP/1.1" 200 5639 "-" "LWP::Simple/5.64"
157.7.106.170 site02.com - [29/Mar/2021:15:51:09 +0200] "GET / HTTP/1.1" 200 5639 "-" "MagpieRSS/0.72 \\(+http://magpierss.sf.net\\)"
5.196.102.147 site02.com - [29/Mar/2021:15:51:15 +0200] "GET / HTTP/1.1" 200 1958 "http://www.vicsport.org.au/analytics/outbound?url=https://site02.com/" "Mozilla/5.0 (Windows NT 10.0; Win64; x64) AppleWebKit/537.36 (KHTML, like Gecko) Chrome/66.0.3359.139 Safari/537.36"
82.165.80.130 site02.com - [29/Mar/2021:15:51:15 +0200] "GET / HTTP/1.1" 200 5639 "-" "-"
157.7.106.4 site02.com - [29/Mar/2021:15:51:18 +0200] "GET / HTTP/1.1" 200 5639 "-" "LWP::Simple/5.64"
150.60.10.1 site02.com - [29/Mar/2021:15:51:21 +0200] "GET / HTTP/1.1" 200 5639 "-" "LWP::Simple/5.64"
202.172.28.118 site02.com - [29/Mar/2021:15:51:21 +0200] "GET / HTTP/1.1" 200 5639 "-" "LWP::Simple/5.64"
157.7.105.244 site02.com - [29/Mar/2021:15:51:31 +0200] "GET / HTTP/1.1" 200 5639 "-" "LWP::Simple/5.64"
219.94.129.163 site02.com - [29/Mar/2021:15:51:32 +0200] "GET / HTTP/1.1" 200 5639 "-" "LWP::Simple/5.64"
211.10.17.2 site02.com - [29/Mar/2021:15:51:36 +0200] "GET / HTTP/1.1" 200 5639 "-" "LWP::Simple/5.64"
2001:67c:2070:c88e::1 site02.com - [29/Mar/2021:15:51:55 +0200] "GET / HTTP/1.1" 200 5639 "-" "PHP (www.dingo.com.ua), hosted by www.ukraine.com.ua"
59.106.19.179 site02.com - [29/Mar/2021:15:51:56 +0200] "GET / HTTP/1.1" 200 5639 "-" "LWP::Simple/5.64"
2001:67c:2070:c88e::1 site02.com - [29/Mar/2021:15:51:57 +0200] "GET / HTTP/1.1" 200 5639 "-" "PHP (www.dingo.com.ua), hosted by www.ukraine.com.ua"
2001:67c:2070:c88e::1 site02.com - [29/Mar/2021:15:51:58 +0200] "GET / HTTP/1.1" 200 5639 "-" "PHP (www.dingo.com.ua), hosted by www.ukraine.com.ua"
35.171.28.60 site02.com - [29/Mar/2021:15:52:09 +0200] "GET / HTTP/1.1" 200 1958 "-" "PocketParser/2.0 (+https://getpocket.com/pocketparser_ua)"
2401:2500:102:3035:153:126:199:248 site02.com - [29/Mar/2021:15:52:10 +0200] "GET / HTTP/1.1" 200 1958 "http://www.yahoo.co.jp/" "Mozilla/5.0 (Macintosh; Intel Mac OS X 10.16; rv:85.0) Gecko/20100101 Firefox/85.0"
133.18.34.65 site02.com - [29/Mar/2021:15:52:15 +0200] "GET / HTTP/1.1" 200 5639 "-" "LWP::Simple/5.64"
35.197.95.6 site02.com - [29/Mar/2021:15:52:17 +0200] "GET / HTTP/1.1" 200 1958 "https://jguitar.com/tabmap?url=https://site02.com/" "JGuitar.com Tab Mapper - http://jguitar.com/tabmap"
202.181.99.73 site02.com - [29/Mar/2021:15:52:25 +0200] "GET / HTTP/1.1" 200 5639 "-" "LWP::Simple/5.64"
5.8.64.47 site02.com - [29/Mar/2021:15:52:40 +0200] "GET / HTTP/1.1" 200 5639 "-" "-"
85.13.130.114 site02.com - [29/Mar/2021:15:52:47 +0200] "GET / HTTP/1.1" 200 5639 "-" "-"
35.172.94.40 site02.com - [29/Mar/2021:15:52:52 +0200] "GET / HTTP/1.1" 200 1958 "-" "hxl-proxy/tagger"
195.201.34.52 site02.com - [29/Mar/2021:15:53:10 +0200] "GET / HTTP/1.1" 200 5639 "-" "Mozilla/4.0 (compatible; MSIE 6.0; Windows NT 5.1; SV1; .NET CLR 1.0.3705; .NET CLR 1.1.4322)"
5.196.102.147 site02.com - [29/Mar/2021:15:53:12 +0200] "GET / HTTP/1.1" 200 1958 "https://vicsport.com.au/analytics/outbound?url=https://site02.com/" "Mozilla/5.0 (X11; Linux x86_64) AppleWebKit/537.36 (KHTML, like Gecko) HeadlessChrome/67.0.3372.0 Safari/537.36"
160.16.127.62 site02.com - [29/Mar/2021:15:53:20 +0200] "GET / HTTP/1.1" 200 5639 "-" "MagpieRSS/0.72 \\(+http://magpierss.sf.net\\)"
5.196.102.147 site02.com - [29/Mar/2021:15:53:28 +0200] "GET / HTTP/1.1" 200 1958 "https://www.cossa.ru/bitrix/redirect.php?event1=click&event2=&event3=&goto=https://site02.com/" "Mozilla/5.0 (Windows NT 10.0; WOW64) AppleWebKit/537.36 (KHTML, like Gecko) Chrome/64.0.3282.39 Safari/537.36"
183.181.79.124 site02.com - [29/Mar/2021:15:53:33 +0200] "GET / HTTP/1.1" 200 1958 "-" "MagpieRSS/0.72 (+http://magpierss.sf.net)"
31.11.32.58 site02.com - [29/Mar/2021:15:53:57 +0200] "GET / HTTP/1.1" 200 5639 "-" "Mozilla/4.0 (compatible; Win32; WinHttp.WinHttpRequest.5)"
183.90.241.121 site02.com - [29/Mar/2021:15:53:58 +0200] "GET / HTTP/1.1" 200 1958 "-" "MagpieRSS/0.72 (+http://magpierss.sf.net)"
128.210.7.85 site02.com - [29/Mar/2021:15:54:04 +0200] "GET / HTTP/1.1" 200 5639 "-" "-"
164.46.97.238 site02.com - [29/Mar/2021:15:54:10 +0200] "GET / HTTP/1.1" 200 5639 "-" "MagpieRSS/0.72 \\(+http://magpierss.sf.net\\)"
35.194.103.147 site02.com - [29/Mar/2021:15:54:30 +0200] "GET / HTTP/1.1" 200 5639 "-" "-"
75.101.141.105 site02.com - [29/Mar/2021:15:54:55 +0200] "HEAD / HTTP/1.1" 200 - "-" "Mozilla/4.0 (compatible; Virtuoso)"
108.53.119.33 site02.com - [29/Mar/2021:15:58:36 +0200] "GET /robots.txt HTTP/1.1" 200 23 "-" "panscient.com"
108.53.119.33 site02.com - [29/Mar/2021:15:58:37 +0200] "GET / HTTP/1.1" 200 1958 "-" "panscient.com"
108.53.119.33 site02.com - [29/Mar/2021:15:58:38 +0200] "GET /robots.txt HTTP/1.1" 200 23 "-" "panscient.com"
108.53.119.33 site02.com - [29/Mar/2021:15:58:39 +0200] "GET / HTTP/1.1" 200 1958 "-" "panscient.com"
148.72.203.161 site02.com - [29/Mar/2021:15:59:29 +0200] "GET / HTTP/1.1" 200 5639 "-" "Mozilla/5.0 (Macintosh; Intel Mac OS X 10_12_6) AppleWebKit/605.1.15 (KHTML, like Gecko) Version/11.1.1 Safari/605.1.15"
47.52.151.237 site02.com - [29/Mar/2021:15:59:35 +0200] "GET / HTTP/1.1" 200 5639 "-" "Mozilla\\/5.0 (iPhone; CPU iPhone OS 8_0 like Mac OS X) AppleWebKit\\/600.1.3 (KHTML, like Gecko) Version\\/8.0 Mobile\\/12A4345d Safari\\/600.1.4"
2a03:6f00:1::5c35:60c8 site02.com - [29/Mar/2021:15:59:39 +0200] "GET / HTTP/1.1" 200 5639 "https://site02.com/" "Mozilla/5.0 (Windows NT 10.0; WOW64; rv:56.0) Gecko/20100101 Firefox/56.0"
2a02:4780:1:1::1:902d site02.com - [29/Mar/2021:16:00:16 +0200] "GET / HTTP/1.1" 200 1958 "-" "Salt 1.0"
2600:3c03::f03c:91ff:fef1:eef9 site02.com - [29/Mar/2021:16:00:29 +0200] "GET / HTTP/1.1" 200 1958 "-" "Ruby, Mozilla/5.0 (Windows; U; Windows NT 5.1; en-GB; rv:1.8.1.6) Gecko/20070725 Firefox/2.0.0.6"
208.113.210.212 site02.com - [29/Mar/2021:16:00:29 +0200] "GET / HTTP/1.1" 200 5639 "www.neutrality.wtf" "MozillaXYZ/1.0"
5.196.102.147 site02.com - [29/Mar/2021:16:00:32 +0200] "GET / HTTP/1.1" 200 1958 "http://www.liputanbmi.co.id/iklan.php?hal=log&ori=index&iklan=slide&link=https://site02.com/" "Mozilla/5.0 (Windows NT 10.0; WOW64) AppleWebKit/537.36 (KHTML, like Gecko) Chrome/66.0.3359.181 Safari/537.36"
157.7.106.12 site02.com - [29/Mar/2021:16:00:34 +0200] "GET / HTTP/1.1" 200 5639 "-" "LWP::Simple/5.64"
59.106.13.114 site02.com - [29/Mar/2021:16:00:40 +0200] "GET / HTTP/1.1" 200 5639 "-" "LWP::Simple/5.64"
157.7.106.113 site02.com - [29/Mar/2021:16:01:01 +0200] "GET / HTTP/1.1" 200 5639 "-" "LWP::Simple/5.64"
5.196.102.147 site02.com - [29/Mar/2021:16:01:13 +0200] "GET / HTTP/1.1" 200 1958 "http://foundation.hawthornfc.com.au/analytics/outbound?url=https://site02.com/" "Mozilla/5.0 (Macintosh; Intel Mac OS X 10_13_5) AppleWebKit/537.36 (KHTML, like Gecko) Chrome/67.0.3396.87 Safari/537.36"
157.7.105.243 site02.com - [29/Mar/2021:16:01:18 +0200] "GET / HTTP/1.1" 200 5639 "-" "LWP::Simple/5.64"
27.254.152.7 site02.com - [29/Mar/2021:16:01:21 +0200] "GET / HTTP/1.1" 200 1958 "-" "MagpieRSS/0.72 (+http://magpierss.sf.net)"
88.208.252.157 site02.com - [29/Mar/2021:16:01:24 +0200] "GET / HTTP/1.1" 200 5639 "http://www.internetsupervision.com/urlcheck" "Mozilla/4.0 (compatible; MSIE 6.0; Windows NT 5.0; UrlCheck)"
12.171.94.54 site02.com - [29/Mar/2021:16:01:24 +0200] "GET / HTTP/1.1" 200 5639 "http://www.internetsupervision.com/urlcheck" "Mozilla/4.0 (compatible; MSIE 6.0; Windows NT 5.0; UrlCheck)"
76.80.187.66 site02.com - [29/Mar/2021:16:01:25 +0200] "GET / HTTP/1.1" 200 5639 "http://www.internetsupervision.com/urlcheck" "Mozilla/4.0 (compatible; MSIE 6.0; Windows NT 5.0; UrlCheck)"
157.7.106.165 site02.com - [29/Mar/2021:16:01:28 +0200] "GET / HTTP/1.1" 200 5639 "-" "LWP::Simple/5.64"
157.7.104.92 site02.com - [29/Mar/2021:16:01:33 +0200] "GET / HTTP/1.1" 200 5639 "-" "LWP::Simple/5.64"
66.45.225.10 site02.com - [29/Mar/2021:16:01:56 +0200] "GET / HTTP/1.1" 200 5639 "-" "Mozilla/4.0 (compatible; MSIE 5.01; Windows NT 5.0)"
87.236.20.102 site02.com - [29/Mar/2021:16:01:57 +0200] "GET / HTTP/1.1" 200 5639 "-" "-"
133.18.66.21 site02.com - [29/Mar/2021:16:01:58 +0200] "GET / HTTP/1.1" 200 5639 "-" "LWP::Simple/5.64"
157.7.106.9 site02.com - [29/Mar/2021:16:01:59 +0200] "GET / HTTP/1.1" 200 5639 "-" "LWP::Simple/5.64"
202.172.28.44 site02.com - [29/Mar/2021:16:02:03 +0200] "GET / HTTP/1.1" 200 5639 "-" "LWP::Simple/5.64"
157.7.106.104 site02.com - [29/Mar/2021:16:02:05 +0200] "GET / HTTP/1.1" 200 1958 "-" "-"
219.94.128.180 site02.com - [29/Mar/2021:16:02:05 +0200] "GET / HTTP/1.1" 200 5639 "-" "LWP::Simple/5.64"
210.188.201.173 site02.com - [29/Mar/2021:16:02:05 +0200] "GET / HTTP/1.1" 200 5639 "-" "MagpieRSS/0.72 \\(+http://magpierss.sf.net\\)"
202.181.97.44 site02.com - [29/Mar/2021:16:02:13 +0200] "GET / HTTP/1.1" 200 5639 "-" "LWP::Simple/5.64"
219.94.162.108 site02.com - [29/Mar/2021:16:02:19 +0200] "GET / HTTP/1.1" 200 5639 "-" "LWP::Simple/6.00 libwww-perl/6.05"
219.94.128.161 site02.com - [29/Mar/2021:16:02:20 +0200] "GET / HTTP/1.1" 200 5639 "-" "LWP::Simple/5.64"
185.195.25.72 site02.com - [29/Mar/2021:16:02:24 +0200] "GET / HTTP/1.1" 200 5639 "-" "-"
157.7.106.9 site02.com - [29/Mar/2021:16:02:26 +0200] "GET / HTTP/1.1" 200 5639 "-" "LWP::Simple/5.64"
150.95.9.18 site02.com - [29/Mar/2021:16:02:41 +0200] "GET / HTTP/1.1" 200 5639 "-" "LWP::Simple/5.64"
157.7.188.161 site02.com - [29/Mar/2021:16:02:48 +0200] "GET / HTTP/1.1" 200 5639 "-" "MagpieRSS/0.72 \\(+http://magpierss.sf.net\\)"
182.93.125.101 site02.com - [29/Mar/2021:16:03:00 +0200] "GET / HTTP/1.1" 200 5639 "-" "MagpieRSS/0.72 \\(+http://magpierss.sf.net\\)"
157.7.106.9 site02.com - [29/Mar/2021:16:03:04 +0200] "GET / HTTP/1.1" 200 5639 "-" "LWP::Simple/5.64"
59.106.19.195 site02.com - [29/Mar/2021:16:03:04 +0200] "GET / HTTP/1.1" 200 5639 "-" "LWP::Simple/5.64"
122.28.38.215 site02.com - [29/Mar/2021:16:03:05 +0200] "GET / HTTP/1.1" 200 5639 "-" "MagpieRSS/0.72 \\(+http://magpierss.sf.net\\)"
2607:5300:61:768:: site02.com - [29/Mar/2021:16:03:08 +0200] "GET / HTTP/1.1" 200 5639 "-" "MagpieRSS/0.72 \\(+http://magpierss.sf.net\\)"
157.7.106.102 site02.com - [29/Mar/2021:16:03:09 +0200] "GET / HTTP/1.1" 200 5639 "-" "LWP::Simple/5.64"
91.196.124.230 site02.com - [29/Mar/2021:16:03:13 +0200] "GET / HTTP/1.1" 200 5639 "-" "-"
202.191.112.38 site02.com - [29/Mar/2021:16:03:14 +0200] "GET / HTTP/1.1" 200 5639 "-" "LWP::Simple/5.64"
91.196.124.230 site02.com - [29/Mar/2021:16:03:16 +0200] "GET / HTTP/1.1" 200 5639 "-" "-"
59.106.171.52 site02.com - [29/Mar/2021:16:03:20 +0200] "GET / HTTP/1.1" 200 5639 "-" "LWP::Simple/5.64"
203.145.249.2 site02.com - [29/Mar/2021:16:03:21 +0200] "GET / HTTP/1.1" 200 1958 "-" "MagpieRSS/0.72 (+http://magpierss.sf.net)"
157.7.106.16 site02.com - [29/Mar/2021:16:03:23 +0200] "GET / HTTP/1.1" 200 5639 "-" "LWP::Simple/5.64"
157.7.188.248 site02.com - [29/Mar/2021:16:03:33 +0200] "GET / HTTP/1.1" 200 5639 "-" "LWP::Simple/5.64"
157.7.106.170 site02.com - [29/Mar/2021:16:03:34 +0200] "GET / HTTP/1.1" 200 5639 "-" "MagpieRSS/0.72 \\(+http://magpierss.sf.net\\)"
5.196.102.147 site02.com - [29/Mar/2021:16:03:40 +0200] "GET / HTTP/1.1" 200 1958 "http://www.vicsport.org.au/analytics/outbound?url=https://site02.com/" "Mozilla/5.0 (Windows; U; Windows NT 6.0; en-US; rv:1.9.1b3) Gecko/20090405 Firefox/3.1b3"
82.165.80.130 site02.com - [29/Mar/2021:16:03:41 +0200] "GET / HTTP/1.1" 200 5639 "-" "-"
157.7.106.4 site02.com - [29/Mar/2021:16:03:43 +0200] "GET / HTTP/1.1" 200 5639 "-" "LWP::Simple/5.64"
150.60.10.1 site02.com - [29/Mar/2021:16:03:46 +0200] "GET / HTTP/1.1" 200 5639 "-" "LWP::Simple/5.64"
202.172.28.118 site02.com - [29/Mar/2021:16:03:46 +0200] "GET / HTTP/1.1" 200 5639 "-" "LWP::Simple/5.64"
211.10.17.2 site02.com - [29/Mar/2021:16:04:01 +0200] "GET / HTTP/1.1" 200 5639 "-" "LWP::Simple/5.64"
192.185.4.39 site02.com - [29/Mar/2021:16:04:15 +0200] "GET / HTTP/1.1" 200 1958 "-" "MagpieRSS/0.72 (+http://magpierss.sf.net)"
2001:67c:2070:c88e::1 site02.com - [29/Mar/2021:16:04:21 +0200] "GET / HTTP/1.1" 200 5639 "-" "PHP (www.dingo.com.ua), hosted by www.ukraine.com.ua"
59.106.19.179 site02.com - [29/Mar/2021:16:04:21 +0200] "GET / HTTP/1.1" 200 5639 "-" "LWP::Simple/5.64"
2001:67c:2070:c88e::1 site02.com - [29/Mar/2021:16:04:22 +0200] "GET / HTTP/1.1" 200 5639 "-" "PHP (www.dingo.com.ua), hosted by www.ukraine.com.ua"
2001:67c:2070:c88e::1 site02.com - [29/Mar/2021:16:04:23 +0200] "GET / HTTP/1.1" 200 5639 "-" "PHP (www.dingo.com.ua), hosted by www.ukraine.com.ua"
54.84.26.214 site02.com - [29/Mar/2021:16:04:32 +0200] "GET / HTTP/1.1" 200 1958 "-" "PocketParser/2.0 (+https://getpocket.com/pocketparser_ua)"
2401:2500:102:3035:153:126:199:248 site02.com - [29/Mar/2021:16:04:35 +0200] "GET / HTTP/1.1" 200 1958 "http://www.yahoo.co.jp/" "Mozilla/5.0 (Macintosh; Intel Mac OS X 10.16; rv:85.0) Gecko/20100101 Firefox/85.0"
133.18.34.65 site02.com - [29/Mar/2021:16:04:37 +0200] "GET / HTTP/1.1" 200 5639 "-" "LWP::Simple/5.64"
35.197.95.6 site02.com - [29/Mar/2021:16:04:39 +0200] "GET / HTTP/1.1" 200 1958 "https://jguitar.com/tabmap?url=https://site02.com/" "JGuitar.com Tab Mapper - http://jguitar.com/tabmap"
5.8.64.47 site02.com - [29/Mar/2021:16:05:01 +0200] "GET / HTTP/1.1" 200 5639 "-" "-"
85.13.130.114 site02.com - [29/Mar/2021:16:05:07 +0200] "GET / HTTP/1.1" 200 5639 "-" "-"
195.154.113.33 site02.com - [29/Mar/2021:16:05:11 +0200] "GET / HTTP/1.1" 200 1958 "-" "MagpieRSS/0.72 (+http://magpierss.sf.net)"
3.218.170.39 site02.com - [29/Mar/2021:16:05:12 +0200] "GET / HTTP/1.1" 200 1958 "-" "hxl-proxy/tagger"
195.201.34.52 site02.com - [29/Mar/2021:16:05:32 +0200] "GET / HTTP/1.1" 200 5639 "-" "Mozilla/4.0 (compatible; MSIE 6.0; Windows NT 5.1; SV1; .NET CLR 1.0.3705; .NET CLR 1.1.4322)"
5.196.102.147 site02.com - [29/Mar/2021:16:05:34 +0200] "GET / HTTP/1.1" 200 1958 "https://vicsport.com.au/analytics/outbound?url=https://site02.com/" "Mozilla/5.0 (Macintosh; Intel Mac OS X 10_10_3) AppleWebKit/537.36 (KHTML, like Gecko) Chrome/56.0.2986.42 Safari/537.36"
5.196.102.147 site02.com - [29/Mar/2021:16:05:47 +0200] "GET / HTTP/1.1" 200 1958 "https://www.cossa.ru/bitrix/redirect.php?event1=click&event2=&event3=&goto=https://site02.com/" "Mozilla/5.0 (Windows NT 10.0; Win64; x64; rv:52.9) Gecko/20100101 Goanna/3.4 Firefox/52.9 PaleMoon/27.9.0"
183.181.79.124 site02.com - [29/Mar/2021:16:05:51 +0200] "GET / HTTP/1.1" 200 1958 "-" "MagpieRSS/0.72 (+http://magpierss.sf.net)"
183.90.241.121 site02.com - [29/Mar/2021:16:06:17 +0200] "GET / HTTP/1.1" 200 1958 "-" "MagpieRSS/0.72 (+http://magpierss.sf.net)"
128.210.7.85 site02.com - [29/Mar/2021:16:06:21 +0200] "GET / HTTP/1.1" 200 5639 "-" "-"
164.46.97.238 site02.com - [29/Mar/2021:16:06:27 +0200] "GET / HTTP/1.1" 200 5639 "-" "MagpieRSS/0.72 \\(+http://magpierss.sf.net\\)"
34.84.85.240 site02.com - [29/Mar/2021:16:06:46 +0200] "GET / HTTP/1.1" 200 5639 "-" "-"
75.101.141.105 site02.com - [29/Mar/2021:16:07:13 +0200] "HEAD / HTTP/1.1" 200 - "-" "Mozilla/4.0 (compatible; Virtuoso)"
148.72.203.161 site02.com - [29/Mar/2021:16:11:51 +0200] "GET / HTTP/1.1" 200 5639 "-" "Mozilla/5.0 (Windows NT 6.1; Win64; x64) AppleWebKit/537.36 (KHTML, like Gecko) Chrome/66.0.3359.170 Safari/537.36 OPR/53.0.2907.68"
47.52.151.237 site02.com - [29/Mar/2021:16:11:55 +0200] "GET / HTTP/1.1" 200 5639 "-" "Mozilla\\/5.0 (iPhone; CPU iPhone OS 8_0 like Mac OS X) AppleWebKit\\/600.1.3 (KHTML, like Gecko) Version\\/8.0 Mobile\\/12A4345d Safari\\/600.1.4"
2a03:6f00:1::5c35:60c8 site02.com - [29/Mar/2021:16:12:00 +0200] "GET / HTTP/1.1" 200 5639 "https://site02.com/" "Mozilla/5.0 (Windows NT 10.0; WOW64; rv:56.0) Gecko/20100101 Firefox/56.0"
2a02:4780:1:1::1:902d site02.com - [29/Mar/2021:16:12:34 +0200] "GET / HTTP/1.1" 200 1958 "-" "Salt 1.0"
208.113.210.212 site02.com - [29/Mar/2021:16:12:47 +0200] "GET / HTTP/1.1" 200 5639 "www.neutrality.wtf" "MozillaXYZ/1.0"
2600:3c03::f03c:91ff:fef1:eef9 site02.com - [29/Mar/2021:16:12:47 +0200] "GET / HTTP/1.1" 200 1958 "-" "Ruby, Mozilla/5.0 (Windows; U; Windows NT 5.1; en-GB; rv:1.8.1.6) Gecko/20070725 Firefox/2.0.0.6"
5.196.102.147 site02.com - [29/Mar/2021:16:12:51 +0200] "GET / HTTP/1.1" 200 1958 "http://m.shopinannarbor.com/redirect.aspx?url=https://site02.com/" "Mozilla/5.0 (Windows NT 6.1) AppleWebKit/537.36 (KHTML, like Gecko) Chrome/67.0.3396.87 Safari/537.36"
157.7.106.12 site02.com - [29/Mar/2021:16:12:52 +0200] "GET / HTTP/1.1" 200 5639 "-" "LWP::Simple/5.64"
157.7.106.91 site02.com - [29/Mar/2021:16:12:57 +0200] "GET / HTTP/1.1" 200 5639 "-" "LWP::Simple/5.64"
59.106.13.114 site02.com - [29/Mar/2021:16:12:59 +0200] "GET / HTTP/1.1" 200 5639 "-" "LWP::Simple/5.64"
173.201.196.105 site02.com - [29/Mar/2021:16:13:10 +0200] "GET / HTTP/1.1" 200 5639 "-" "MagpieRSS/0.72 \\(+http://magpierss.sf.net\\)"
157.7.106.113 site02.com - [29/Mar/2021:16:13:18 +0200] "GET / HTTP/1.1" 200 5639 "-" "LWP::Simple/5.64"
157.7.106.90 site02.com - [29/Mar/2021:16:13:25 +0200] "GET / HTTP/1.1" 200 5639 "-" "LWP::Simple/5.64"
2001:e42:102:1814:160:16:225:231 site02.com - [29/Mar/2021:16:13:25 +0200] "GET / HTTP/1.1" 200 5639 "-" "MagpieRSS/0.72 \\(+http://magpierss.sf.net\\)"
5.196.102.147 site02.com - [29/Mar/2021:16:13:28 +0200] "GET / HTTP/1.1" 200 1958 "http://foundation.hawthornfc.com.au/analytics/outbound?url=https://site02.com/" "Mozilla/5.0 (Macintosh; Intel Mac OS X 10_11_6) AppleWebKit/537.36 (KHTML, like Gecko) Chrome/66.0.3359.181 Safari/537.36"
157.7.105.243 site02.com - [29/Mar/2021:16:13:33 +0200] "GET / HTTP/1.1" 200 5639 "-" "LWP::Simple/5.64"
219.94.129.80 site02.com - [29/Mar/2021:16:13:35 +0200] "GET / HTTP/1.1" 200 5639 "-" "LWP::Simple/5.64"
27.254.152.7 site02.com - [29/Mar/2021:16:13:37 +0200] "GET / HTTP/1.1" 200 1958 "-" "MagpieRSS/0.72 (+http://magpierss.sf.net)"
88.208.252.157 site02.com - [29/Mar/2021:16:13:40 +0200] "GET / HTTP/1.1" 200 5639 "http://www.internetsupervision.com/urlcheck" "Mozilla/4.0 (compatible; MSIE 6.0; Windows NT 5.0; UrlCheck)"
12.171.94.54 site02.com - [29/Mar/2021:16:13:40 +0200] "GET / HTTP/1.1" 200 5639 "http://www.internetsupervision.com/urlcheck" "Mozilla/4.0 (compatible; MSIE 6.0; Windows NT 5.0; UrlCheck)"
76.80.187.66 site02.com - [29/Mar/2021:16:13:40 +0200] "GET / HTTP/1.1" 200 5639 "http://www.internetsupervision.com/urlcheck" "Mozilla/4.0 (compatible; MSIE 6.0; Windows NT 5.0; UrlCheck)"
157.7.106.165 site02.com - [29/Mar/2021:16:13:44 +0200] "GET / HTTP/1.1" 200 5639 "-" "LWP::Simple/5.64"
219.94.128.60 site02.com - [29/Mar/2021:16:13:47 +0200] "GET / HTTP/1.1" 200 5639 "-" "LWP::Simple/5.64"
157.7.105.239 site02.com - [29/Mar/2021:16:13:48 +0200] "GET / HTTP/1.1" 200 5639 "-" "LWP::Simple/5.64"
157.7.104.92 site02.com - [29/Mar/2021:16:13:49 +0200] "GET / HTTP/1.1" 200 5639 "-" "LWP::Simple/5.64"
66.45.225.10 site02.com - [29/Mar/2021:16:14:12 +0200] "GET / HTTP/1.1" 200 5639 "-" "Mozilla/4.0 (compatible; MSIE 5.01; Windows NT 5.0)"
87.236.20.102 site02.com - [29/Mar/2021:16:14:13 +0200] "GET / HTTP/1.1" 200 5639 "-" "-"
157.7.106.9 site02.com - [29/Mar/2021:16:14:14 +0200] "GET / HTTP/1.1" 200 5639 "-" "LWP::Simple/5.64"
133.18.66.21 site02.com - [29/Mar/2021:16:14:15 +0200] "GET / HTTP/1.1" 200 5639 "-" "LWP::Simple/5.64"
202.172.28.44 site02.com - [29/Mar/2021:16:14:19 +0200] "GET / HTTP/1.1" 200 5639 "-" "LWP::Simple/5.64"
219.94.128.180 site02.com - [29/Mar/2021:16:14:20 +0200] "GET / HTTP/1.1" 200 5639 "-" "LWP::Simple/5.64"
157.7.106.104 site02.com - [29/Mar/2021:16:14:20 +0200] "GET / HTTP/1.1" 200 1958 "-" "-"
210.188.201.173 site02.com - [29/Mar/2021:16:14:21 +0200] "GET / HTTP/1.1" 200 5639 "-" "MagpieRSS/0.72 \\(+http://magpierss.sf.net\\)"
157.7.106.172 site02.com - [29/Mar/2021:16:14:24 +0200] "GET / HTTP/1.1" 200 5639 "-" "LWP::Simple/5.64"
202.181.97.44 site02.com - [29/Mar/2021:16:14:28 +0200] "GET / HTTP/1.1" 200 5639 "-" "LWP::Simple/5.64"
219.94.162.108 site02.com - [29/Mar/2021:16:14:32 +0200] "GET / HTTP/1.1" 200 5639 "-" "LWP::Simple/6.00 libwww-perl/6.05"
219.94.128.161 site02.com - [29/Mar/2021:16:14:33 +0200] "GET / HTTP/1.1" 200 5639 "-" "LWP::Simple/5.64"
185.195.25.72 site02.com - [29/Mar/2021:16:14:38 +0200] "GET / HTTP/1.1" 200 5639 "-" "-"
157.7.106.9 site02.com - [29/Mar/2021:16:14:41 +0200] "GET / HTTP/1.1" 200 5639 "-" "LWP::Simple/5.64"
58.80.137.167 site02.com - [29/Mar/2021:16:14:45 +0200] "GET / HTTP/1.1" 200 5639 "-" "LWP::Simple/5.64"
157.7.105.232 site02.com - [29/Mar/2021:16:14:48 +0200] "GET / HTTP/1.1" 200 5639 "-" "LWP::Simple/5.64"
58.80.137.164 site02.com - [29/Mar/2021:16:14:52 +0200] "GET / HTTP/1.1" 200 5639 "-" "LWP::Simple/5.64"
150.95.9.18 site02.com - [29/Mar/2021:16:14:57 +0200] "GET / HTTP/1.1" 200 5639 "-" "LWP::Simple/5.64"
202.181.97.55 site02.com - [29/Mar/2021:16:15:03 +0200] "GET / HTTP/1.1" 200 5639 "-" "LWP::Simple/5.64"
52.38.203.67 site02.com - [29/Mar/2021:16:15:03 +0200] "GET / HTTP/1.1" 200 5639 "-" "MagpieRSS/0.72 \\(+http://magpierss.sf.net\\)"
157.7.188.161 site02.com - [29/Mar/2021:16:15:03 +0200] "GET / HTTP/1.1" 200 5639 "-" "MagpieRSS/0.72 \\(+http://magpierss.sf.net\\)"
157.7.105.133 site02.com - [29/Mar/2021:16:15:09 +0200] "GET / HTTP/1.1" 200 5639 "-" "LWP::Simple/5.64"
202.181.99.82 site02.com - [29/Mar/2021:16:15:11 +0200] "GET / HTTP/1.1" 200 5639 "-" "LWP::Simple/5.64"
2a03:b0c0:3:e0::193:2001 site02.com - [29/Mar/2021:16:15:13 +0200] "GET / HTTP/1.1" 200 5639 "-" "MagpieRSS/0.72 \\(+http://magpierss.sf.net\\)"
182.93.125.101 site02.com - [29/Mar/2021:16:15:15 +0200] "GET / HTTP/1.1" 200 5639 "-" "MagpieRSS/0.72 \\(+http://magpierss.sf.net\\)"
219.94.128.73 site02.com - [29/Mar/2021:16:15:17 +0200] "GET / HTTP/1.1" 200 5639 "-" "LWP::Simple/5.64"
157.7.106.9 site02.com - [29/Mar/2021:16:15:19 +0200] "GET / HTTP/1.1" 200 5639 "-" "LWP::Simple/5.64"
59.106.19.195 site02.com - [29/Mar/2021:16:15:19 +0200] "GET / HTTP/1.1" 200 5639 "-" "LWP::Simple/5.64"
122.28.38.215 site02.com - [29/Mar/2021:16:15:21 +0200] "GET / HTTP/1.1" 200 5639 "-" "MagpieRSS/0.72 \\(+http://magpierss.sf.net\\)"
59.106.19.77 site02.com - [29/Mar/2021:16:15:22 +0200] "GET / HTTP/1.1" 200 5639 "-" "LWP::Simple/5.64"
2607:5300:61:768:: site02.com - [29/Mar/2021:16:15:23 +0200] "GET / HTTP/1.1" 200 5639 "-" "MagpieRSS/0.72 \\(+http://magpierss.sf.net\\)"
157.7.106.102 site02.com - [29/Mar/2021:16:15:24 +0200] "GET / HTTP/1.1" 200 5639 "-" "LWP::Simple/5.64"
219.94.162.18 site02.com - [29/Mar/2021:16:15:26 +0200] "GET / HTTP/1.1" 200 5639 "-" "LWP::Simple/5.64"
91.196.124.230 site02.com - [29/Mar/2021:16:15:27 +0200] "GET / HTTP/1.1" 200 5639 "-" "-"
202.191.112.38 site02.com - [29/Mar/2021:16:15:30 +0200] "GET / HTTP/1.1" 200 5639 "-" "LWP::Simple/5.64"
91.196.124.230 site02.com - [29/Mar/2021:16:15:33 +0200] "GET / HTTP/1.1" 200 5639 "-" "-"
59.106.19.143 site02.com - [29/Mar/2021:16:15:33 +0200] "GET / HTTP/1.1" 200 5639 "-" "LWP::Simple/5.64"
59.106.171.52 site02.com - [29/Mar/2021:16:15:34 +0200] "GET / HTTP/1.1" 200 5639 "-" "LWP::Simple/5.64"
157.7.106.16 site02.com - [29/Mar/2021:16:15:36 +0200] "GET / HTTP/1.1" 200 5639 "-" "LWP::Simple/5.64"
203.145.249.2 site02.com - [29/Mar/2021:16:15:36 +0200] "GET / HTTP/1.1" 200 1958 "-" "MagpieRSS/0.72 (+http://magpierss.sf.net)"
219.94.192.92 site02.com - [29/Mar/2021:16:15:41 +0200] "GET / HTTP/1.1" 200 5639 "-" "LWP::Simple/5.64"
183.181.99.12 site02.com - [29/Mar/2021:16:15:41 +0200] "GET / HTTP/1.1" 200 5639 "-" "MagpieRSS/0.72 \\(+http://magpierss.sf.net\\)"
157.7.188.248 site02.com - [29/Mar/2021:16:15:46 +0200] "GET / HTTP/1.1" 200 5639 "-" "LWP::Simple/5.64"
157.7.106.170 site02.com - [29/Mar/2021:16:15:46 +0200] "GET / HTTP/1.1" 200 5639 "-" "MagpieRSS/0.72 \\(+http://magpierss.sf.net\\)"
5.196.102.147 site02.com - [29/Mar/2021:16:15:53 +0200] "GET / HTTP/1.1" 200 1958 "http://www.vicsport.org.au/analytics/outbound?url=https://site02.com/" "Mozilla/5.0 (Windows NT 6.1; WOW64) AppleWebKit/537.36 (KHTML, like Gecko) Chrome/54.0.2840.59 Safari/537.36 115Browser/8.3.0"
82.165.80.130 site02.com - [29/Mar/2021:16:15:53 +0200] "GET / HTTP/1.1" 200 5639 "-" "-"
150.95.8.207 site02.com - [29/Mar/2021:16:15:55 +0200] "GET / HTTP/1.1" 200 5639 "-" "LWP::Simple/5.64"
157.7.106.4 site02.com - [29/Mar/2021:16:15:56 +0200] "GET / HTTP/1.1" 200 5639 "-" "LWP::Simple/5.64"
150.60.10.1 site02.com - [29/Mar/2021:16:15:59 +0200] "GET / HTTP/1.1" 200 5639 "-" "LWP::Simple/5.64"
202.172.28.118 site02.com - [29/Mar/2021:16:15:59 +0200] "GET / HTTP/1.1" 200 5639 "-" "LWP::Simple/5.64"
157.7.105.244 site02.com - [29/Mar/2021:16:16:07 +0200] "GET / HTTP/1.1" 200 5639 "-" "LWP::Simple/5.64"
5.255.231.41 site06.com - [29/Mar/2021:16:16:08 +0200] "GET /formation-php HTTP/1.1" 404 9825 "-" "Mozilla/5.0 (compatible; YandexBot/3.0; +http://yandex.com/bots)"
219.94.129.163 site02.com - [29/Mar/2021:16:16:08 +0200] "GET / HTTP/1.1" 200 5639 "-" "LWP::Simple/5.64"
91.134.248.253 site06.com - [29/Mar/2021:16:16:09 +0200] "POST /wp-cron.php?doing_wp_cron=1617027369.1473710536956787109375 HTTP/1.1" 200 25 "https://site06.com/wp-cron.php?doing_wp_cron=1617027369.1473710536956787109375" "WordPress/5.6.2; https://site06.com"
211.10.17.2 site02.com - [29/Mar/2021:16:16:12 +0200] "GET / HTTP/1.1" 200 5639 "-" "LWP::Simple/5.64"
192.185.4.39 site02.com - [29/Mar/2021:16:16:28 +0200] "GET / HTTP/1.1" 200 1958 "-" "MagpieRSS/0.72 (+http://magpierss.sf.net)"
2001:67c:2070:c88e::1 site02.com - [29/Mar/2021:16:16:33 +0200] "GET / HTTP/1.1" 200 5639 "-" "PHP (www.dingo.com.ua), hosted by www.ukraine.com.ua"
59.106.19.179 site02.com - [29/Mar/2021:16:16:33 +0200] "GET / HTTP/1.1" 200 5639 "-" "LWP::Simple/5.64"
2001:67c:2070:c88e::1 site02.com - [29/Mar/2021:16:16:35 +0200] "GET / HTTP/1.1" 200 5639 "-" "PHP (www.dingo.com.ua), hosted by www.ukraine.com.ua"
2001:67c:2070:c88e::1 site02.com - [29/Mar/2021:16:16:37 +0200] "GET / HTTP/1.1" 200 5639 "-" "PHP (www.dingo.com.ua), hosted by www.ukraine.com.ua"
3.87.4.99 site02.com - [29/Mar/2021:16:16:44 +0200] "GET / HTTP/1.1" 200 1958 "-" "PocketParser/2.0 (+https://getpocket.com/pocketparser_ua)"
