2001:e42:102:1814:160:16:225:231 site02.com - [29/Mar/2021:09:50:30 +0200] "GET / HTTP/1.1" 200 5639 "-" "MagpieRSS/0.72 \\(+http://magpierss.sf.net\\)"
157.7.106.90 site02.com - [29/Mar/2021:09:50:31 +0200] "GET / HTTP/1.1" 200 5639 "-" "LWP::Simple/5.64"
5.196.102.147 site02.com - [29/Mar/2021:09:50:33 +0200] "GET / HTTP/1.1" 200 1958 "http://foundation.hawthornfc.com.au/analytics/outbound?url=https://site02.com/" "Mozilla/5.0 (Windows NT 10.0; WOW64; Trident/7.0; MDDCJS; rv:11.0) like Gecko,gzip(gfe)"
157.7.105.243 site02.com - [29/Mar/2021:09:50:38 +0200] "GET / HTTP/1.1" 200 5639 "-" "LWP::Simple/5.64"
219.94.129.80 site02.com - [29/Mar/2021:09:50:39 +0200] "GET / HTTP/1.1" 200 5639 "-" "LWP::Simple/5.64"
27.254.152.7 site02.com - [29/Mar/2021:09:50:39 +0200] "GET / HTTP/1.1" 200 1958 "-" "MagpieRSS/0.72 (+http://magpierss.sf.net)"
157.7.106.165 site02.com - [29/Mar/2021:09:50:45 +0200] "GET / HTTP/1.1" 200 5639 "-" "LWP::Simple/5.64"
219.94.128.60 site02.com - [29/Mar/2021:09:50:48 +0200] "GET / HTTP/1.1" 200 5639 "-" "LWP::Simple/5.64"
157.7.105.239 site02.com - [29/Mar/2021:09:50:49 +0200] "GET / HTTP/1.1" 200 5639 "-" "LWP::Simple/5.64"
66.45.225.10 site02.com - [29/Mar/2021:09:51:18 +0200] "GET / HTTP/1.1" 200 5639 "-" "Mozilla/4.0 (compatible; MSIE 5.01; Windows NT 5.0)"
87.236.20.102 site02.com - [29/Mar/2021:09:51:18 +0200] "GET / HTTP/1.1" 200 5639 "-" "-"
5.196.102.147 site02.com - [29/Mar/2021:09:51:19 +0200] "GET / HTTP/1.1" 200 1958 "http://mezhdu.net/bitrix/rk.php?goto=https://site02.com/" "Mozilla/5.0 (compatible; MSIE 9.0; Windows NT 6.1; WOW64; Trident/5.0; SLCC2; .NET CLR 2.0.50727; .NET CLR 3.5.30729; .NET CLR 3.0.30729; .NET4.0C; .NET4.0E)"
157.7.106.9 site02.com - [29/Mar/2021:09:51:20 +0200] "GET / HTTP/1.1" 200 5639 "-" "LWP::Simple/5.64"
133.18.66.21 site02.com - [29/Mar/2021:09:51:20 +0200] "GET / HTTP/1.1" 200 5639 "-" "LWP::Simple/5.64"
202.172.28.44 site02.com - [29/Mar/2021:09:51:24 +0200] "GET / HTTP/1.1" 200 5639 "-" "LWP::Simple/5.64"
219.94.128.180 site02.com - [29/Mar/2021:09:51:25 +0200] "GET / HTTP/1.1" 200 5639 "-" "LWP::Simple/5.64"
210.188.201.173 site02.com - [29/Mar/2021:09:51:27 +0200] "GET / HTTP/1.1" 200 5639 "-" "MagpieRSS/0.72 \\(+http://magpierss.sf.net\\)"
157.7.106.172 site02.com - [29/Mar/2021:09:51:29 +0200] "GET / HTTP/1.1" 200 5639 "-" "LWP::Simple/5.64"
157.7.106.104 site02.com - [29/Mar/2021:09:51:30 +0200] "GET / HTTP/1.1" 200 1958 "-" "-"
202.181.97.44 site02.com - [29/Mar/2021:09:51:33 +0200] "GET / HTTP/1.1" 200 5639 "-" "LWP::Simple/5.64"
2001:19f0:6001:c2d:5400:2ff:fe6a:c6df site02.com - [29/Mar/2021:09:51:34 +0200] "GET / HTTP/1.1" 200 5639 "-" "-"
219.94.162.108 site02.com - [29/Mar/2021:09:51:38 +0200] "GET / HTTP/1.1" 200 5639 "-" "LWP::Simple/6.00 libwww-perl/6.05"
219.94.128.161 site02.com - [29/Mar/2021:09:51:38 +0200] "GET / HTTP/1.1" 200 5639 "-" "LWP::Simple/5.64"
34.66.9.117 site02.com - [29/Mar/2021:09:51:43 +0200] "GET / HTTP/1.1" 200 5639 "-" "MagpieRSS/0.72 \\(+http://magpierss.sf.net\\)"
185.195.25.72 site02.com - [29/Mar/2021:09:51:43 +0200] "GET / HTTP/1.1" 200 5639 "-" "-"
157.7.106.9 site02.com - [29/Mar/2021:09:51:46 +0200] "GET / HTTP/1.1" 200 5639 "-" "LWP::Simple/5.64"
58.80.137.167 site02.com - [29/Mar/2021:09:51:50 +0200] "GET / HTTP/1.1" 200 5639 "-" "LWP::Simple/5.64"
157.7.105.232 site02.com - [29/Mar/2021:09:51:53 +0200] "GET / HTTP/1.1" 200 5639 "-" "LWP::Simple/5.64"
58.80.137.164 site02.com - [29/Mar/2021:09:51:58 +0200] "GET / HTTP/1.1" 200 5639 "-" "LWP::Simple/5.64"
150.95.9.18 site02.com - [29/Mar/2021:09:52:05 +0200] "GET / HTTP/1.1" 200 5639 "-" "LWP::Simple/5.64"
202.181.97.55 site02.com - [29/Mar/2021:09:52:10 +0200] "GET / HTTP/1.1" 200 5639 "-" "LWP::Simple/5.64"
157.7.188.161 site02.com - [29/Mar/2021:09:52:11 +0200] "GET / HTTP/1.1" 200 5639 "-" "MagpieRSS/0.72 \\(+http://magpierss.sf.net\\)"
52.38.203.67 site02.com - [29/Mar/2021:09:52:12 +0200] "GET / HTTP/1.1" 200 5639 "-" "MagpieRSS/0.72 \\(+http://magpierss.sf.net\\)"
157.7.105.133 site02.com - [29/Mar/2021:09:52:17 +0200] "GET / HTTP/1.1" 200 5639 "-" "LWP::Simple/5.64"
202.181.99.82 site02.com - [29/Mar/2021:09:52:19 +0200] "GET / HTTP/1.1" 200 5639 "-" "LWP::Simple/5.64"
2a03:b0c0:3:e0::193:2001 site02.com - [29/Mar/2021:09:52:20 +0200] "GET / HTTP/1.1" 200 5639 "-" "MagpieRSS/0.72 \\(+http://magpierss.sf.net\\)"
182.93.125.101 site02.com - [29/Mar/2021:09:52:22 +0200] "GET / HTTP/1.1" 200 5639 "-" "MagpieRSS/0.72 \\(+http://magpierss.sf.net\\)"
59.106.19.195 site02.com - [29/Mar/2021:09:52:24 +0200] "GET / HTTP/1.1" 200 5639 "-" "LWP::Simple/5.64"
219.94.162.239 site02.com - [29/Mar/2021:09:52:24 +0200] "GET / HTTP/1.1" 200 5639 "-" "LWP::Simple/5.64"
157.7.106.9 site02.com - [29/Mar/2021:09:52:25 +0200] "GET / HTTP/1.1" 200 5639 "-" "LWP::Simple/5.64"
59.106.19.77 site02.com - [29/Mar/2021:09:52:27 +0200] "GET / HTTP/1.1" 200 5639 "-" "LWP::Simple/5.64"
2607:5300:61:768:: site02.com - [29/Mar/2021:09:52:29 +0200] "GET / HTTP/1.1" 200 5639 "-" "MagpieRSS/0.72 \\(+http://magpierss.sf.net\\)"
157.7.106.102 site02.com - [29/Mar/2021:09:52:29 +0200] "GET / HTTP/1.1" 200 5639 "-" "LWP::Simple/5.64"
122.28.38.215 site02.com - [29/Mar/2021:09:52:30 +0200] "GET / HTTP/1.1" 200 5639 "-" "MagpieRSS/0.72 \\(+http://magpierss.sf.net\\)"
219.94.162.18 site02.com - [29/Mar/2021:09:52:32 +0200] "GET / HTTP/1.1" 200 5639 "-" "LWP::Simple/5.64"
91.196.124.230 site02.com - [29/Mar/2021:09:52:33 +0200] "GET / HTTP/1.1" 200 5639 "-" "-"
91.196.124.230 site02.com - [29/Mar/2021:09:52:34 +0200] "GET / HTTP/1.1" 200 5639 "-" "-"
202.191.112.38 site02.com - [29/Mar/2021:09:52:35 +0200] "GET / HTTP/1.1" 200 5639 "-" "LWP::Simple/5.64"
59.106.171.52 site02.com - [29/Mar/2021:09:52:40 +0200] "GET / HTTP/1.1" 200 5639 "-" "LWP::Simple/5.64"
203.145.249.2 site02.com - [29/Mar/2021:09:52:41 +0200] "GET / HTTP/1.1" 200 1958 "-" "MagpieRSS/0.72 (+http://magpierss.sf.net)"
157.7.106.16 site02.com - [29/Mar/2021:09:52:42 +0200] "GET / HTTP/1.1" 200 5639 "-" "LWP::Simple/5.64"
219.94.192.92 site02.com - [29/Mar/2021:09:52:46 +0200] "GET / HTTP/1.1" 200 5639 "-" "LWP::Simple/5.64"
183.181.99.12 site02.com - [29/Mar/2021:09:52:49 +0200] "GET / HTTP/1.1" 200 5639 "-" "MagpieRSS/0.72 \\(+http://magpierss.sf.net\\)"
157.7.188.248 site02.com - [29/Mar/2021:09:52:53 +0200] "GET / HTTP/1.1" 200 5639 "-" "LWP::Simple/5.64"
157.7.106.170 site02.com - [29/Mar/2021:09:52:54 +0200] "GET / HTTP/1.1" 200 5639 "-" "MagpieRSS/0.72 \\(+http://magpierss.sf.net\\)"
5.196.102.147 site02.com - [29/Mar/2021:09:52:59 +0200] "GET / HTTP/1.1" 200 1958 "http://www.vicsport.org.au/analytics/outbound?url=https://site02.com/" "Mozilla/5.0 (Windows NT 6.1; WOW64) AppleWebKit/537.36 (KHTML, like Gecko) Chrome/66.0.3359.139 Safari/537.36"
82.165.80.130 site02.com - [29/Mar/2021:09:53:00 +0200] "GET / HTTP/1.1" 200 5639 "-" "-"
150.95.8.207 site02.com - [29/Mar/2021:09:53:01 +0200] "GET / HTTP/1.1" 200 5639 "-" "LWP::Simple/5.64"
157.7.106.4 site02.com - [29/Mar/2021:09:53:03 +0200] "GET / HTTP/1.1" 200 5639 "-" "LWP::Simple/5.64"
150.60.10.1 site02.com - [29/Mar/2021:09:53:06 +0200] "GET / HTTP/1.1" 200 5639 "-" "LWP::Simple/5.64"
202.172.28.118 site02.com - [29/Mar/2021:09:53:06 +0200] "GET / HTTP/1.1" 200 5639 "-" "LWP::Simple/5.64"
5.196.102.147 site02.com - [29/Mar/2021:09:53:12 +0200] "GET / HTTP/1.1" 200 1958 "http://xn--d1abdw2b.net/bitrix/rk.php?id=326&site_id=s1&event1=banner&event2=click&event3=156+%2F+%5B326%5D+%5BNAVIGATOR_LEFT_2%5D+%D0%93%D1%80%D0%B0%D0%BD%D0%B8%D1%82&goto=https://site02.com/" "Mozilla/5.0 (Windows NT 6.3) AppleWebKit/537.36 (KHTML, like Gecko) Chrome/65.0.3325.181 Safari/537.36 OPR/52.0.2871.40"
157.7.105.244 site02.com - [29/Mar/2021:09:53:15 +0200] "GET / HTTP/1.1" 200 5639 "-" "LWP::Simple/5.64"
219.94.129.163 site02.com - [29/Mar/2021:09:53:16 +0200] "GET / HTTP/1.1" 200 5639 "-" "LWP::Simple/5.64"
211.10.17.2 site02.com - [29/Mar/2021:09:53:18 +0200] "GET / HTTP/1.1" 200 5639 "-" "LWP::Simple/5.64"
192.185.4.39 site02.com - [29/Mar/2021:09:53:33 +0200] "GET / HTTP/1.1" 200 1958 "-" "MagpieRSS/0.72 (+http://magpierss.sf.net)"
2001:67c:2070:c88e::1 site02.com - [29/Mar/2021:09:53:36 +0200] "GET / HTTP/1.1" 200 5639 "-" "PHP (www.dingo.com.ua), hosted by www.ukraine.com.ua"
59.106.19.179 site02.com - [29/Mar/2021:09:53:37 +0200] "GET / HTTP/1.1" 200 5639 "-" "LWP::Simple/5.64"
2001:67c:2070:c88e::1 site02.com - [29/Mar/2021:09:53:37 +0200] "GET / HTTP/1.1" 200 5639 "-" "PHP (www.dingo.com.ua), hosted by www.ukraine.com.ua"
2001:67c:2070:c88e::1 site02.com - [29/Mar/2021:09:53:38 +0200] "GET / HTTP/1.1" 200 5639 "-" "PHP (www.dingo.com.ua), hosted by www.ukraine.com.ua"
3.87.4.99 site02.com - [29/Mar/2021:09:53:48 +0200] "GET / HTTP/1.1" 200 1958 "-" "PocketParser/2.0 (+https://getpocket.com/pocketparser_ua)"
2401:2500:102:3035:153:126:199:248 site02.com - [29/Mar/2021:09:53:51 +0200] "GET / HTTP/1.1" 200 1958 "http://www.yahoo.co.jp/" "Mozilla/5.0 (Macintosh; Intel Mac OS X 10.16; rv:85.0) Gecko/20100101 Firefox/85.0"
133.18.34.65 site02.com - [29/Mar/2021:09:53:55 +0200] "GET / HTTP/1.1" 200 5639 "-" "LWP::Simple/5.64"
35.197.95.6 site02.com - [29/Mar/2021:09:53:58 +0200] "GET / HTTP/1.1" 200 1958 "https://jguitar.com/tabmap?url=https://site02.com/" "JGuitar.com Tab Mapper - http://jguitar.com/tabmap"
202.181.99.73 site02.com - [29/Mar/2021:09:54:09 +0200] "GET / HTTP/1.1" 200 5639 "-" "LWP::Simple/5.64"
5.8.64.47 site02.com - [29/Mar/2021:09:54:23 +0200] "GET / HTTP/1.1" 200 5639 "-" "-"
85.13.130.114 site02.com - [29/Mar/2021:09:54:28 +0200] "GET / HTTP/1.1" 200 5639 "-" "-"
195.154.113.33 site02.com - [29/Mar/2021:09:54:31 +0200] "GET / HTTP/1.1" 200 1958 "-" "MagpieRSS/0.72 (+http://magpierss.sf.net)"
34.232.82.54 site02.com - [29/Mar/2021:09:54:32 +0200] "GET / HTTP/1.1" 200 1958 "-" "hxl-proxy/tagger"
195.201.34.52 site02.com - [29/Mar/2021:09:54:48 +0200] "GET / HTTP/1.1" 200 5639 "-" "Mozilla/4.0 (compatible; MSIE 6.0; Windows NT 5.1; SV1; .NET CLR 1.0.3705; .NET CLR 1.1.4322)"
5.196.102.147 site02.com - [29/Mar/2021:09:54:49 +0200] "GET / HTTP/1.1" 200 1958 "https://vicsport.com.au/analytics/outbound?url=https://site02.com/" "Mozilla/5.0 (Windows NT 10.0; WOW64) AppleWebKit/537.36 (KHTML, like Gecko) DownloaderChrome/62.0.3202.75 Safari/537.36"
160.16.127.62 site02.com - [29/Mar/2021:09:54:55 +0200] "GET / HTTP/1.1" 200 5639 "-" "MagpieRSS/0.72 \\(+http://magpierss.sf.net\\)"
5.196.102.147 site02.com - [29/Mar/2021:09:55:05 +0200] "GET / HTTP/1.1" 200 1958 "https://www.cossa.ru/bitrix/redirect.php?event1=click&event2=&event3=&goto=https://site02.com/" "Mozilla/5.0 (MSIE 9.0; qdesk 2.4.1266.203; Windows NT 6.1; WOW64; Trident/7.0; rv:11.0) like Gecko"
183.181.79.124 site02.com - [29/Mar/2021:09:55:10 +0200] "GET / HTTP/1.1" 200 1958 "-" "MagpieRSS/0.72 (+http://magpierss.sf.net)"
35.195.243.150 site06.com - [29/Mar/2021:09:55:28 +0200] "GET / HTTP/1.1" 301 - "-" "Mozilla/5.0 (Windows NT 10.0; rv:80.0) Gecko/20100101 Firefox/80.0 /Ygritte"
209.120.227.2 site06.com - [29/Mar/2021:09:55:29 +0200] "GET / HTTP/1.1" 301 - "-" "Mozilla/5.0 (Windows NT 10.0; rv:80.0) Gecko/20100101 Firefox/80.0 /Ygritte"
213.186.33.176 site06.com - [29/Mar/2021:09:55:30 +0200] "POST /wp-cron.php?doing_wp_cron=1617004530.1272521018981933593750 HTTP/1.1" 200 25 "http://site06.com/wp-cron.php?doing_wp_cron=1617004530.1272521018981933593750" "WordPress/5.6.2; https://site06.com"
213.186.33.176 site06.com - [29/Mar/2021:09:55:30 +0200] "POST /wp-cron.php?doing_wp_cron=1617004530.1271939277648925781250 HTTP/1.1" 200 25 "http://site06.com/wp-cron.php?doing_wp_cron=1617004530.1271939277648925781250" "WordPress/5.6.2; https://site06.com"
35.195.243.150 site06.com - [29/Mar/2021:09:55:30 +0200] "GET / HTTP/1.1" 200 3047 "-" "Mozilla/5.0 (Windows NT 10.0; rv:80.0) Gecko/20100101 Firefox/80.0 /Ygritte"
209.120.227.2 site06.com - [29/Mar/2021:09:55:31 +0200] "GET / HTTP/1.1" 200 3047 "-" "Mozilla/5.0 (Windows NT 10.0; rv:80.0) Gecko/20100101 Firefox/80.0 /Ygritte"
183.90.241.121 site02.com - [29/Mar/2021:09:55:41 +0200] "GET / HTTP/1.1" 200 1958 "-" "MagpieRSS/0.72 (+http://magpierss.sf.net)"
128.210.7.85 site02.com - [29/Mar/2021:09:55:48 +0200] "GET / HTTP/1.1" 200 5639 "-" "-"
164.46.97.238 site02.com - [29/Mar/2021:09:55:55 +0200] "GET / HTTP/1.1" 200 5639 "-" "MagpieRSS/0.72 \\(+http://magpierss.sf.net\\)"
35.194.103.147 site02.com - [29/Mar/2021:09:56:10 +0200] "GET / HTTP/1.1" 200 5639 "-" "-"
75.101.141.105 site02.com - [29/Mar/2021:09:56:33 +0200] "HEAD / HTTP/1.1" 200 - "-" "Mozilla/4.0 (compatible; Virtuoso)"
213.186.33.176 site06.com - [29/Mar/2021:10:00:36 +0200] "POST /wp-cron.php?doing_wp_cron=1617004836.2647819519042968750000 HTTP/1.1" 200 25 "http://site06.com/wp-cron.php?doing_wp_cron=1617004836.2647819519042968750000" "WordPress/5.6.2; https://site06.com"
106.38.241.129 www.site06.com - [29/Mar/2021:10:00:36 +0200] "GET / HTTP/1.1" 301 - "-" "Sogou web spider/4.0(+http://www.sogou.com/docs/help/webmasters.htm#07)"
148.72.203.161 site02.com - [29/Mar/2021:10:01:11 +0200] "GET / HTTP/1.1" 200 5639 "-" "Mozilla/5.0 (Windows NT 6.3) AppleWebKit/537.36 (KHTML, like Gecko) Chrome/65.0.3325.181 Safari/537.36 OPR/52.0.2871.40"
47.52.151.237 site02.com - [29/Mar/2021:10:01:13 +0200] "GET / HTTP/1.1" 200 5639 "-" "Mozilla\\/5.0 (iPhone; CPU iPhone OS 8_0 like Mac OS X) AppleWebKit\\/600.1.3 (KHTML, like Gecko) Version\\/8.0 Mobile\\/12A4345d Safari\\/600.1.4"
2a03:6f00:1::5c35:60c8 site02.com - [29/Mar/2021:10:01:19 +0200] "GET / HTTP/1.1" 200 5639 "https://site02.com/" "Mozilla/5.0 (Windows NT 10.0; WOW64; rv:56.0) Gecko/20100101 Firefox/56.0"
2a02:4780:1:1::1:902d site02.com - [29/Mar/2021:10:01:59 +0200] "GET / HTTP/1.1" 200 1958 "-" "Salt 1.0"
2600:3c03::f03c:91ff:fef1:eef9 site02.com - [29/Mar/2021:10:02:14 +0200] "GET / HTTP/1.1" 200 1958 "-" "Ruby, Mozilla/5.0 (Windows; U; Windows NT 5.1; en-GB; rv:1.8.1.6) Gecko/20070725 Firefox/2.0.0.6"
208.113.210.212 site02.com - [29/Mar/2021:10:02:15 +0200] "GET / HTTP/1.1" 200 5639 "www.neutrality.wtf" "MozillaXYZ/1.0"
106.38.241.119 site06.com - [29/Mar/2021:10:09:46 +0200] "GET / HTTP/1.1" 200 3047 "-" "Sogou web spider/4.0(+http://www.sogou.com/docs/help/webmasters.htm#07)"
213.186.33.176 site06.com - [29/Mar/2021:10:10:49 +0200] "POST /wp-cron.php?doing_wp_cron=1617005449.2322430610656738281250 HTTP/1.1" 200 25 "http://site06.com/wp-cron.php?doing_wp_cron=1617005449.2322430610656738281250" "WordPress/5.6.2; https://site06.com"
114.119.144.176 www.site06.com - [29/Mar/2021:10:10:49 +0200] "GET /robots.txt HTTP/1.1" 301 - "-" "(compatible;PetalBot;+https://aspiegel.com/petalbot)"
114.119.144.176 site06.com - [29/Mar/2021:10:10:50 +0200] "GET /robots.txt HTTP/1.1" 200 118 "-" "(compatible;PetalBot;+https://aspiegel.com/petalbot)"
2604:a880:2:d0::29:4001 site02.com - [29/Mar/2021:10:12:09 +0200] "GET / HTTP/1.1" 200 5639 "https://site02.com/" "Hash Archive (https://github.com/btrask/hash-archive)"
161.69.99.11 site02.com - [29/Mar/2021:10:15:07 +0200] "GET / HTTP/1.1" 200 1958 "-" "Mozilla/5.0 (Windows NT 6.1; WOW64; rv:29.0) Gecko/20120101 Firefox/29.0"
91.134.248.253 site06.com - [29/Mar/2021:10:20:12 +0200] "POST /wp-cron.php?doing_wp_cron=1617006012.4076440334320068359375 HTTP/1.1" 200 25 "https://site06.com/wp-cron.php?doing_wp_cron=1617006012.4076440334320068359375" "WordPress/5.6.2; https://site06.com"
54.36.148.79 site06.com - [29/Mar/2021:10:20:12 +0200] "GET /index.php/politique-de-confidentialite/ HTTP/1.1" 200 14575 "-" "Mozilla/5.0 (compatible; AhrefsBot/7.0; +http://ahrefs.com/robot/)"
5.196.102.147 site02.com - [29/Mar/2021:10:26:34 +0200] "GET / HTTP/1.1" 200 1958 "http://fbso66.ru/?wptouch_switch=desktop&redirect=https%3A%2F%2Fsite02.com%2F" "Mozilla/5.0 (X11; Ubuntu; Linux i686) AppleWebKit/537.36 (KHTML, like Gecko) Chrome/52.0.2777.35 Safari/537.36"
157.7.106.12 site02.com - [29/Mar/2021:10:26:36 +0200] "GET / HTTP/1.1" 200 5639 "-" "LWP::Simple/5.64"
157.7.106.91 site02.com - [29/Mar/2021:10:26:40 +0200] "GET / HTTP/1.1" 200 5639 "-" "LWP::Simple/5.64"
59.106.13.114 site02.com - [29/Mar/2021:10:26:41 +0200] "GET / HTTP/1.1" 200 5639 "-" "LWP::Simple/5.64"
173.201.196.105 site02.com - [29/Mar/2021:10:26:53 +0200] "GET / HTTP/1.1" 200 5639 "-" "MagpieRSS/0.72 \\(+http://magpierss.sf.net\\)"
157.7.106.113 site02.com - [29/Mar/2021:10:26:57 +0200] "GET / HTTP/1.1" 200 5639 "-" "LWP::Simple/5.64"
157.7.106.90 site02.com - [29/Mar/2021:10:27:04 +0200] "GET / HTTP/1.1" 200 5639 "-" "LWP::Simple/5.64"
5.196.102.147 site02.com - [29/Mar/2021:10:27:06 +0200] "GET / HTTP/1.1" 200 1958 "http://foundation.hawthornfc.com.au/analytics/outbound?url=https://site02.com/" "Mozilla/5.0 (Windows NT 10.0; WOW64) AppleWebKit/537.36 (KHTML, like Gecko) Chrome/63.0.3239.26 Safari/537.36 Core/1.63.4793.400 QQBrowser/10.0.745.400"
2001:e42:102:1814:160:16:225:231 site02.com - [29/Mar/2021:10:27:06 +0200] "GET / HTTP/1.1" 200 5639 "-" "MagpieRSS/0.72 \\(+http://magpierss.sf.net\\)"
157.7.105.243 site02.com - [29/Mar/2021:10:27:11 +0200] "GET / HTTP/1.1" 200 5639 "-" "LWP::Simple/5.64"
219.94.129.80 site02.com - [29/Mar/2021:10:27:12 +0200] "GET / HTTP/1.1" 200 5639 "-" "LWP::Simple/5.64"
27.254.152.7 site02.com - [29/Mar/2021:10:27:14 +0200] "GET / HTTP/1.1" 200 1958 "-" "MagpieRSS/0.72 (+http://magpierss.sf.net)"
157.7.106.165 site02.com - [29/Mar/2021:10:27:20 +0200] "GET / HTTP/1.1" 200 5639 "-" "LWP::Simple/5.64"
219.94.128.60 site02.com - [29/Mar/2021:10:27:23 +0200] "GET / HTTP/1.1" 200 5639 "-" "LWP::Simple/5.64"
157.7.105.239 site02.com - [29/Mar/2021:10:27:24 +0200] "GET / HTTP/1.1" 200 5639 "-" "LWP::Simple/5.64"
157.7.104.92 site02.com - [29/Mar/2021:10:27:25 +0200] "GET / HTTP/1.1" 200 5639 "-" "LWP::Simple/5.64"
66.45.225.10 site02.com - [29/Mar/2021:10:27:48 +0200] "GET / HTTP/1.1" 200 5639 "-" "Mozilla/4.0 (compatible; MSIE 5.01; Windows NT 5.0)"
5.196.102.147 site02.com - [29/Mar/2021:10:27:49 +0200] "GET / HTTP/1.1" 200 1958 "http://mezhdu.net/bitrix/rk.php?goto=https://site02.com/" "Mozilla/5.0 (X11; U; Linux i686; en-US; rv:1.8.1.2) Gecko/20061201 Firefox/2.0.0.2"
87.236.20.102 site02.com - [29/Mar/2021:10:27:49 +0200] "GET / HTTP/1.1" 200 5639 "-" "-"
157.7.106.9 site02.com - [29/Mar/2021:10:27:51 +0200] "GET / HTTP/1.1" 200 5639 "-" "LWP::Simple/5.64"
133.18.66.21 site02.com - [29/Mar/2021:10:27:51 +0200] "GET / HTTP/1.1" 200 5639 "-" "LWP::Simple/5.64"
202.172.28.44 site02.com - [29/Mar/2021:10:27:54 +0200] "GET / HTTP/1.1" 200 5639 "-" "LWP::Simple/5.64"
219.94.128.180 site02.com - [29/Mar/2021:10:27:55 +0200] "GET / HTTP/1.1" 200 5639 "-" "LWP::Simple/5.64"
157.7.106.104 site02.com - [29/Mar/2021:10:27:55 +0200] "GET / HTTP/1.1" 200 1958 "-" "-"
210.188.201.173 site02.com - [29/Mar/2021:10:27:56 +0200] "GET / HTTP/1.1" 200 5639 "-" "MagpieRSS/0.72 \\(+http://magpierss.sf.net\\)"
157.7.106.172 site02.com - [29/Mar/2021:10:28:00 +0200] "GET / HTTP/1.1" 200 5639 "-" "LWP::Simple/5.64"
2001:19f0:6001:c2d:5400:2ff:fe6a:c6df site02.com - [29/Mar/2021:10:28:05 +0200] "GET / HTTP/1.1" 200 5639 "-" "-"
219.94.162.108 site02.com - [29/Mar/2021:10:28:07 +0200] "GET / HTTP/1.1" 200 5639 "-" "LWP::Simple/6.00 libwww-perl/6.05"
219.94.128.161 site02.com - [29/Mar/2021:10:28:08 +0200] "GET / HTTP/1.1" 200 5639 "-" "LWP::Simple/5.64"
34.66.9.117 site02.com - [29/Mar/2021:10:28:11 +0200] "GET / HTTP/1.1" 200 5639 "-" "MagpieRSS/0.72 \\(+http://magpierss.sf.net\\)"
185.195.25.72 site02.com - [29/Mar/2021:10:28:12 +0200] "GET / HTTP/1.1" 200 5639 "-" "-"
157.7.106.9 site02.com - [29/Mar/2021:10:28:14 +0200] "GET / HTTP/1.1" 200 5639 "-" "LWP::Simple/5.64"
58.80.137.167 site02.com - [29/Mar/2021:10:28:17 +0200] "GET / HTTP/1.1" 200 5639 "-" "LWP::Simple/5.64"
157.7.105.232 site02.com - [29/Mar/2021:10:28:21 +0200] "GET / HTTP/1.1" 200 5639 "-" "LWP::Simple/5.64"
58.80.137.164 site02.com - [29/Mar/2021:10:28:25 +0200] "GET / HTTP/1.1" 200 5639 "-" "LWP::Simple/5.64"
150.95.9.18 site02.com - [29/Mar/2021:10:28:30 +0200] "GET / HTTP/1.1" 200 5639 "-" "LWP::Simple/5.64"
202.181.97.55 site02.com - [29/Mar/2021:10:28:34 +0200] "GET / HTTP/1.1" 200 5639 "-" "LWP::Simple/5.64"
157.7.188.161 site02.com - [29/Mar/2021:10:28:35 +0200] "GET / HTTP/1.1" 200 5639 "-" "MagpieRSS/0.72 \\(+http://magpierss.sf.net\\)"
52.38.203.67 site02.com - [29/Mar/2021:10:28:36 +0200] "GET / HTTP/1.1" 200 5639 "-" "MagpieRSS/0.72 \\(+http://magpierss.sf.net\\)"
157.7.105.133 site02.com - [29/Mar/2021:10:28:41 +0200] "GET / HTTP/1.1" 200 5639 "-" "LWP::Simple/5.64"
202.181.99.82 site02.com - [29/Mar/2021:10:28:42 +0200] "GET / HTTP/1.1" 200 5639 "-" "LWP::Simple/5.64"
2a03:b0c0:3:e0::193:2001 site02.com - [29/Mar/2021:10:28:44 +0200] "GET / HTTP/1.1" 200 5639 "-" "MagpieRSS/0.72 \\(+http://magpierss.sf.net\\)"
182.93.125.101 site02.com - [29/Mar/2021:10:28:46 +0200] "GET / HTTP/1.1" 200 5639 "-" "MagpieRSS/0.72 \\(+http://magpierss.sf.net\\)"
219.94.128.73 site02.com - [29/Mar/2021:10:28:48 +0200] "GET / HTTP/1.1" 200 5639 "-" "LWP::Simple/5.64"
59.106.19.195 site02.com - [29/Mar/2021:10:28:48 +0200] "GET / HTTP/1.1" 200 5639 "-" "LWP::Simple/5.64"
219.94.162.239 site02.com - [29/Mar/2021:10:28:48 +0200] "GET / HTTP/1.1" 200 5639 "-" "LWP::Simple/5.64"
157.7.106.9 site02.com - [29/Mar/2021:10:28:49 +0200] "GET / HTTP/1.1" 200 5639 "-" "LWP::Simple/5.64"
122.28.38.215 site02.com - [29/Mar/2021:10:28:50 +0200] "GET / HTTP/1.1" 200 5639 "-" "MagpieRSS/0.72 \\(+http://magpierss.sf.net\\)"
59.106.19.77 site02.com - [29/Mar/2021:10:28:51 +0200] "GET / HTTP/1.1" 200 5639 "-" "LWP::Simple/5.64"
2607:5300:61:768:: site02.com - [29/Mar/2021:10:28:52 +0200] "GET / HTTP/1.1" 200 5639 "-" "MagpieRSS/0.72 \\(+http://magpierss.sf.net\\)"
157.7.106.102 site02.com - [29/Mar/2021:10:28:53 +0200] "GET / HTTP/1.1" 200 5639 "-" "LWP::Simple/5.64"
219.94.162.18 site02.com - [29/Mar/2021:10:28:55 +0200] "GET / HTTP/1.1" 200 5639 "-" "LWP::Simple/5.64"
91.196.124.230 site02.com - [29/Mar/2021:10:28:56 +0200] "GET / HTTP/1.1" 200 5639 "-" "-"
91.196.124.230 site02.com - [29/Mar/2021:10:28:57 +0200] "GET / HTTP/1.1" 200 5639 "-" "-"
202.191.112.38 site02.com - [29/Mar/2021:10:28:58 +0200] "GET / HTTP/1.1" 200 5639 "-" "LWP::Simple/5.64"
59.106.19.143 site02.com - [29/Mar/2021:10:28:59 +0200] "GET / HTTP/1.1" 200 5639 "-" "LWP::Simple/5.64"
59.106.171.52 site02.com - [29/Mar/2021:10:29:02 +0200] "GET / HTTP/1.1" 200 5639 "-" "LWP::Simple/5.64"
203.145.249.2 site02.com - [29/Mar/2021:10:29:02 +0200] "GET / HTTP/1.1" 200 1958 "-" "MagpieRSS/0.72 (+http://magpierss.sf.net)"
157.7.106.16 site02.com - [29/Mar/2021:10:29:04 +0200] "GET / HTTP/1.1" 200 5639 "-" "LWP::Simple/5.64"
219.94.192.92 site02.com - [29/Mar/2021:10:29:07 +0200] "GET / HTTP/1.1" 200 5639 "-" "LWP::Simple/5.64"
183.181.99.12 site02.com - [29/Mar/2021:10:29:09 +0200] "GET / HTTP/1.1" 200 5639 "-" "MagpieRSS/0.72 \\(+http://magpierss.sf.net\\)"
157.7.188.248 site02.com - [29/Mar/2021:10:29:12 +0200] "GET / HTTP/1.1" 200 5639 "-" "LWP::Simple/5.64"
157.7.106.170 site02.com - [29/Mar/2021:10:29:13 +0200] "GET / HTTP/1.1" 200 5639 "-" "MagpieRSS/0.72 \\(+http://magpierss.sf.net\\)"
5.196.102.147 site02.com - [29/Mar/2021:10:29:19 +0200] "GET / HTTP/1.1" 200 1958 "http://www.vicsport.org.au/analytics/outbound?url=https://site02.com/" "Mozilla/5.0 (Macintosh; Intel Mac OS X 10_9_5) AppleWebKit/537.36 (KHTML, like Gecko) Chrome/67.0.3396.87 Safari/537.36"
82.165.80.130 site02.com - [29/Mar/2021:10:29:20 +0200] "GET / HTTP/1.1" 200 5639 "-" "-"
157.7.106.4 site02.com - [29/Mar/2021:10:29:22 +0200] "GET / HTTP/1.1" 200 5639 "-" "LWP::Simple/5.64"
150.95.8.207 site02.com - [29/Mar/2021:10:29:23 +0200] "GET / HTTP/1.1" 200 5639 "-" "LWP::Simple/5.64"
150.60.10.1 site02.com - [29/Mar/2021:10:29:24 +0200] "GET / HTTP/1.1" 200 5639 "-" "LWP::Simple/5.64"
202.172.28.118 site02.com - [29/Mar/2021:10:29:25 +0200] "GET / HTTP/1.1" 200 5639 "-" "LWP::Simple/5.64"
5.196.102.147 site02.com - [29/Mar/2021:10:29:31 +0200] "GET / HTTP/1.1" 200 1958 "http://xn--d1abdw2b.net/bitrix/rk.php?id=326&site_id=s1&event1=banner&event2=click&event3=156+%2F+%5B326%5D+%5BNAVIGATOR_LEFT_2%5D+%D0%93%D1%80%D0%B0%D0%BD%D0%B8%D1%82&goto=https://site02.com/" "Mozilla/5.0 (Windows NT 6.1; Win64; x64) AppleWebKit/537.36 (KHTML, like Gecko) Chrome/65.0.3325.181 Safari/986368"
157.7.105.244 site02.com - [29/Mar/2021:10:29:33 +0200] "GET / HTTP/1.1" 200 5639 "-" "LWP::Simple/5.64"
219.94.129.163 site02.com - [29/Mar/2021:10:29:34 +0200] "GET / HTTP/1.1" 200 5639 "-" "LWP::Simple/5.64"
211.10.17.2 site02.com - [29/Mar/2021:10:29:35 +0200] "GET / HTTP/1.1" 200 5639 "-" "LWP::Simple/5.64"
192.185.4.39 site02.com - [29/Mar/2021:10:29:50 +0200] "GET / HTTP/1.1" 200 1958 "-" "MagpieRSS/0.72 (+http://magpierss.sf.net)"
2001:67c:2070:c88e::1 site02.com - [29/Mar/2021:10:29:54 +0200] "GET / HTTP/1.1" 200 5639 "-" "PHP (www.dingo.com.ua), hosted by www.ukraine.com.ua"
59.106.19.179 site02.com - [29/Mar/2021:10:29:54 +0200] "GET / HTTP/1.1" 200 5639 "-" "LWP::Simple/5.64"
2001:67c:2070:c88e::1 site02.com - [29/Mar/2021:10:29:56 +0200] "GET / HTTP/1.1" 200 5639 "-" "PHP (www.dingo.com.ua), hosted by www.ukraine.com.ua"
2001:67c:2070:c88e::1 site02.com - [29/Mar/2021:10:29:57 +0200] "GET / HTTP/1.1" 200 5639 "-" "PHP (www.dingo.com.ua), hosted by www.ukraine.com.ua"
34.229.171.20 site02.com - [29/Mar/2021:10:30:09 +0200] "GET / HTTP/1.1" 200 1958 "-" "PocketParser/2.0 (+https://getpocket.com/pocketparser_ua)"
2401:2500:102:3035:153:126:199:248 site02.com - [29/Mar/2021:10:30:10 +0200] "GET / HTTP/1.1" 200 1958 "http://www.yahoo.co.jp/" "Mozilla/5.0 (Macintosh; Intel Mac OS X 10.16; rv:85.0) Gecko/20100101 Firefox/85.0"
133.18.34.65 site02.com - [29/Mar/2021:10:30:12 +0200] "GET / HTTP/1.1" 200 5639 "-" "LWP::Simple/5.64"
35.197.95.6 site02.com - [29/Mar/2021:10:30:14 +0200] "GET / HTTP/1.1" 200 1958 "https://jguitar.com/tabmap?url=https://site02.com/" "JGuitar.com Tab Mapper - http://jguitar.com/tabmap"
202.181.99.73 site02.com - [29/Mar/2021:10:30:19 +0200] "GET / HTTP/1.1" 200 5639 "-" "LWP::Simple/5.64"
5.8.64.47 site02.com - [29/Mar/2021:10:30:31 +0200] "GET / HTTP/1.1" 200 5639 "-" "-"
85.13.130.114 site02.com - [29/Mar/2021:10:30:37 +0200] "GET / HTTP/1.1" 200 5639 "-" "-"
195.154.113.33 site02.com - [29/Mar/2021:10:30:41 +0200] "GET / HTTP/1.1" 200 1958 "-" "MagpieRSS/0.72 (+http://magpierss.sf.net)"
34.232.82.54 site02.com - [29/Mar/2021:10:30:43 +0200] "GET / HTTP/1.1" 200 1958 "-" "hxl-proxy/tagger"
195.201.34.52 site02.com - [29/Mar/2021:10:30:59 +0200] "GET / HTTP/1.1" 200 5639 "-" "Mozilla/4.0 (compatible; MSIE 6.0; Windows NT 5.1; SV1; .NET CLR 1.0.3705; .NET CLR 1.1.4322)"
5.196.102.147 site02.com - [29/Mar/2021:10:31:02 +0200] "GET / HTTP/1.1" 200 1958 "https://vicsport.com.au/analytics/outbound?url=https://site02.com/" "Mozilla/5.0 (Windows NT 10.0; Win64; x64) AppleWebKit/537.36 (KHTML, like Gecko) Chrome/69.0.3451.0 Safari/537.36"
160.16.127.62 site02.com - [29/Mar/2021:10:31:07 +0200] "GET / HTTP/1.1" 200 5639 "-" "MagpieRSS/0.72 \\(+http://magpierss.sf.net\\)"
5.196.102.147 site02.com - [29/Mar/2021:10:31:15 +0200] "GET / HTTP/1.1" 200 1958 "https://www.cossa.ru/bitrix/redirect.php?event1=click&event2=&event3=&goto=https://site02.com/" "Mozilla/5.0 (Windows NT 5.1) AppleWebKit/537.36 (KHTML, like Gecko) Chrome/46.0.2490.6 Safari/537.36"
183.181.79.124 site02.com - [29/Mar/2021:10:31:19 +0200] "GET / HTTP/1.1" 200 1958 "-" "MagpieRSS/0.72 (+http://magpierss.sf.net)"
183.90.241.121 site02.com - [29/Mar/2021:10:31:43 +0200] "GET / HTTP/1.1" 200 1958 "-" "MagpieRSS/0.72 (+http://magpierss.sf.net)"
128.210.7.109 site02.com - [29/Mar/2021:10:31:47 +0200] "GET / HTTP/1.1" 200 5639 "-" "-"
164.46.97.238 site02.com - [29/Mar/2021:10:31:52 +0200] "GET / HTTP/1.1" 200 5639 "-" "MagpieRSS/0.72 \\(+http://magpierss.sf.net\\)"
35.194.103.147 site02.com - [29/Mar/2021:10:32:08 +0200] "GET / HTTP/1.1" 200 5639 "-" "-"
75.101.141.105 site02.com - [29/Mar/2021:10:32:32 +0200] "HEAD / HTTP/1.1" 200 - "-" "Mozilla/4.0 (compatible; Virtuoso)"
148.72.203.161 site02.com - [29/Mar/2021:10:37:02 +0200] "GET / HTTP/1.1" 200 5639 "-" "Mozilla/5.0 (Macintosh; Intel Mac OS X 10_13_3) AppleWebKit/537.36 (KHTML, like Gecko) Chrome/65.0.3325.162 Safari/537.36 OPR/52.0.2871.27 (Edition beta)"
47.52.151.237 site02.com - [29/Mar/2021:10:37:06 +0200] "GET / HTTP/1.1" 200 5639 "-" "Mozilla\\/5.0 (iPhone; CPU iPhone OS 8_0 like Mac OS X) AppleWebKit\\/600.1.3 (KHTML, like Gecko) Version\\/8.0 Mobile\\/12A4345d Safari\\/600.1.4"
2a03:6f00:1::5c35:60c8 site02.com - [29/Mar/2021:10:37:13 +0200] "GET / HTTP/1.1" 200 5639 "https://site02.com/" "Mozilla/5.0 (Windows NT 10.0; WOW64; rv:56.0) Gecko/20100101 Firefox/56.0"
2a02:4780:1:1::1:902d site02.com - [29/Mar/2021:10:37:47 +0200] "GET / HTTP/1.1" 200 1958 "-" "Salt 1.0"
208.113.210.212 site02.com - [29/Mar/2021:10:38:01 +0200] "GET / HTTP/1.1" 200 5639 "www.neutrality.wtf" "MozillaXYZ/1.0"
2600:3c03::f03c:91ff:fef1:eef9 site02.com - [29/Mar/2021:10:38:02 +0200] "GET / HTTP/1.1" 200 1958 "-" "Ruby, Mozilla/5.0 (Windows; U; Windows NT 5.1; en-GB; rv:1.8.1.6) Gecko/20070725 Firefox/2.0.0.6"
5.196.102.147 site02.com - [29/Mar/2021:10:51:09 +0200] "GET / HTTP/1.1" 200 1958 "https://emailmg.startlogic.com/atmail/parse.pl?redirect=https://site02.com/" "Mozilla/5.0 (Windows NT 6.2) AppleWebKit/537.36 (KHTML, like Gecko) Chrome/65.0.3325.181 Safari/537.36"
157.7.106.12 site02.com - [29/Mar/2021:10:51:11 +0200] "GET / HTTP/1.1" 200 5639 "-" "LWP::Simple/5.64"
2600:3c03::f03c:91ff:fef1:eef9 site02.com - [29/Mar/2021:10:51:16 +0200] "GET / HTTP/1.1" 200 1958 "-" "Ruby, Mozilla/5.0 (Windows; U; Windows NT 5.1; en-GB; rv:1.8.1.6) Gecko/20070725 Firefox/2.0.0.6"
59.106.13.114 site02.com - [29/Mar/2021:10:51:19 +0200] "GET / HTTP/1.1" 200 5639 "-" "LWP::Simple/5.64"
173.201.196.105 site02.com - [29/Mar/2021:10:51:33 +0200] "GET / HTTP/1.1" 200 5639 "-" "MagpieRSS/0.72 \\(+http://magpierss.sf.net\\)"
157.7.106.113 site02.com - [29/Mar/2021:10:51:41 +0200] "GET / HTTP/1.1" 200 5639 "-" "LWP::Simple/5.64"
157.7.106.90 site02.com - [29/Mar/2021:10:51:49 +0200] "GET / HTTP/1.1" 200 5639 "-" "LWP::Simple/5.64"
2001:e42:102:1814:160:16:225:231 site02.com - [29/Mar/2021:10:51:50 +0200] "GET / HTTP/1.1" 200 5639 "-" "MagpieRSS/0.72 \\(+http://magpierss.sf.net\\)"
5.196.102.147 site02.com - [29/Mar/2021:10:51:52 +0200] "GET / HTTP/1.1" 200 1958 "http://foundation.hawthornfc.com.au/analytics/outbound?url=https://site02.com/" "Mozilla/5.0 (Windows NT 10.0; Win64; x64) AppleWebKit/537.36 (KHTML, like Gecko) Chrome/66.0.3359.106 Safari/537.36"
157.7.105.243 site02.com - [29/Mar/2021:10:51:56 +0200] "GET / HTTP/1.1" 200 5639 "-" "LWP::Simple/5.64"
219.94.129.80 site02.com - [29/Mar/2021:10:51:58 +0200] "GET / HTTP/1.1" 200 5639 "-" "LWP::Simple/5.64"
27.254.152.7 site02.com - [29/Mar/2021:10:51:59 +0200] "GET / HTTP/1.1" 200 1958 "-" "MagpieRSS/0.72 (+http://magpierss.sf.net)"
157.7.106.165 site02.com - [29/Mar/2021:10:52:04 +0200] "GET / HTTP/1.1" 200 5639 "-" "LWP::Simple/5.64"
219.94.128.60 site02.com - [29/Mar/2021:10:52:07 +0200] "GET / HTTP/1.1" 200 5639 "-" "LWP::Simple/5.64"
157.7.104.92 site02.com - [29/Mar/2021:10:52:08 +0200] "GET / HTTP/1.1" 200 5639 "-" "LWP::Simple/5.64"
157.7.105.239 site02.com - [29/Mar/2021:10:52:12 +0200] "GET / HTTP/1.1" 200 5639 "-" "LWP::Simple/5.64"
66.45.225.10 site02.com - [29/Mar/2021:10:52:31 +0200] "GET / HTTP/1.1" 200 5639 "-" "Mozilla/4.0 (compatible; MSIE 5.01; Windows NT 5.0)"
87.236.20.102 site02.com - [29/Mar/2021:10:52:32 +0200] "GET / HTTP/1.1" 200 5639 "-" "-"
5.196.102.147 site02.com - [29/Mar/2021:10:52:32 +0200] "GET / HTTP/1.1" 200 1958 "http://mezhdu.net/bitrix/rk.php?goto=https://site02.com/" "Mozilla/5.0 (Macintosh; Intel Mac OS X 10_10_5) AppleWebKit/537.36 (KHTML, like Gecko) Chrome/66.0.3359.139 Safari/537.36"
157.7.106.9 site02.com - [29/Mar/2021:10:52:33 +0200] "GET / HTTP/1.1" 200 5639 "-" "LWP::Simple/5.64"
133.18.66.21 site02.com - [29/Mar/2021:10:52:33 +0200] "GET / HTTP/1.1" 200 5639 "-" "LWP::Simple/5.64"
202.172.28.44 site02.com - [29/Mar/2021:10:52:37 +0200] "GET / HTTP/1.1" 200 5639 "-" "LWP::Simple/5.64"
219.94.128.180 site02.com - [29/Mar/2021:10:52:39 +0200] "GET / HTTP/1.1" 200 5639 "-" "LWP::Simple/5.64"
157.7.106.104 site02.com - [29/Mar/2021:10:52:39 +0200] "GET / HTTP/1.1" 200 1958 "-" "-"
210.188.201.173 site02.com - [29/Mar/2021:10:52:39 +0200] "GET / HTTP/1.1" 200 5639 "-" "MagpieRSS/0.72 \\(+http://magpierss.sf.net\\)"
157.7.106.172 site02.com - [29/Mar/2021:10:52:43 +0200] "GET / HTTP/1.1" 200 5639 "-" "LWP::Simple/5.64"
202.181.97.44 site02.com - [29/Mar/2021:10:52:47 +0200] "GET / HTTP/1.1" 200 5639 "-" "LWP::Simple/5.64"
219.94.128.161 site02.com - [29/Mar/2021:10:52:51 +0200] "GET / HTTP/1.1" 200 5639 "-" "LWP::Simple/5.64"
34.66.9.117 site02.com - [29/Mar/2021:10:52:55 +0200] "GET / HTTP/1.1" 200 5639 "-" "MagpieRSS/0.72 \\(+http://magpierss.sf.net\\)"
185.195.25.72 site02.com - [29/Mar/2021:10:52:56 +0200] "GET / HTTP/1.1" 200 5639 "-" "-"
157.7.106.9 site02.com - [29/Mar/2021:10:52:58 +0200] "GET / HTTP/1.1" 200 5639 "-" "LWP::Simple/5.64"
58.80.137.167 site02.com - [29/Mar/2021:10:53:01 +0200] "GET / HTTP/1.1" 200 5639 "-" "LWP::Simple/5.64"
157.7.105.232 site02.com - [29/Mar/2021:10:53:04 +0200] "GET / HTTP/1.1" 200 5639 "-" "LWP::Simple/5.64"
58.80.137.164 site02.com - [29/Mar/2021:10:53:07 +0200] "GET / HTTP/1.1" 200 5639 "-" "LWP::Simple/5.64"
150.95.9.18 site02.com - [29/Mar/2021:10:53:14 +0200] "GET / HTTP/1.1" 200 5639 "-" "LWP::Simple/5.64"
202.181.97.55 site02.com - [29/Mar/2021:10:53:19 +0200] "GET / HTTP/1.1" 200 5639 "-" "LWP::Simple/5.64"
157.7.188.161 site02.com - [29/Mar/2021:10:53:19 +0200] "GET / HTTP/1.1" 200 5639 "-" "MagpieRSS/0.72 \\(+http://magpierss.sf.net\\)"
52.38.203.67 site02.com - [29/Mar/2021:10:53:20 +0200] "GET / HTTP/1.1" 200 5639 "-" "MagpieRSS/0.72 \\(+http://magpierss.sf.net\\)"
157.7.105.133 site02.com - [29/Mar/2021:10:53:25 +0200] "GET / HTTP/1.1" 200 5639 "-" "LWP::Simple/5.64"
202.181.99.82 site02.com - [29/Mar/2021:10:53:27 +0200] "GET / HTTP/1.1" 200 5639 "-" "LWP::Simple/5.64"
2a03:b0c0:3:e0::193:2001 site02.com - [29/Mar/2021:10:53:28 +0200] "GET / HTTP/1.1" 200 5639 "-" "MagpieRSS/0.72 \\(+http://magpierss.sf.net\\)"
182.93.125.101 site02.com - [29/Mar/2021:10:53:29 +0200] "GET / HTTP/1.1" 200 5639 "-" "MagpieRSS/0.72 \\(+http://magpierss.sf.net\\)"
219.94.128.73 site02.com - [29/Mar/2021:10:53:31 +0200] "GET / HTTP/1.1" 200 5639 "-" "LWP::Simple/5.64"
157.7.106.9 site02.com - [29/Mar/2021:10:53:32 +0200] "GET / HTTP/1.1" 200 5639 "-" "LWP::Simple/5.64"
59.106.19.195 site02.com - [29/Mar/2021:10:53:32 +0200] "GET / HTTP/1.1" 200 5639 "-" "LWP::Simple/5.64"
219.94.162.239 site02.com - [29/Mar/2021:10:53:33 +0200] "GET / HTTP/1.1" 200 5639 "-" "LWP::Simple/5.64"
122.28.38.215 site02.com - [29/Mar/2021:10:53:33 +0200] "GET / HTTP/1.1" 200 5639 "-" "MagpieRSS/0.72 \\(+http://magpierss.sf.net\\)"
59.106.19.77 site02.com - [29/Mar/2021:10:53:35 +0200] "GET / HTTP/1.1" 200 5639 "-" "LWP::Simple/5.64"
2607:5300:61:768:: site02.com - [29/Mar/2021:10:53:36 +0200] "GET / HTTP/1.1" 200 5639 "-" "MagpieRSS/0.72 \\(+http://magpierss.sf.net\\)"
157.7.106.102 site02.com - [29/Mar/2021:10:53:37 +0200] "GET / HTTP/1.1" 200 5639 "-" "LWP::Simple/5.64"
219.94.162.18 site02.com - [29/Mar/2021:10:53:38 +0200] "GET / HTTP/1.1" 200 5639 "-" "LWP::Simple/5.64"
91.196.124.230 site02.com - [29/Mar/2021:10:53:39 +0200] "GET / HTTP/1.1" 200 5639 "-" "-"
91.196.124.230 site02.com - [29/Mar/2021:10:53:40 +0200] "GET / HTTP/1.1" 200 5639 "-" "-"
202.191.112.38 site02.com - [29/Mar/2021:10:53:41 +0200] "GET / HTTP/1.1" 200 5639 "-" "LWP::Simple/5.64"
59.106.19.143 site02.com - [29/Mar/2021:10:53:42 +0200] "GET / HTTP/1.1" 200 5639 "-" "LWP::Simple/5.64"
59.106.171.52 site02.com - [29/Mar/2021:10:53:45 +0200] "GET / HTTP/1.1" 200 5639 "-" "LWP::Simple/5.64"
203.145.249.2 site02.com - [29/Mar/2021:10:53:45 +0200] "GET / HTTP/1.1" 200 1958 "-" "MagpieRSS/0.72 (+http://magpierss.sf.net)"
157.7.106.16 site02.com - [29/Mar/2021:10:53:46 +0200] "GET / HTTP/1.1" 200 5639 "-" "LWP::Simple/5.64"
183.181.99.12 site02.com - [29/Mar/2021:10:53:54 +0200] "GET / HTTP/1.1" 200 5639 "-" "MagpieRSS/0.72 \\(+http://magpierss.sf.net\\)"
157.7.188.248 site02.com - [29/Mar/2021:10:53:57 +0200] "GET / HTTP/1.1" 200 5639 "-" "LWP::Simple/5.64"
157.7.106.170 site02.com - [29/Mar/2021:10:53:58 +0200] "GET / HTTP/1.1" 200 5639 "-" "MagpieRSS/0.72 \\(+http://magpierss.sf.net\\)"
5.196.102.147 site02.com - [29/Mar/2021:10:54:04 +0200] "GET / HTTP/1.1" 200 1958 "http://www.vicsport.org.au/analytics/outbound?url=https://site02.com/" "Mozilla/5.0 (Windows NT 6.1; WOW64) AppleWebKit/537.36 (KHTML, like Gecko) Chrome/63.0.3239.132 Safari/537.36 OPR/50.0.2762.58"
82.165.80.130 site02.com - [29/Mar/2021:10:54:05 +0200] "GET / HTTP/1.1" 200 5639 "-" "-"
157.7.106.4 site02.com - [29/Mar/2021:10:54:07 +0200] "GET / HTTP/1.1" 200 5639 "-" "LWP::Simple/5.64"
202.172.28.118 site02.com - [29/Mar/2021:10:54:09 +0200] "GET / HTTP/1.1" 200 5639 "-" "LWP::Simple/5.64"
150.60.10.1 site02.com - [29/Mar/2021:10:54:10 +0200] "GET / HTTP/1.1" 200 5639 "-" "LWP::Simple/5.64"
5.196.102.147 site02.com - [29/Mar/2021:10:54:15 +0200] "GET / HTTP/1.1" 200 1958 "http://xn--d1abdw2b.net/bitrix/rk.php?id=326&site_id=s1&event1=banner&event2=click&event3=156+%2F+%5B326%5D+%5BNAVIGATOR_LEFT_2%5D+%D0%93%D1%80%D0%B0%D0%BD%D0%B8%D1%82&goto=https://site02.com/" "Mozilla/5.0 (Windows NT 5.1) AppleWebKit/537.36 (KHTML, like Gecko) Chrome/46.0.2490.6 Safari/537.36"
157.7.105.244 site02.com - [29/Mar/2021:10:54:19 +0200] "GET / HTTP/1.1" 200 5639 "-" "LWP::Simple/5.64"
219.94.129.163 site02.com - [29/Mar/2021:10:54:19 +0200] "GET / HTTP/1.1" 200 5639 "-" "LWP::Simple/5.64"
211.10.17.2 site02.com - [29/Mar/2021:10:54:22 +0200] "GET / HTTP/1.1" 200 5639 "-" "LWP::Simple/5.64"
192.185.4.39 site02.com - [29/Mar/2021:10:54:34 +0200] "GET / HTTP/1.1" 200 1958 "-" "MagpieRSS/0.72 (+http://magpierss.sf.net)"
59.106.19.179 site02.com - [29/Mar/2021:10:54:40 +0200] "GET / HTTP/1.1" 200 5639 "-" "LWP::Simple/5.64"
2001:67c:2070:c88e::1 site02.com - [29/Mar/2021:10:54:40 +0200] "GET / HTTP/1.1" 200 5639 "-" "PHP (www.dingo.com.ua), hosted by www.ukraine.com.ua"
2001:67c:2070:c88e::1 site02.com - [29/Mar/2021:10:54:42 +0200] "GET / HTTP/1.1" 200 5639 "-" "PHP (www.dingo.com.ua), hosted by www.ukraine.com.ua"
2001:67c:2070:c88e::1 site02.com - [29/Mar/2021:10:54:43 +0200] "GET / HTTP/1.1" 200 5639 "-" "PHP (www.dingo.com.ua), hosted by www.ukraine.com.ua"
34.201.147.192 site02.com - [29/Mar/2021:10:54:51 +0200] "GET / HTTP/1.1" 200 1958 "-" "PocketParser/2.0 (+https://getpocket.com/pocketparser_ua)"
2401:2500:102:3035:153:126:199:248 site02.com - [29/Mar/2021:10:54:53 +0200] "GET / HTTP/1.1" 200 1958 "http://www.yahoo.co.jp/" "Mozilla/5.0 (Macintosh; Intel Mac OS X 10.16; rv:85.0) Gecko/20100101 Firefox/85.0"
133.18.34.65 site02.com - [29/Mar/2021:10:54:57 +0200] "GET / HTTP/1.1" 200 5639 "-" "LWP::Simple/5.64"
35.197.95.6 site02.com - [29/Mar/2021:10:54:59 +0200] "GET / HTTP/1.1" 200 1958 "https://jguitar.com/tabmap?url=https://site02.com/" "JGuitar.com Tab Mapper - http://jguitar.com/tabmap"
202.181.99.73 site02.com - [29/Mar/2021:10:55:15 +0200] "GET / HTTP/1.1" 200 5639 "-" "LWP::Simple/5.64"
5.8.64.47 site02.com - [29/Mar/2021:10:55:21 +0200] "GET / HTTP/1.1" 200 5639 "-" "-"
85.13.130.114 site02.com - [29/Mar/2021:10:55:31 +0200] "GET / HTTP/1.1" 200 5639 "-" "-"
195.154.113.33 site02.com - [29/Mar/2021:10:55:31 +0200] "GET / HTTP/1.1" 200 1958 "-" "MagpieRSS/0.72 (+http://magpierss.sf.net)"
35.172.94.40 site02.com - [29/Mar/2021:10:55:34 +0200] "GET / HTTP/1.1" 200 1958 "-" "hxl-proxy/tagger"
195.201.34.52 site02.com - [29/Mar/2021:10:55:54 +0200] "GET / HTTP/1.1" 200 5639 "-" "Mozilla/4.0 (compatible; MSIE 6.0; Windows NT 5.1; SV1; .NET CLR 1.0.3705; .NET CLR 1.1.4322)"
5.196.102.147 site02.com - [29/Mar/2021:10:55:56 +0200] "GET / HTTP/1.1" 200 1958 "https://vicsport.com.au/analytics/outbound?url=https://site02.com/" "Mozilla/5.0 (X11; Linux x86_64) AppleWebKit/537.36(KHTML, like Gecko) Chrome/61.0.3116.0 Safari/537.36 Chrome-Lighthouse"
160.16.127.62 site02.com - [29/Mar/2021:10:56:02 +0200] "GET / HTTP/1.1" 200 5639 "-" "MagpieRSS/0.72 \\(+http://magpierss.sf.net\\)"
5.196.102.147 site02.com - [29/Mar/2021:10:56:11 +0200] "GET / HTTP/1.1" 200 1958 "https://www.cossa.ru/bitrix/redirect.php?event1=click&event2=&event3=&goto=https://site02.com/" "Mozilla/5.0 (Windows NT 6.1; WOW64) AppleWebKit/537.36 (KHTML, like Gecko) Chrome/63.0.3239.26 Safari/537.36 Core/1.63.5359.400 QQBrowser/10.0.1299.400"
183.181.79.124 site02.com - [29/Mar/2021:10:56:17 +0200] "GET / HTTP/1.1" 200 1958 "-" "MagpieRSS/0.72 (+http://magpierss.sf.net)"
31.11.32.58 site02.com - [29/Mar/2021:10:56:39 +0200] "GET / HTTP/1.1" 200 5639 "-" "Mozilla/4.0 (compatible; Win32; WinHttp.WinHttpRequest.5)"
183.90.241.121 site02.com - [29/Mar/2021:10:56:39 +0200] "GET / HTTP/1.1" 200 1958 "-" "MagpieRSS/0.72 (+http://magpierss.sf.net)"
128.210.7.85 site02.com - [29/Mar/2021:10:56:43 +0200] "GET / HTTP/1.1" 200 5639 "-" "-"
164.46.97.238 site02.com - [29/Mar/2021:10:56:50 +0200] "GET / HTTP/1.1" 200 5639 "-" "MagpieRSS/0.72 \\(+http://magpierss.sf.net\\)"
35.194.103.147 site02.com - [29/Mar/2021:10:57:05 +0200] "GET / HTTP/1.1" 200 5639 "-" "-"
75.101.141.105 site02.com - [29/Mar/2021:10:57:28 +0200] "HEAD / HTTP/1.1" 200 - "-" "Mozilla/4.0 (compatible; Virtuoso)"
148.72.203.161 site02.com - [29/Mar/2021:11:02:04 +0200] "GET / HTTP/1.1" 200 5639 "-" "Mozilla/5.0 (Macintosh; Intel Mac OS X 10_11_6) AppleWebKit/537.36 (KHTML, like Gecko) Chrome/65.0.3325.88 Safari/537.36"
47.52.151.237 site02.com - [29/Mar/2021:11:02:10 +0200] "GET / HTTP/1.1" 200 5639 "-" "Mozilla\\/5.0 (iPhone; CPU iPhone OS 8_0 like Mac OS X) AppleWebKit\\/600.1.3 (KHTML, like Gecko) Version\\/8.0 Mobile\\/12A4345d Safari\\/600.1.4"
2a03:6f00:1::5c35:60c8 site02.com - [29/Mar/2021:11:02:14 +0200] "GET / HTTP/1.1" 200 5639 "https://site02.com/" "Mozilla/5.0 (Windows NT 10.0; WOW64; rv:56.0) Gecko/20100101 Firefox/56.0"
2a02:4780:1:1::1:902d site02.com - [29/Mar/2021:11:02:50 +0200] "GET / HTTP/1.1" 200 1958 "-" "Salt 1.0"
208.113.210.212 site02.com - [29/Mar/2021:11:03:04 +0200] "GET / HTTP/1.1" 200 5639 "www.neutrality.wtf" "MozillaXYZ/1.0"
2600:3c03::f03c:91ff:fef1:eef9 site02.com - [29/Mar/2021:11:03:04 +0200] "GET / HTTP/1.1" 200 1958 "-" "Ruby, Mozilla/5.0 (Windows; U; Windows NT 5.1; en-GB; rv:1.8.1.6) Gecko/20070725 Firefox/2.0.0.6"
2600:3c03::f03c:91ff:fef1:eef9 site02.com - [29/Mar/2021:11:14:49 +0200] "GET / HTTP/1.1" 200 1958 "-" "Ruby, Mozilla/5.0 (Windows; U; Windows NT 5.1; en-GB; rv:1.8.1.6) Gecko/20070725 Firefox/2.0.0.6"
5.196.102.147 site02.com - [29/Mar/2021:11:14:53 +0200] "GET / HTTP/1.1" 200 1958 "http://eventaria.com/?wptouch_switch=mobile&redirect=https%3A%2F%2Fsite02.com%2F" "Mozilla/5.0 (Windows NT 6.2; WOW64; rv:60.0) Gecko/20100101 Firefox/60.0"
157.7.106.12 site02.com - [29/Mar/2021:11:14:55 +0200] "GET / HTTP/1.1" 200 5639 "-" "LWP::Simple/5.64"
157.7.106.91 site02.com - [29/Mar/2021:11:15:02 +0200] "GET / HTTP/1.1" 200 5639 "-" "LWP::Simple/5.64"
59.106.13.114 site02.com - [29/Mar/2021:11:15:06 +0200] "GET / HTTP/1.1" 200 5639 "-" "LWP::Simple/5.64"
173.201.196.105 site02.com - [29/Mar/2021:11:15:17 +0200] "GET / HTTP/1.1" 200 5639 "-" "MagpieRSS/0.72 \\(+http://magpierss.sf.net\\)"
157.7.106.113 site02.com - [29/Mar/2021:11:15:24 +0200] "GET / HTTP/1.1" 200 5639 "-" "LWP::Simple/5.64"
157.7.106.90 site02.com - [29/Mar/2021:11:15:32 +0200] "GET / HTTP/1.1" 200 5639 "-" "LWP::Simple/5.64"
2001:e42:102:1814:160:16:225:231 site02.com - [29/Mar/2021:11:15:33 +0200] "GET / HTTP/1.1" 200 5639 "-" "MagpieRSS/0.72 \\(+http://magpierss.sf.net\\)"
5.196.102.147 site02.com - [29/Mar/2021:11:15:34 +0200] "GET / HTTP/1.1" 200 1958 "http://foundation.hawthornfc.com.au/analytics/outbound?url=https://site02.com/" "Mozilla/5.0 (Windows NT 10.0; Win64; x64) AppleWebKit/537.36 (KHTML, like Gecko) Chrome/65.0.3325.183 Safari/537.36 Vivaldi/1.96.1147.42"
157.7.105.243 site02.com - [29/Mar/2021:11:15:39 +0200] "GET / HTTP/1.1" 200 5639 "-" "LWP::Simple/5.64"
219.94.129.80 site02.com - [29/Mar/2021:11:15:40 +0200] "GET / HTTP/1.1" 200 5639 "-" "LWP::Simple/5.64"
27.254.152.7 site02.com - [29/Mar/2021:11:15:41 +0200] "GET / HTTP/1.1" 200 1958 "-" "MagpieRSS/0.72 (+http://magpierss.sf.net)"
157.7.106.165 site02.com - [29/Mar/2021:11:15:47 +0200] "GET / HTTP/1.1" 200 5639 "-" "LWP::Simple/5.64"
219.94.128.60 site02.com - [29/Mar/2021:11:15:49 +0200] "GET / HTTP/1.1" 200 5639 "-" "LWP::Simple/5.64"
157.7.105.239 site02.com - [29/Mar/2021:11:15:50 +0200] "GET / HTTP/1.1" 200 5639 "-" "LWP::Simple/5.64"
157.7.104.92 site02.com - [29/Mar/2021:11:15:50 +0200] "GET / HTTP/1.1" 200 5639 "-" "LWP::Simple/5.64"
87.236.20.102 site02.com - [29/Mar/2021:11:16:14 +0200] "GET / HTTP/1.1" 200 5639 "-" "-"
5.196.102.147 site02.com - [29/Mar/2021:11:16:14 +0200] "GET / HTTP/1.1" 200 1958 "http://mezhdu.net/bitrix/rk.php?goto=https://site02.com/" "Mozilla/5.0 (X11; Linux x86_64) AppleWebKit/537.36 (KHTML, like Gecko) Chrome/65.0.3325.93 Safari/537.36"
133.18.66.21 site02.com - [29/Mar/2021:11:16:15 +0200] "GET / HTTP/1.1" 200 5639 "-" "LWP::Simple/5.64"
157.7.106.9 site02.com - [29/Mar/2021:11:16:16 +0200] "GET / HTTP/1.1" 200 5639 "-" "LWP::Simple/5.64"
202.172.28.44 site02.com - [29/Mar/2021:11:16:19 +0200] "GET / HTTP/1.1" 200 5639 "-" "LWP::Simple/5.64"
219.94.128.180 site02.com - [29/Mar/2021:11:16:20 +0200] "GET / HTTP/1.1" 200 5639 "-" "LWP::Simple/5.64"
157.7.106.104 site02.com - [29/Mar/2021:11:16:21 +0200] "GET / HTTP/1.1" 200 1958 "-" "-"
210.188.201.173 site02.com - [29/Mar/2021:11:16:21 +0200] "GET / HTTP/1.1" 200 5639 "-" "MagpieRSS/0.72 \\(+http://magpierss.sf.net\\)"
157.7.106.172 site02.com - [29/Mar/2021:11:16:26 +0200] "GET / HTTP/1.1" 200 5639 "-" "LWP::Simple/5.64"
66.45.225.10 site02.com - [29/Mar/2021:11:16:27 +0200] "GET / HTTP/1.1" 200 5639 "-" "Mozilla/4.0 (compatible; MSIE 5.01; Windows NT 5.0)"
202.181.97.44 site02.com - [29/Mar/2021:11:16:29 +0200] "GET / HTTP/1.1" 200 5639 "-" "LWP::Simple/5.64"
2001:19f0:6001:c2d:5400:2ff:fe6a:c6df site02.com - [29/Mar/2021:11:16:31 +0200] "GET / HTTP/1.1" 200 5639 "-" "-"
219.94.162.108 site02.com - [29/Mar/2021:11:16:34 +0200] "GET / HTTP/1.1" 200 5639 "-" "LWP::Simple/6.00 libwww-perl/6.05"
219.94.128.161 site02.com - [29/Mar/2021:11:16:35 +0200] "GET / HTTP/1.1" 200 5639 "-" "LWP::Simple/5.64"
34.66.9.117 site02.com - [29/Mar/2021:11:16:40 +0200] "GET / HTTP/1.1" 200 5639 "-" "MagpieRSS/0.72 \\(+http://magpierss.sf.net\\)"
185.195.25.72 site02.com - [29/Mar/2021:11:16:40 +0200] "GET / HTTP/1.1" 200 5639 "-" "-"
157.7.106.9 site02.com - [29/Mar/2021:11:16:43 +0200] "GET / HTTP/1.1" 200 5639 "-" "LWP::Simple/5.64"
58.80.137.167 site02.com - [29/Mar/2021:11:16:47 +0200] "GET / HTTP/1.1" 200 5639 "-" "LWP::Simple/5.64"
157.7.105.232 site02.com - [29/Mar/2021:11:16:50 +0200] "GET / HTTP/1.1" 200 5639 "-" "LWP::Simple/5.64"
58.80.137.164 site02.com - [29/Mar/2021:11:16:53 +0200] "GET / HTTP/1.1" 200 5639 "-" "LWP::Simple/5.64"
150.95.9.18 site02.com - [29/Mar/2021:11:16:58 +0200] "GET / HTTP/1.1" 200 5639 "-" "LWP::Simple/5.64"
202.181.97.55 site02.com - [29/Mar/2021:11:17:03 +0200] "GET / HTTP/1.1" 200 5639 "-" "LWP::Simple/5.64"
157.7.188.161 site02.com - [29/Mar/2021:11:17:03 +0200] "GET / HTTP/1.1" 200 5639 "-" "MagpieRSS/0.72 \\(+http://magpierss.sf.net\\)"
52.38.203.67 site02.com - [29/Mar/2021:11:17:04 +0200] "GET / HTTP/1.1" 200 5639 "-" "MagpieRSS/0.72 \\(+http://magpierss.sf.net\\)"
157.7.105.133 site02.com - [29/Mar/2021:11:17:09 +0200] "GET / HTTP/1.1" 200 5639 "-" "LWP::Simple/5.64"
202.181.99.82 site02.com - [29/Mar/2021:11:17:10 +0200] "GET / HTTP/1.1" 200 5639 "-" "LWP::Simple/5.64"
2a03:b0c0:3:e0::193:2001 site02.com - [29/Mar/2021:11:17:11 +0200] "GET / HTTP/1.1" 200 5639 "-" "MagpieRSS/0.72 \\(+http://magpierss.sf.net\\)"
182.93.125.101 site02.com - [29/Mar/2021:11:17:13 +0200] "GET / HTTP/1.1" 200 5639 "-" "MagpieRSS/0.72 \\(+http://magpierss.sf.net\\)"
157.7.106.9 site02.com - [29/Mar/2021:11:17:16 +0200] "GET / HTTP/1.1" 200 5639 "-" "LWP::Simple/5.64"
59.106.19.195 site02.com - [29/Mar/2021:11:17:16 +0200] "GET / HTTP/1.1" 200 5639 "-" "LWP::Simple/5.64"
122.28.38.215 site02.com - [29/Mar/2021:11:17:17 +0200] "GET / HTTP/1.1" 200 5639 "-" "MagpieRSS/0.72 \\(+http://magpierss.sf.net\\)"
2607:5300:61:768:: site02.com - [29/Mar/2021:11:17:19 +0200] "GET / HTTP/1.1" 200 5639 "-" "MagpieRSS/0.72 \\(+http://magpierss.sf.net\\)"
157.7.106.102 site02.com - [29/Mar/2021:11:17:20 +0200] "GET / HTTP/1.1" 200 5639 "-" "LWP::Simple/5.64"
219.94.162.18 site02.com - [29/Mar/2021:11:17:21 +0200] "GET / HTTP/1.1" 200 5639 "-" "LWP::Simple/5.64"
91.196.124.230 site02.com - [29/Mar/2021:11:17:22 +0200] "GET / HTTP/1.1" 200 5639 "-" "-"
91.196.124.230 site02.com - [29/Mar/2021:11:17:23 +0200] "GET / HTTP/1.1" 200 5639 "-" "-"
202.191.112.38 site02.com - [29/Mar/2021:11:17:24 +0200] "GET / HTTP/1.1" 200 5639 "-" "LWP::Simple/5.64"
59.106.19.143 site02.com - [29/Mar/2021:11:17:26 +0200] "GET / HTTP/1.1" 200 5639 "-" "LWP::Simple/5.64"
59.106.171.52 site02.com - [29/Mar/2021:11:17:28 +0200] "GET / HTTP/1.1" 200 5639 "-" "LWP::Simple/5.64"
203.145.249.2 site02.com - [29/Mar/2021:11:17:28 +0200] "GET / HTTP/1.1" 200 1958 "-" "MagpieRSS/0.72 (+http://magpierss.sf.net)"
157.7.106.16 site02.com - [29/Mar/2021:11:17:29 +0200] "GET / HTTP/1.1" 200 5639 "-" "LWP::Simple/5.64"
219.94.192.92 site02.com - [29/Mar/2021:11:17:33 +0200] "GET / HTTP/1.1" 200 5639 "-" "LWP::Simple/5.64"
183.181.99.12 site02.com - [29/Mar/2021:11:17:35 +0200] "GET / HTTP/1.1" 200 5639 "-" "MagpieRSS/0.72 \\(+http://magpierss.sf.net\\)"
157.7.188.248 site02.com - [29/Mar/2021:11:17:38 +0200] "GET / HTTP/1.1" 200 5639 "-" "LWP::Simple/5.64"
