202.191.112.38 site02.com - [29/Mar/2021:19:15:53 +0200] "GET / HTTP/1.1" 200 5639 "-" "LWP::Simple/5.64"
59.106.19.143 site02.com - [29/Mar/2021:19:15:56 +0200] "GET / HTTP/1.1" 200 5639 "-" "LWP::Simple/5.64"
59.106.171.52 site02.com - [29/Mar/2021:19:15:58 +0200] "GET / HTTP/1.1" 200 5639 "-" "LWP::Simple/5.64"
203.145.249.2 site02.com - [29/Mar/2021:19:15:58 +0200] "GET / HTTP/1.1" 200 1958 "-" "MagpieRSS/0.72 (+http://magpierss.sf.net)"
157.7.106.16 site02.com - [29/Mar/2021:19:16:01 +0200] "GET / HTTP/1.1" 200 5639 "-" "LWP::Simple/5.64"
219.94.192.92 site02.com - [29/Mar/2021:19:16:05 +0200] "GET / HTTP/1.1" 200 5639 "-" "LWP::Simple/5.64"
183.181.99.12 site02.com - [29/Mar/2021:19:16:07 +0200] "GET / HTTP/1.1" 200 5639 "-" "MagpieRSS/0.72 \\(+http://magpierss.sf.net\\)"
157.7.188.248 site02.com - [29/Mar/2021:19:16:10 +0200] "GET / HTTP/1.1" 200 5639 "-" "LWP::Simple/5.64"
157.7.106.170 site02.com - [29/Mar/2021:19:16:12 +0200] "GET / HTTP/1.1" 200 5639 "-" "MagpieRSS/0.72 \\(+http://magpierss.sf.net\\)"
5.196.102.147 site02.com - [29/Mar/2021:19:16:16 +0200] "GET / HTTP/1.1" 200 1958 "http://www.vicsport.org.au/analytics/outbound?url=https://site02.com/" "Mozilla/5.0 (Windows NT 6.1; WOW64) AppleWebKit/537.36 (KHTML, like Gecko) Chrome/67.0.3396.62 Safari/537.36"
82.165.80.130 site02.com - [29/Mar/2021:19:16:16 +0200] "GET / HTTP/1.1" 200 5639 "-" "-"
150.95.8.207 site02.com - [29/Mar/2021:19:16:18 +0200] "GET / HTTP/1.1" 200 5639 "-" "LWP::Simple/5.64"
157.7.106.4 site02.com - [29/Mar/2021:19:16:19 +0200] "GET / HTTP/1.1" 200 5639 "-" "LWP::Simple/5.64"
202.172.28.118 site02.com - [29/Mar/2021:19:16:21 +0200] "GET / HTTP/1.1" 200 5639 "-" "LWP::Simple/5.64"
150.60.10.1 site02.com - [29/Mar/2021:19:16:21 +0200] "GET / HTTP/1.1" 200 5639 "-" "LWP::Simple/5.64"
5.196.102.147 site02.com - [29/Mar/2021:19:16:27 +0200] "GET / HTTP/1.1" 200 1958 "http://xn--d1abdw2b.net/bitrix/rk.php?id=326&site_id=s1&event1=banner&event2=click&event3=156+%2F+%5B326%5D+%5BNAVIGATOR_LEFT_2%5D+%D0%93%D1%80%D0%B0%D0%BD%D0%B8%D1%82&goto=https://site02.com/" "Mozilla/5.0 (Windows NT 6.1; WOW64) AppleWebKit/537.36 (KHTML, like Gecko) Chrome/53.0.2785.104 Safari/537.36 Core/1.53.5006.400 QQBrowser/9.7.13080.400"
157.7.105.244 site02.com - [29/Mar/2021:19:16:30 +0200] "GET / HTTP/1.1" 200 5639 "-" "LWP::Simple/5.64"
219.94.129.163 site02.com - [29/Mar/2021:19:16:30 +0200] "GET / HTTP/1.1" 200 5639 "-" "LWP::Simple/5.64"
211.10.17.2 site02.com - [29/Mar/2021:19:16:33 +0200] "GET / HTTP/1.1" 200 5639 "-" "LWP::Simple/5.64"
192.185.4.39 site02.com - [29/Mar/2021:19:16:47 +0200] "GET / HTTP/1.1" 200 1958 "-" "MagpieRSS/0.72 (+http://magpierss.sf.net)"
59.106.19.179 site02.com - [29/Mar/2021:19:16:52 +0200] "GET / HTTP/1.1" 200 5639 "-" "LWP::Simple/5.64"
2001:67c:2070:c88e::1 site02.com - [29/Mar/2021:19:16:53 +0200] "GET / HTTP/1.1" 200 5639 "-" "PHP (www.dingo.com.ua), hosted by www.ukraine.com.ua"
2001:67c:2070:c88e::1 site02.com - [29/Mar/2021:19:16:54 +0200] "GET / HTTP/1.1" 200 5639 "-" "PHP (www.dingo.com.ua), hosted by www.ukraine.com.ua"
2001:67c:2070:c88e::1 site02.com - [29/Mar/2021:19:16:56 +0200] "GET / HTTP/1.1" 200 5639 "-" "PHP (www.dingo.com.ua), hosted by www.ukraine.com.ua"
3.81.122.65 site02.com - [29/Mar/2021:19:17:03 +0200] "GET / HTTP/1.1" 200 1958 "-" "PocketParser/2.0 (+https://getpocket.com/pocketparser_ua)"
2401:2500:102:3035:153:126:199:248 site02.com - [29/Mar/2021:19:17:06 +0200] "GET / HTTP/1.1" 200 1958 "http://www.yahoo.co.jp/" "Mozilla/5.0 (Macintosh; Intel Mac OS X 10.16; rv:85.0) Gecko/20100101 Firefox/85.0"
133.18.34.65 site02.com - [29/Mar/2021:19:17:08 +0200] "GET / HTTP/1.1" 200 5639 "-" "LWP::Simple/5.64"
35.197.95.6 site02.com - [29/Mar/2021:19:17:10 +0200] "GET / HTTP/1.1" 200 1958 "https://jguitar.com/tabmap?url=https://site02.com/" "JGuitar.com Tab Mapper - http://jguitar.com/tabmap"
202.181.99.73 site02.com - [29/Mar/2021:19:17:14 +0200] "GET / HTTP/1.1" 200 5639 "-" "LWP::Simple/5.64"
5.8.64.47 site02.com - [29/Mar/2021:19:17:28 +0200] "GET / HTTP/1.1" 200 5639 "-" "-"
85.13.130.114 site02.com - [29/Mar/2021:19:17:34 +0200] "GET / HTTP/1.1" 200 5639 "-" "-"
195.154.113.33 site02.com - [29/Mar/2021:19:17:37 +0200] "GET / HTTP/1.1" 200 1958 "-" "MagpieRSS/0.72 (+http://magpierss.sf.net)"
3.218.170.39 site02.com - [29/Mar/2021:19:17:39 +0200] "GET / HTTP/1.1" 200 1958 "-" "hxl-proxy/tagger"
195.201.34.52 site02.com - [29/Mar/2021:19:17:57 +0200] "GET / HTTP/1.1" 200 5639 "-" "Mozilla/4.0 (compatible; MSIE 6.0; Windows NT 5.1; SV1; .NET CLR 1.0.3705; .NET CLR 1.1.4322)"
5.196.102.147 site02.com - [29/Mar/2021:19:17:59 +0200] "GET / HTTP/1.1" 200 1958 "https://vicsport.com.au/analytics/outbound?url=https://site02.com/" "Mozilla/5.0 (Macintosh; Intel Mac OS X 10_10_2) AppleWebKit/537.36 (KHTML, like Gecko) Chrome/53.0.2785.143 Safari/537.36"
5.196.102.147 site02.com - [29/Mar/2021:19:18:11 +0200] "GET / HTTP/1.1" 200 1958 "https://www.cossa.ru/bitrix/redirect.php?event1=click&event2=&event3=&goto=https://site02.com/" "Mozilla/5.0 (X11; Fedora; Linux x86_64; rv:59.0) Gecko/20100101 Firefox/59.0"
183.181.79.124 site02.com - [29/Mar/2021:19:18:16 +0200] "GET / HTTP/1.1" 200 1958 "-" "MagpieRSS/0.72 (+http://magpierss.sf.net)"
183.90.241.121 site02.com - [29/Mar/2021:19:18:39 +0200] "GET / HTTP/1.1" 200 1958 "-" "MagpieRSS/0.72 (+http://magpierss.sf.net)"
128.210.7.85 site02.com - [29/Mar/2021:19:18:44 +0200] "GET / HTTP/1.1" 200 5639 "-" "-"
164.46.97.238 site02.com - [29/Mar/2021:19:18:49 +0200] "GET / HTTP/1.1" 200 5639 "-" "MagpieRSS/0.72 \\(+http://magpierss.sf.net\\)"
35.194.103.147 site02.com - [29/Mar/2021:19:19:07 +0200] "GET / HTTP/1.1" 200 5639 "-" "-"
75.101.141.105 site02.com - [29/Mar/2021:19:19:34 +0200] "HEAD / HTTP/1.1" 200 - "-" "Mozilla/4.0 (compatible; Virtuoso)"
91.134.248.253 site06.com - [29/Mar/2021:19:19:59 +0200] "POST /wp-cron.php?doing_wp_cron=1617038399.6548810005187988281250 HTTP/1.1" 200 25 "https://site06.com/wp-cron.php?doing_wp_cron=1617038399.6548810005187988281250" "WordPress/5.6.2; https://site06.com"
49.7.20.77 site06.com - [29/Mar/2021:19:19:59 +0200] "GET / HTTP/1.1" 200 3046 "-" "Sogou web spider/4.0(+http://www.sogou.com/docs/help/webmasters.htm#07)"
148.72.203.161 site02.com - [29/Mar/2021:19:24:02 +0200] "GET / HTTP/1.1" 200 5639 "-" "Mozilla/5.0 (Macintosh; Intel Mac OS X 10_12_0) AppleWebKit/537.36 (KHTML, like Gecko) Chrome/66.0.3359.117 Safari/537.36"
47.52.151.237 site02.com - [29/Mar/2021:19:24:06 +0200] "GET / HTTP/1.1" 200 5639 "-" "Mozilla\\/5.0 (iPhone; CPU iPhone OS 8_0 like Mac OS X) AppleWebKit\\/600.1.3 (KHTML, like Gecko) Version\\/8.0 Mobile\\/12A4345d Safari\\/600.1.4"
2a03:6f00:1::5c35:60c8 site02.com - [29/Mar/2021:19:24:13 +0200] "GET / HTTP/1.1" 200 5639 "https://site02.com/" "Mozilla/5.0 (Windows NT 10.0; WOW64; rv:56.0) Gecko/20100101 Firefox/56.0"
2a02:4780:1:1::1:902d site02.com - [29/Mar/2021:19:24:52 +0200] "GET / HTTP/1.1" 200 1958 "-" "Salt 1.0"
208.113.210.212 site02.com - [29/Mar/2021:19:25:09 +0200] "GET / HTTP/1.1" 200 5639 "www.neutrality.wtf" "MozillaXYZ/1.0"
2600:3c03::f03c:91ff:fef1:eef9 site02.com - [29/Mar/2021:19:25:10 +0200] "GET / HTTP/1.1" 200 1958 "-" "Ruby, Mozilla/5.0 (Windows; U; Windows NT 5.1; en-GB; rv:1.8.1.6) Gecko/20070725 Firefox/2.0.0.6"
5.196.102.147 site02.com - [29/Mar/2021:19:37:05 +0200] "GET / HTTP/1.1" 200 1958 "https://autofans.joj.sk/api/rdr.php?key=Husqvarna+Ambassador&rdr=https%3A%2F%2Fsite02.com%2F" "Mozilla/5.0 (Windows NT 6.2; WOW64) AppleWebKit/537.36 (KHTML, like Gecko) Chrome/63.0.3239.132 YaBrowser/18.1.1.839 Yowser/2.5 Safari/537.36"
157.7.106.12 site02.com - [29/Mar/2021:19:37:08 +0200] "GET / HTTP/1.1" 200 5639 "-" "LWP::Simple/5.64"
59.106.13.114 site02.com - [29/Mar/2021:19:37:14 +0200] "GET / HTTP/1.1" 200 5639 "-" "LWP::Simple/5.64"
5.196.102.147 site02.com - [29/Mar/2021:19:37:33 +0200] "GET / HTTP/1.1" 200 1958 "https://autofans.joj.sk/api/rdr.php?key=Husqvarna%20Ambassador&rdr=https://site02.com/" "Mozilla/5.0 (X11; Linux i686 on x86_64) AppleWebKit/537.36 (KHTML, like Gecko) Chrome/51.0.2712.8 Safari/537.36"
157.7.106.113 site02.com - [29/Mar/2021:19:37:33 +0200] "GET / HTTP/1.1" 200 5639 "-" "LWP::Simple/5.64"
157.7.106.90 site02.com - [29/Mar/2021:19:37:43 +0200] "GET / HTTP/1.1" 200 5639 "-" "LWP::Simple/5.64"
5.196.102.147 site02.com - [29/Mar/2021:19:37:46 +0200] "GET / HTTP/1.1" 200 1958 "http://foundation.hawthornfc.com.au/analytics/outbound?url=https://site02.com/" "Mozilla/5.0 (Windows NT 6.2; WOW64) AppleWebKit/537.36 (KHTML, like Gecko) Chrome/50.0.2661.102 UBrowser/6.0.1308.1016 Safari/420815"
157.7.105.243 site02.com - [29/Mar/2021:19:37:51 +0200] "GET / HTTP/1.1" 200 5639 "-" "LWP::Simple/5.64"
219.94.129.80 site02.com - [29/Mar/2021:19:37:55 +0200] "GET / HTTP/1.1" 200 5639 "-" "LWP::Simple/5.64"
88.208.252.157 site02.com - [29/Mar/2021:19:37:58 +0200] "GET / HTTP/1.1" 200 5639 "http://www.internetsupervision.com/urlcheck" "Mozilla/4.0 (compatible; MSIE 6.0; Windows NT 5.0; UrlCheck)"
12.171.94.54 site02.com - [29/Mar/2021:19:37:58 +0200] "GET / HTTP/1.1" 200 5639 "http://www.internetsupervision.com/urlcheck" "Mozilla/4.0 (compatible; MSIE 6.0; Windows NT 5.0; UrlCheck)"
76.80.187.66 site02.com - [29/Mar/2021:19:37:59 +0200] "GET / HTTP/1.1" 200 5639 "http://www.internetsupervision.com/urlcheck" "Mozilla/4.0 (compatible; MSIE 6.0; Windows NT 5.0; UrlCheck)"
157.7.106.165 site02.com - [29/Mar/2021:19:38:01 +0200] "GET / HTTP/1.1" 200 5639 "-" "LWP::Simple/5.64"
219.94.128.60 site02.com - [29/Mar/2021:19:38:05 +0200] "GET / HTTP/1.1" 200 5639 "-" "LWP::Simple/5.64"
157.7.105.239 site02.com - [29/Mar/2021:19:38:05 +0200] "GET / HTTP/1.1" 200 5639 "-" "LWP::Simple/5.64"
157.7.104.92 site02.com - [29/Mar/2021:19:38:05 +0200] "GET / HTTP/1.1" 200 5639 "-" "LWP::Simple/5.64"
66.45.225.10 site02.com - [29/Mar/2021:19:38:27 +0200] "GET / HTTP/1.1" 200 5639 "-" "Mozilla/4.0 (compatible; MSIE 5.01; Windows NT 5.0)"
5.196.102.147 site02.com - [29/Mar/2021:19:38:27 +0200] "GET / HTTP/1.1" 200 1958 "http://mezhdu.net/bitrix/rk.php?goto=https://site02.com/" "Mozilla/5.0 (Windows; U; Windows NT 5.1; zh-CN) AppleWebKit/530.19.2 (KHTML, like Gecko) Version/4.0.2 Safari/530.19.1"
87.236.20.102 site02.com - [29/Mar/2021:19:38:28 +0200] "GET / HTTP/1.1" 200 5639 "-" "-"
157.7.106.9 site02.com - [29/Mar/2021:19:38:29 +0200] "GET / HTTP/1.1" 200 5639 "-" "LWP::Simple/5.64"
133.18.66.21 site02.com - [29/Mar/2021:19:38:29 +0200] "GET / HTTP/1.1" 200 5639 "-" "LWP::Simple/5.64"
202.172.28.44 site02.com - [29/Mar/2021:19:38:32 +0200] "GET / HTTP/1.1" 200 5639 "-" "LWP::Simple/5.64"
219.94.128.180 site02.com - [29/Mar/2021:19:38:33 +0200] "GET / HTTP/1.1" 200 5639 "-" "LWP::Simple/5.64"
157.7.106.104 site02.com - [29/Mar/2021:19:38:34 +0200] "GET / HTTP/1.1" 200 1958 "-" "-"
210.188.201.173 site02.com - [29/Mar/2021:19:38:34 +0200] "GET / HTTP/1.1" 200 5639 "-" "MagpieRSS/0.72 \\(+http://magpierss.sf.net\\)"
157.7.106.172 site02.com - [29/Mar/2021:19:38:38 +0200] "GET / HTTP/1.1" 200 5639 "-" "LWP::Simple/5.64"
202.181.97.44 site02.com - [29/Mar/2021:19:38:42 +0200] "GET / HTTP/1.1" 200 5639 "-" "LWP::Simple/5.64"
2001:19f0:6001:c2d:5400:2ff:fe6a:c6df site02.com - [29/Mar/2021:19:38:44 +0200] "GET / HTTP/1.1" 200 5639 "-" "-"
219.94.128.161 site02.com - [29/Mar/2021:19:38:48 +0200] "GET / HTTP/1.1" 200 5639 "-" "LWP::Simple/5.64"
185.195.25.72 site02.com - [29/Mar/2021:19:38:52 +0200] "GET / HTTP/1.1" 200 5639 "-" "-"
157.7.106.9 site02.com - [29/Mar/2021:19:38:54 +0200] "GET / HTTP/1.1" 200 5639 "-" "LWP::Simple/5.64"
58.80.137.167 site02.com - [29/Mar/2021:19:38:59 +0200] "GET / HTTP/1.1" 200 5639 "-" "LWP::Simple/5.64"
157.7.105.232 site02.com - [29/Mar/2021:19:39:02 +0200] "GET / HTTP/1.1" 200 5639 "-" "LWP::Simple/5.64"
58.80.137.164 site02.com - [29/Mar/2021:19:39:05 +0200] "GET / HTTP/1.1" 200 5639 "-" "LWP::Simple/5.64"
150.95.9.18 site02.com - [29/Mar/2021:19:39:11 +0200] "GET / HTTP/1.1" 200 5639 "-" "LWP::Simple/5.64"
202.181.97.55 site02.com - [29/Mar/2021:19:39:18 +0200] "GET / HTTP/1.1" 200 5639 "-" "LWP::Simple/5.64"
157.7.188.161 site02.com - [29/Mar/2021:19:39:18 +0200] "GET / HTTP/1.1" 200 5639 "-" "MagpieRSS/0.72 \\(+http://magpierss.sf.net\\)"
157.7.105.133 site02.com - [29/Mar/2021:19:39:25 +0200] "GET / HTTP/1.1" 200 5639 "-" "LWP::Simple/5.64"
202.181.99.82 site02.com - [29/Mar/2021:19:39:27 +0200] "GET / HTTP/1.1" 200 5639 "-" "LWP::Simple/5.64"
182.93.125.101 site02.com - [29/Mar/2021:19:39:30 +0200] "GET / HTTP/1.1" 200 5639 "-" "MagpieRSS/0.72 \\(+http://magpierss.sf.net\\)"
219.94.128.73 site02.com - [29/Mar/2021:19:39:31 +0200] "GET / HTTP/1.1" 200 5639 "-" "LWP::Simple/5.64"
157.7.106.9 site02.com - [29/Mar/2021:19:39:32 +0200] "GET / HTTP/1.1" 200 5639 "-" "LWP::Simple/5.64"
59.106.19.195 site02.com - [29/Mar/2021:19:39:32 +0200] "GET / HTTP/1.1" 200 5639 "-" "LWP::Simple/5.64"
219.94.162.239 site02.com - [29/Mar/2021:19:39:32 +0200] "GET / HTTP/1.1" 200 5639 "-" "LWP::Simple/5.64"
59.106.19.77 site02.com - [29/Mar/2021:19:39:35 +0200] "GET / HTTP/1.1" 200 5639 "-" "LWP::Simple/5.64"
2607:5300:61:768:: site02.com - [29/Mar/2021:19:39:36 +0200] "GET / HTTP/1.1" 200 5639 "-" "MagpieRSS/0.72 \\(+http://magpierss.sf.net\\)"
157.7.106.102 site02.com - [29/Mar/2021:19:39:37 +0200] "GET / HTTP/1.1" 200 5639 "-" "LWP::Simple/5.64"
202.191.112.38 site02.com - [29/Mar/2021:19:39:42 +0200] "GET / HTTP/1.1" 200 5639 "-" "LWP::Simple/5.64"
59.106.19.143 site02.com - [29/Mar/2021:19:39:44 +0200] "GET / HTTP/1.1" 200 5639 "-" "LWP::Simple/5.64"
59.106.171.52 site02.com - [29/Mar/2021:19:39:46 +0200] "GET / HTTP/1.1" 200 5639 "-" "LWP::Simple/5.64"
203.145.249.2 site02.com - [29/Mar/2021:19:39:47 +0200] "GET / HTTP/1.1" 200 1958 "-" "MagpieRSS/0.72 (+http://magpierss.sf.net)"
157.7.106.16 site02.com - [29/Mar/2021:19:39:48 +0200] "GET / HTTP/1.1" 200 5639 "-" "LWP::Simple/5.64"
157.7.188.248 site02.com - [29/Mar/2021:19:39:56 +0200] "GET / HTTP/1.1" 200 5639 "-" "LWP::Simple/5.64"
157.7.106.170 site02.com - [29/Mar/2021:19:39:57 +0200] "GET / HTTP/1.1" 200 5639 "-" "MagpieRSS/0.72 \\(+http://magpierss.sf.net\\)"
5.196.102.147 site02.com - [29/Mar/2021:19:40:02 +0200] "GET / HTTP/1.1" 200 1958 "http://www.vicsport.org.au/analytics/outbound?url=https://site02.com/" "Mozilla/5.0 (compatible; MSIE 10.0; Windows NT 6.1; WOW64; Trident/6.0; SLCC2; .NET CLR 2.0.50727; .NET CLR 3.5.30729; .NET CLR 3.0.30729; .NET4.0C; .NET4.0E; InfoPath.2; 360SE)"
82.165.80.130 site02.com - [29/Mar/2021:19:40:02 +0200] "GET / HTTP/1.1" 200 5639 "-" "-"
157.7.106.4 site02.com - [29/Mar/2021:19:40:04 +0200] "GET / HTTP/1.1" 200 5639 "-" "LWP::Simple/5.64"
150.60.10.1 site02.com - [29/Mar/2021:19:40:07 +0200] "GET / HTTP/1.1" 200 5639 "-" "LWP::Simple/5.64"
202.172.28.118 site02.com - [29/Mar/2021:19:40:07 +0200] "GET / HTTP/1.1" 200 5639 "-" "LWP::Simple/5.64"
5.196.102.147 site02.com - [29/Mar/2021:19:40:13 +0200] "GET / HTTP/1.1" 200 1958 "http://xn--d1abdw2b.net/bitrix/rk.php?id=326&site_id=s1&event1=banner&event2=click&event3=156+%2F+%5B326%5D+%5BNAVIGATOR_LEFT_2%5D+%D0%93%D1%80%D0%B0%D0%BD%D0%B8%D1%82&goto=https://site02.com/" "Mozilla/5.0 (X11; Linux x86_64; rv:56.0) Gecko/20100101 Firefox/56.0.4 Waterfox/56.0.4"
157.7.105.244 site02.com - [29/Mar/2021:19:40:18 +0200] "GET / HTTP/1.1" 200 5639 "-" "LWP::Simple/5.64"
219.94.129.163 site02.com - [29/Mar/2021:19:40:19 +0200] "GET / HTTP/1.1" 200 5639 "-" "LWP::Simple/5.64"
211.10.17.2 site02.com - [29/Mar/2021:19:40:22 +0200] "GET / HTTP/1.1" 200 5639 "-" "LWP::Simple/5.64"
59.106.19.179 site02.com - [29/Mar/2021:19:40:39 +0200] "GET / HTTP/1.1" 200 5639 "-" "LWP::Simple/5.64"
54.84.26.214 site02.com - [29/Mar/2021:19:40:50 +0200] "GET / HTTP/1.1" 200 1958 "-" "PocketParser/2.0 (+https://getpocket.com/pocketparser_ua)"
2401:2500:102:3035:153:126:199:248 site02.com - [29/Mar/2021:19:40:52 +0200] "GET / HTTP/1.1" 200 1958 "http://www.yahoo.co.jp/" "Mozilla/5.0 (Macintosh; Intel Mac OS X 10.16; rv:85.0) Gecko/20100101 Firefox/85.0"
133.18.34.65 site02.com - [29/Mar/2021:19:40:54 +0200] "GET / HTTP/1.1" 200 5639 "-" "LWP::Simple/5.64"
35.197.95.6 site02.com - [29/Mar/2021:19:40:56 +0200] "GET / HTTP/1.1" 200 1958 "https://jguitar.com/tabmap?url=https://site02.com/" "JGuitar.com Tab Mapper - http://jguitar.com/tabmap"
202.181.99.73 site02.com - [29/Mar/2021:19:41:02 +0200] "GET / HTTP/1.1" 200 5639 "-" "LWP::Simple/5.64"
5.8.64.47 site02.com - [29/Mar/2021:19:41:17 +0200] "GET / HTTP/1.1" 200 5639 "-" "-"
85.13.130.114 site02.com - [29/Mar/2021:19:41:23 +0200] "GET / HTTP/1.1" 200 5639 "-" "-"
35.172.94.40 site02.com - [29/Mar/2021:19:41:28 +0200] "GET / HTTP/1.1" 200 1958 "-" "hxl-proxy/tagger"
195.201.34.52 site02.com - [29/Mar/2021:19:41:44 +0200] "GET / HTTP/1.1" 200 5639 "-" "Mozilla/4.0 (compatible; MSIE 6.0; Windows NT 5.1; SV1; .NET CLR 1.0.3705; .NET CLR 1.1.4322)"
5.196.102.147 site02.com - [29/Mar/2021:19:41:46 +0200] "GET / HTTP/1.1" 200 1958 "https://vicsport.com.au/analytics/outbound?url=https://site02.com/" "Mozilla/5.0 (X11; Linux x86_64; rv:52.9) Gecko/20100101 Goanna/3.4 Firefox/52.9 PaleMoon/27.9.2"
5.196.102.147 site02.com - [29/Mar/2021:19:41:58 +0200] "GET / HTTP/1.1" 200 1958 "https://www.cossa.ru/bitrix/redirect.php?event1=click&event2=&event3=&goto=https://site02.com/" "Mozilla/5.0 (Macintosh; Intel Mac OS X 10_13_5) AppleWebKit/605.1.15 (KHTML, like Gecko) Version/11.1.1 Safari/605.1.15"
183.181.79.124 site02.com - [29/Mar/2021:19:42:02 +0200] "GET / HTTP/1.1" 200 1958 "-" "MagpieRSS/0.72 (+http://magpierss.sf.net)"
31.11.32.58 site02.com - [29/Mar/2021:19:42:24 +0200] "GET / HTTP/1.1" 200 5639 "-" "Mozilla/4.0 (compatible; Win32; WinHttp.WinHttpRequest.5)"
183.90.241.121 site02.com - [29/Mar/2021:19:42:25 +0200] "GET / HTTP/1.1" 200 1958 "-" "MagpieRSS/0.72 (+http://magpierss.sf.net)"
128.210.7.85 site02.com - [29/Mar/2021:19:42:29 +0200] "GET / HTTP/1.1" 200 5639 "-" "-"
164.46.97.238 site02.com - [29/Mar/2021:19:42:34 +0200] "GET / HTTP/1.1" 200 5639 "-" "MagpieRSS/0.72 \\(+http://magpierss.sf.net\\)"
75.101.141.105 site02.com - [29/Mar/2021:19:43:16 +0200] "HEAD / HTTP/1.1" 200 - "-" "Mozilla/4.0 (compatible; Virtuoso)"
44.234.47.227 site06.com - [29/Mar/2021:19:46:38 +0200] "GET / HTTP/1.1" 200 3046 "-" "Mozilla/5.0 (X11; Linux x86_64) AppleWebKit/537.36 (KHTML, like Gecko) Chrome/64.0.3282.119 Safari/537.36"
44.234.47.227 site06.com - [29/Mar/2021:19:46:38 +0200] "GET /wp-content/themes/eolem-twentynineteen/print.css?ver=1.7 HTTP/1.1" 200 1209 "https://site06.com/" "Mozilla/5.0 (X11; Linux x86_64) AppleWebKit/537.36 (KHTML, like Gecko) Chrome/64.0.3282.119 Safari/537.36"
91.134.248.253 site06.com - [29/Mar/2021:19:46:41 +0200] "POST /wp-cron.php?doing_wp_cron=1617040001.2926900386810302734375 HTTP/1.1" 200 25 "https://site06.com/wp-cron.php?doing_wp_cron=1617040001.2926900386810302734375" "WordPress/5.6.2; https://site06.com"
44.229.34.68 site06.com - [29/Mar/2021:19:46:41 +0200] "GET /index.php/politique-de-confidentialite/ HTTP/1.1" 200 5115 "-" "Mozilla/5.0 (X11; Linux x86_64) AppleWebKit/537.36 (KHTML, like Gecko) Chrome/64.0.3282.119 Safari/537.36"
44.229.34.68 site06.com - [29/Mar/2021:19:46:41 +0200] "GET /wp-content/themes/eolem-twentynineteen/print.css?ver=1.7 HTTP/1.1" 200 1209 "https://site06.com/index.php/politique-de-confidentialite/" "Mozilla/5.0 (X11; Linux x86_64) AppleWebKit/537.36 (KHTML, like Gecko) Chrome/64.0.3282.119 Safari/537.36"
44.229.34.68 site06.com - [29/Mar/2021:19:46:41 +0200] "GET /wp-includes/css/dist/block-library/theme.min.css?ver=5.6.2 HTTP/1.1" 200 741 "https://site06.com/index.php/politique-de-confidentialite/" "Mozilla/5.0 (X11; Linux x86_64) AppleWebKit/537.36 (KHTML, like Gecko) Chrome/64.0.3282.119 Safari/537.36"
44.229.34.68 site06.com - [29/Mar/2021:19:46:41 +0200] "GET /wp-includes/js/wp-emoji-release.min.js?ver=5.6.2 HTTP/1.1" 200 4662 "https://site06.com/index.php/politique-de-confidentialite/" "Mozilla/5.0 (X11; Linux x86_64) AppleWebKit/537.36 (KHTML, like Gecko) Chrome/64.0.3282.119 Safari/537.36"
44.229.34.68 site06.com - [29/Mar/2021:19:46:41 +0200] "GET /wp-content/themes/eolem-twentynineteen/style.css?ver=1.7 HTTP/1.1" 200 30106 "https://site06.com/index.php/politique-de-confidentialite/" "Mozilla/5.0 (X11; Linux x86_64) AppleWebKit/537.36 (KHTML, like Gecko) Chrome/64.0.3282.119 Safari/537.36"
148.72.203.161 site02.com - [29/Mar/2021:19:47:48 +0200] "GET / HTTP/1.1" 200 5639 "-" "Mozilla/5.0 (compatible; MSIE 10.0; Windows NT 6.1; WOW64; Trident/6.0; BIDUBrowser 8.7)"
2a03:6f00:1::5c35:60c8 site02.com - [29/Mar/2021:19:47:58 +0200] "GET / HTTP/1.1" 200 5639 "https://site02.com/" "Mozilla/5.0 (Windows NT 10.0; WOW64; rv:56.0) Gecko/20100101 Firefox/56.0"
2a02:4780:1:1::1:902d site02.com - [29/Mar/2021:19:48:31 +0200] "GET / HTTP/1.1" 200 1958 "-" "Salt 1.0"
208.113.210.212 site02.com - [29/Mar/2021:19:48:45 +0200] "GET / HTTP/1.1" 200 5639 "www.neutrality.wtf" "MozillaXYZ/1.0"
2600:3c03::f03c:91ff:fef1:eef9 site02.com - [29/Mar/2021:19:48:45 +0200] "GET / HTTP/1.1" 200 1958 "-" "Ruby, Mozilla/5.0 (Windows; U; Windows NT 5.1; en-GB; rv:1.8.1.6) Gecko/20070725 Firefox/2.0.0.6"
5.196.102.147 site02.com - [29/Mar/2021:19:48:48 +0200] "GET / HTTP/1.1" 200 1958 "https://optocenter.ru/bitrix/rk.php?goto=https://site02.com/" "Mozilla/5.0 (X11; Linux x86_64) AppleWebKit/537.36 (KHTML, like Gecko) Chrome/65.0.3325.109 Safari/537.36"
157.7.106.12 site02.com - [29/Mar/2021:19:48:50 +0200] "GET / HTTP/1.1" 200 5639 "-" "LWP::Simple/5.64"
59.106.13.114 site02.com - [29/Mar/2021:19:48:56 +0200] "GET / HTTP/1.1" 200 5639 "-" "LWP::Simple/5.64"
173.201.196.105 site02.com - [29/Mar/2021:19:49:08 +0200] "GET / HTTP/1.1" 200 5639 "-" "MagpieRSS/0.72 \\(+http://magpierss.sf.net\\)"
157.7.106.113 site02.com - [29/Mar/2021:19:49:15 +0200] "GET / HTTP/1.1" 200 5639 "-" "LWP::Simple/5.64"
157.7.106.90 site02.com - [29/Mar/2021:19:49:25 +0200] "GET / HTTP/1.1" 200 5639 "-" "LWP::Simple/5.64"
2001:e42:102:1814:160:16:225:231 site02.com - [29/Mar/2021:19:49:25 +0200] "GET / HTTP/1.1" 200 5639 "-" "MagpieRSS/0.72 \\(+http://magpierss.sf.net\\)"
5.196.102.147 site02.com - [29/Mar/2021:19:49:28 +0200] "GET / HTTP/1.1" 200 1958 "http://foundation.hawthornfc.com.au/analytics/outbound?url=https://site02.com/" "Mozilla/5.0 (Windows NT 10.0; WOW64) AppleWebKit/537.36 (KHTML, like Gecko) Chrome/69.0.3463.1 Safari/537.36"
157.7.105.243 site02.com - [29/Mar/2021:19:49:33 +0200] "GET / HTTP/1.1" 200 5639 "-" "LWP::Simple/5.64"
27.254.152.7 site02.com - [29/Mar/2021:19:49:37 +0200] "GET / HTTP/1.1" 200 1958 "-" "MagpieRSS/0.72 (+http://magpierss.sf.net)"
88.208.252.157 site02.com - [29/Mar/2021:19:49:38 +0200] "GET / HTTP/1.1" 200 5639 "http://www.internetsupervision.com/urlcheck" "Mozilla/4.0 (compatible; MSIE 6.0; Windows NT 5.0; UrlCheck)"
12.171.94.54 site02.com - [29/Mar/2021:19:49:38 +0200] "GET / HTTP/1.1" 200 5639 "http://www.internetsupervision.com/urlcheck" "Mozilla/4.0 (compatible; MSIE 6.0; Windows NT 5.0; UrlCheck)"
76.80.187.66 site02.com - [29/Mar/2021:19:49:39 +0200] "GET / HTTP/1.1" 200 5639 "http://www.internetsupervision.com/urlcheck" "Mozilla/4.0 (compatible; MSIE 6.0; Windows NT 5.0; UrlCheck)"
157.7.106.165 site02.com - [29/Mar/2021:19:49:43 +0200] "GET / HTTP/1.1" 200 5639 "-" "LWP::Simple/5.64"
219.94.128.60 site02.com - [29/Mar/2021:19:49:46 +0200] "GET / HTTP/1.1" 200 5639 "-" "LWP::Simple/5.64"
157.7.105.239 site02.com - [29/Mar/2021:19:49:47 +0200] "GET / HTTP/1.1" 200 5639 "-" "LWP::Simple/5.64"
157.7.104.92 site02.com - [29/Mar/2021:19:49:47 +0200] "GET / HTTP/1.1" 200 5639 "-" "LWP::Simple/5.64"
66.45.225.10 site02.com - [29/Mar/2021:19:50:10 +0200] "GET / HTTP/1.1" 200 5639 "-" "Mozilla/4.0 (compatible; MSIE 5.01; Windows NT 5.0)"
5.196.102.147 site02.com - [29/Mar/2021:19:50:10 +0200] "GET / HTTP/1.1" 200 1958 "http://mezhdu.net/bitrix/rk.php?goto=https://site02.com/" "Mozilla/5.0 (Windows NT 6.1; WOW64; rv:51.0) Gecko/20100101 Firefox/51.0.1"
87.236.20.102 site02.com - [29/Mar/2021:19:50:12 +0200] "GET / HTTP/1.1" 200 5639 "-" "-"
157.7.106.9 site02.com - [29/Mar/2021:19:50:12 +0200] "GET / HTTP/1.1" 200 5639 "-" "LWP::Simple/5.64"
133.18.66.21 site02.com - [29/Mar/2021:19:50:12 +0200] "GET / HTTP/1.1" 200 5639 "-" "LWP::Simple/5.64"
202.172.28.44 site02.com - [29/Mar/2021:19:50:15 +0200] "GET / HTTP/1.1" 200 5639 "-" "LWP::Simple/5.64"
219.94.128.180 site02.com - [29/Mar/2021:19:50:17 +0200] "GET / HTTP/1.1" 200 5639 "-" "LWP::Simple/5.64"
157.7.106.104 site02.com - [29/Mar/2021:19:50:17 +0200] "GET / HTTP/1.1" 200 1958 "-" "-"
210.188.201.173 site02.com - [29/Mar/2021:19:50:18 +0200] "GET / HTTP/1.1" 200 5639 "-" "MagpieRSS/0.72 \\(+http://magpierss.sf.net\\)"
157.7.106.172 site02.com - [29/Mar/2021:19:50:21 +0200] "GET / HTTP/1.1" 200 5639 "-" "LWP::Simple/5.64"
202.181.97.44 site02.com - [29/Mar/2021:19:50:24 +0200] "GET / HTTP/1.1" 200 5639 "-" "LWP::Simple/5.64"
219.94.128.161 site02.com - [29/Mar/2021:19:50:28 +0200] "GET / HTTP/1.1" 200 5639 "-" "LWP::Simple/5.64"
185.195.25.72 site02.com - [29/Mar/2021:19:50:32 +0200] "GET / HTTP/1.1" 200 5639 "-" "-"
157.7.106.9 site02.com - [29/Mar/2021:19:50:34 +0200] "GET / HTTP/1.1" 200 5639 "-" "LWP::Simple/5.64"
157.7.105.232 site02.com - [29/Mar/2021:19:50:41 +0200] "GET / HTTP/1.1" 200 5639 "-" "LWP::Simple/5.64"
150.95.9.18 site02.com - [29/Mar/2021:19:50:49 +0200] "GET / HTTP/1.1" 200 5639 "-" "LWP::Simple/5.64"
157.7.188.161 site02.com - [29/Mar/2021:19:50:56 +0200] "GET / HTTP/1.1" 200 5639 "-" "MagpieRSS/0.72 \\(+http://magpierss.sf.net\\)"
52.38.203.67 site02.com - [29/Mar/2021:19:50:57 +0200] "GET / HTTP/1.1" 200 5639 "-" "MagpieRSS/0.72 \\(+http://magpierss.sf.net\\)"
157.7.105.133 site02.com - [29/Mar/2021:19:51:03 +0200] "GET / HTTP/1.1" 200 5639 "-" "LWP::Simple/5.64"
202.181.99.82 site02.com - [29/Mar/2021:19:51:04 +0200] "GET / HTTP/1.1" 200 5639 "-" "LWP::Simple/5.64"
182.93.125.101 site02.com - [29/Mar/2021:19:51:09 +0200] "GET / HTTP/1.1" 200 5639 "-" "MagpieRSS/0.72 \\(+http://magpierss.sf.net\\)"
219.94.128.73 site02.com - [29/Mar/2021:19:51:10 +0200] "GET / HTTP/1.1" 200 5639 "-" "LWP::Simple/5.64"
157.7.106.9 site02.com - [29/Mar/2021:19:51:11 +0200] "GET / HTTP/1.1" 200 5639 "-" "LWP::Simple/5.64"
59.106.19.195 site02.com - [29/Mar/2021:19:51:11 +0200] "GET / HTTP/1.1" 200 5639 "-" "LWP::Simple/5.64"
219.94.162.239 site02.com - [29/Mar/2021:19:51:11 +0200] "GET / HTTP/1.1" 200 5639 "-" "LWP::Simple/5.64"
59.106.19.77 site02.com - [29/Mar/2021:19:51:14 +0200] "GET / HTTP/1.1" 200 5639 "-" "LWP::Simple/5.64"
2607:5300:61:768:: site02.com - [29/Mar/2021:19:51:15 +0200] "GET / HTTP/1.1" 200 5639 "-" "MagpieRSS/0.72 \\(+http://magpierss.sf.net\\)"
157.7.106.102 site02.com - [29/Mar/2021:19:51:16 +0200] "GET / HTTP/1.1" 200 5639 "-" "LWP::Simple/5.64"
219.94.162.18 site02.com - [29/Mar/2021:19:51:18 +0200] "GET / HTTP/1.1" 200 5639 "-" "LWP::Simple/5.64"
91.196.124.230 site02.com - [29/Mar/2021:19:51:20 +0200] "GET / HTTP/1.1" 200 5639 "-" "-"
202.191.112.38 site02.com - [29/Mar/2021:19:51:21 +0200] "GET / HTTP/1.1" 200 5639 "-" "LWP::Simple/5.64"
59.106.171.52 site02.com - [29/Mar/2021:19:51:25 +0200] "GET / HTTP/1.1" 200 5639 "-" "LWP::Simple/5.64"
203.145.249.2 site02.com - [29/Mar/2021:19:51:27 +0200] "GET / HTTP/1.1" 200 1958 "-" "MagpieRSS/0.72 (+http://magpierss.sf.net)"
157.7.106.16 site02.com - [29/Mar/2021:19:51:28 +0200] "GET / HTTP/1.1" 200 5639 "-" "LWP::Simple/5.64"
183.181.99.12 site02.com - [29/Mar/2021:19:51:33 +0200] "GET / HTTP/1.1" 200 5639 "-" "MagpieRSS/0.72 \\(+http://magpierss.sf.net\\)"
157.7.188.248 site02.com - [29/Mar/2021:19:51:38 +0200] "GET / HTTP/1.1" 200 5639 "-" "LWP::Simple/5.64"
157.7.106.170 site02.com - [29/Mar/2021:19:51:39 +0200] "GET / HTTP/1.1" 200 5639 "-" "MagpieRSS/0.72 \\(+http://magpierss.sf.net\\)"
5.196.102.147 site02.com - [29/Mar/2021:19:51:44 +0200] "GET / HTTP/1.1" 200 1958 "http://www.vicsport.org.au/analytics/outbound?url=https://site02.com/" "Mozilla/5.0 (Windows NT 6.1; WOW64) AppleWebKit/537.36 (KHTML, like Gecko) Chrome/54.0.2840.59 Safari/537.36 115Browser/8.3.0"
82.165.80.130 site02.com - [29/Mar/2021:19:51:44 +0200] "GET / HTTP/1.1" 200 5639 "-" "-"
157.7.106.4 site02.com - [29/Mar/2021:19:51:47 +0200] "GET / HTTP/1.1" 200 5639 "-" "LWP::Simple/5.64"
150.60.10.1 site02.com - [29/Mar/2021:19:51:49 +0200] "GET / HTTP/1.1" 200 5639 "-" "LWP::Simple/5.64"
202.172.28.118 site02.com - [29/Mar/2021:19:51:50 +0200] "GET / HTTP/1.1" 200 5639 "-" "LWP::Simple/5.64"
5.196.102.147 site02.com - [29/Mar/2021:19:51:56 +0200] "GET / HTTP/1.1" 200 1958 "http://xn--d1abdw2b.net/bitrix/rk.php?id=326&site_id=s1&event1=banner&event2=click&event3=156+%2F+%5B326%5D+%5BNAVIGATOR_LEFT_2%5D+%D0%93%D1%80%D0%B0%D0%BD%D0%B8%D1%82&goto=https://site02.com/" "Mozilla/5.0 (Macintosh; Intel Mac OS X 10_13_5) AppleWebKit/537.36 (KHTML, like Gecko) Chrome/66.0.3359.170 Safari/537.36 OPR/53.0.2907.68"
157.7.105.244 site02.com - [29/Mar/2021:19:52:00 +0200] "GET / HTTP/1.1" 200 5639 "-" "LWP::Simple/5.64"
219.94.129.163 site02.com - [29/Mar/2021:19:52:03 +0200] "GET / HTTP/1.1" 200 5639 "-" "LWP::Simple/5.64"
211.10.17.2 site02.com - [29/Mar/2021:19:52:06 +0200] "GET / HTTP/1.1" 200 5639 "-" "LWP::Simple/5.64"
192.185.4.39 site02.com - [29/Mar/2021:19:52:20 +0200] "GET / HTTP/1.1" 200 1958 "-" "MagpieRSS/0.72 (+http://magpierss.sf.net)"
2001:67c:2070:c88e::1 site02.com - [29/Mar/2021:19:52:24 +0200] "GET / HTTP/1.1" 200 5639 "-" "PHP (www.dingo.com.ua), hosted by www.ukraine.com.ua"
59.106.19.179 site02.com - [29/Mar/2021:19:52:24 +0200] "GET / HTTP/1.1" 200 5639 "-" "LWP::Simple/5.64"
2001:67c:2070:c88e::1 site02.com - [29/Mar/2021:19:52:25 +0200] "GET / HTTP/1.1" 200 5639 "-" "PHP (www.dingo.com.ua), hosted by www.ukraine.com.ua"
2001:67c:2070:c88e::1 site02.com - [29/Mar/2021:19:52:25 +0200] "GET / HTTP/1.1" 200 5639 "-" "PHP (www.dingo.com.ua), hosted by www.ukraine.com.ua"
35.171.28.60 site02.com - [29/Mar/2021:19:52:35 +0200] "GET / HTTP/1.1" 200 1958 "-" "PocketParser/2.0 (+https://getpocket.com/pocketparser_ua)"
2401:2500:102:3035:153:126:199:248 site02.com - [29/Mar/2021:19:52:37 +0200] "GET / HTTP/1.1" 200 1958 "http://www.yahoo.co.jp/" "Mozilla/5.0 (Macintosh; Intel Mac OS X 10.16; rv:85.0) Gecko/20100101 Firefox/85.0"
133.18.34.65 site02.com - [29/Mar/2021:19:52:40 +0200] "GET / HTTP/1.1" 200 5639 "-" "LWP::Simple/5.64"
35.197.95.6 site02.com - [29/Mar/2021:19:52:41 +0200] "GET / HTTP/1.1" 200 1958 "https://jguitar.com/tabmap?url=https://site02.com/" "JGuitar.com Tab Mapper - http://jguitar.com/tabmap"
202.181.99.73 site02.com - [29/Mar/2021:19:52:47 +0200] "GET / HTTP/1.1" 200 5639 "-" "LWP::Simple/5.64"
5.8.64.47 site02.com - [29/Mar/2021:19:53:04 +0200] "GET / HTTP/1.1" 200 5639 "-" "-"
85.13.130.114 site02.com - [29/Mar/2021:19:53:09 +0200] "GET / HTTP/1.1" 200 5639 "-" "-"
195.154.113.33 site02.com - [29/Mar/2021:19:53:12 +0200] "GET / HTTP/1.1" 200 1958 "-" "MagpieRSS/0.72 (+http://magpierss.sf.net)"
34.232.82.54 site02.com - [29/Mar/2021:19:53:14 +0200] "GET / HTTP/1.1" 200 1958 "-" "hxl-proxy/tagger"
195.201.34.52 site02.com - [29/Mar/2021:19:53:32 +0200] "GET / HTTP/1.1" 200 5639 "-" "Mozilla/4.0 (compatible; MSIE 6.0; Windows NT 5.1; SV1; .NET CLR 1.0.3705; .NET CLR 1.1.4322)"
5.196.102.147 site02.com - [29/Mar/2021:19:53:35 +0200] "GET / HTTP/1.1" 200 1958 "https://vicsport.com.au/analytics/outbound?url=https://site02.com/" "Mozilla/5.0 (Windows NT 6.1; WOW64) AppleWebKit/537.36 (KHTML, like Gecko) Chrome/63.0.3239.26 Safari/537.36 Core/1.63.5221.400 QQBrowser/10.0.1125.400"
160.16.127.62 site02.com - [29/Mar/2021:19:53:39 +0200] "GET / HTTP/1.1" 200 5639 "-" "MagpieRSS/0.72 \\(+http://magpierss.sf.net\\)"
5.196.102.147 site02.com - [29/Mar/2021:19:53:49 +0200] "GET / HTTP/1.1" 200 1958 "https://www.cossa.ru/bitrix/redirect.php?event1=click&event2=&event3=&goto=https://site02.com/" "Mozilla/5.0 (Windows NT 10.0; Win64; x64) AppleWebKit/537.36 (KHTML, like Gecko) Chrome/60.0.3112.113 Whale/1.0.40.10 Safari/537.36"
183.181.79.124 site02.com - [29/Mar/2021:19:53:54 +0200] "GET / HTTP/1.1" 200 1958 "-" "MagpieRSS/0.72 (+http://magpierss.sf.net)"
31.11.32.58 site02.com - [29/Mar/2021:19:54:17 +0200] "GET / HTTP/1.1" 200 5639 "-" "Mozilla/4.0 (compatible; Win32; WinHttp.WinHttpRequest.5)"
183.90.241.121 site02.com - [29/Mar/2021:19:54:18 +0200] "GET / HTTP/1.1" 200 1958 "-" "MagpieRSS/0.72 (+http://magpierss.sf.net)"
128.210.7.86 site02.com - [29/Mar/2021:19:54:22 +0200] "GET / HTTP/1.1" 200 5639 "-" "-"
164.46.97.238 site02.com - [29/Mar/2021:19:54:27 +0200] "GET / HTTP/1.1" 200 5639 "-" "MagpieRSS/0.72 \\(+http://magpierss.sf.net\\)"
35.194.103.147 site02.com - [29/Mar/2021:19:54:45 +0200] "GET / HTTP/1.1" 200 5639 "-" "-"
75.101.141.105 site02.com - [29/Mar/2021:19:55:10 +0200] "HEAD / HTTP/1.1" 200 - "-" "Mozilla/4.0 (compatible; Virtuoso)"
173.252.83.12 www.site06.com - [29/Mar/2021:19:56:30 +0200] "GET / HTTP/1.1" 301 - "-" "facebookexternalhit/1.1 (+http://www.facebook.com/externalhit_uatext.php)"
213.186.33.176 site06.com - [29/Mar/2021:19:56:31 +0200] "POST /wp-cron.php?doing_wp_cron=1617040591.0906929969787597656250 HTTP/1.1" 200 25 "http://site06.com/wp-cron.php?doing_wp_cron=1617040591.0906929969787597656250" "WordPress/5.6.2; https://site06.com"
173.252.83.12 site06.com - [29/Mar/2021:19:56:31 +0200] "GET / HTTP/1.1" 200 3046 "-" "facebookexternalhit/1.1 (+http://www.facebook.com/externalhit_uatext.php)"
24.172.246.199 site03.com - [29/Mar/2021:19:56:42 +0200] "GET /wp-login.php HTTP/1.1" 301 253 "-" "Mozilla/5.0 (X11; Ubuntu; Linux x86_64; rv:62.0) Gecko/20100101 Firefox/62.0"
24.172.246.199 site03.com - [29/Mar/2021:19:56:42 +0200] "GET /wp-login.php HTTP/1.1" 404 196 "http://site03.com/wp-login.php" "Mozilla/5.0 (X11; Ubuntu; Linux x86_64; rv:62.0) Gecko/20100101 Firefox/62.0"
213.186.33.176 site06.com - [29/Mar/2021:19:57:55 +0200] "POST /wp-cron.php?doing_wp_cron=1617040675.9572050571441650390625 HTTP/1.1" 200 25 "http://site06.com/wp-cron.php?doing_wp_cron=1617040675.9572050571441650390625" "WordPress/5.6.2; https://site06.com"
40.77.167.14 site06.com - [29/Mar/2021:19:57:55 +0200] "GET /-Rachat-credit-.html HTTP/1.1" 404 9825 "-" "Mozilla/5.0 (compatible; bingbot/2.0; +http://www.bing.com/bingbot.htm)"
148.72.203.161 site02.com - [29/Mar/2021:19:59:39 +0200] "GET / HTTP/1.1" 200 5639 "-" "Mozilla/5.0 (Macintosh; Intel Mac OS X 10_13_0) AppleWebKit/537.36 (KHTML, like Gecko) Chrome/66.0.3359.139 Safari/537.36"
47.52.151.237 site02.com - [29/Mar/2021:19:59:44 +0200] "GET / HTTP/1.1" 200 5639 "-" "Mozilla\\/5.0 (iPhone; CPU iPhone OS 8_0 like Mac OS X) AppleWebKit\\/600.1.3 (KHTML, like Gecko) Version\\/8.0 Mobile\\/12A4345d Safari\\/600.1.4"
2a03:6f00:1::5c35:60c8 site02.com - [29/Mar/2021:19:59:49 +0200] "GET / HTTP/1.1" 200 5639 "https://site02.com/" "Mozilla/5.0 (Windows NT 10.0; WOW64; rv:56.0) Gecko/20100101 Firefox/56.0"
2a02:4780:1:1::1:902d site02.com - [29/Mar/2021:20:00:20 +0200] "GET / HTTP/1.1" 200 1958 "-" "Salt 1.0"
208.113.210.212 site02.com - [29/Mar/2021:20:00:36 +0200] "GET / HTTP/1.1" 200 5639 "www.neutrality.wtf" "MozillaXYZ/1.0"
2600:3c03::f03c:91ff:fef1:eef9 site02.com - [29/Mar/2021:20:00:37 +0200] "GET / HTTP/1.1" 200 1958 "-" "Ruby, Mozilla/5.0 (Windows; U; Windows NT 5.1; en-GB; rv:1.8.1.6) Gecko/20070725 Firefox/2.0.0.6"
5.196.102.147 site02.com - [29/Mar/2021:20:00:40 +0200] "GET / HTTP/1.1" 200 1958 "http://pcr.richgroupusa.com/pcrbin/message.exe?action=REDIRECT&url=https://site02.com/" "Mozilla/5.0 (Macintosh; Intel Mac OS X 10_13_3) AppleWebKit/537.36 (KHTML, like Gecko) Chrome/67.0.3396.79 Safari/537.36"
157.7.106.12 site02.com - [29/Mar/2021:20:00:42 +0200] "GET / HTTP/1.1" 200 5639 "-" "LWP::Simple/5.64"
157.7.106.91 site02.com - [29/Mar/2021:20:00:46 +0200] "GET / HTTP/1.1" 200 5639 "-" "LWP::Simple/5.64"
59.106.13.114 site02.com - [29/Mar/2021:20:00:48 +0200] "GET / HTTP/1.1" 200 5639 "-" "LWP::Simple/5.64"
173.201.196.105 site02.com - [29/Mar/2021:20:00:59 +0200] "GET / HTTP/1.1" 200 5639 "-" "MagpieRSS/0.72 \\(+http://magpierss.sf.net\\)"
157.7.106.113 site02.com - [29/Mar/2021:20:01:07 +0200] "GET / HTTP/1.1" 200 5639 "-" "LWP::Simple/5.64"
2001:e42:102:1814:160:16:225:231 site02.com - [29/Mar/2021:20:01:16 +0200] "GET / HTTP/1.1" 200 5639 "-" "MagpieRSS/0.72 \\(+http://magpierss.sf.net\\)"
157.7.106.90 site02.com - [29/Mar/2021:20:01:16 +0200] "GET / HTTP/1.1" 200 5639 "-" "LWP::Simple/5.64"
5.196.102.147 site02.com - [29/Mar/2021:20:01:20 +0200] "GET / HTTP/1.1" 200 1958 "http://foundation.hawthornfc.com.au/analytics/outbound?url=https://site02.com/" "Mozilla/5.0 (Windows NT 10.0; Win64; x64) AppleWebKit/537.36 (KHTML, like Gecko) Chrome/64.0.3282.189 Safari/537.36 Vivaldi/1.95.1077.60"
157.7.105.243 site02.com - [29/Mar/2021:20:01:25 +0200] "GET / HTTP/1.1" 200 5639 "-" "LWP::Simple/5.64"
219.94.129.80 site02.com - [29/Mar/2021:20:01:27 +0200] "GET / HTTP/1.1" 200 5639 "-" "LWP::Simple/5.64"
27.254.152.7 site02.com - [29/Mar/2021:20:01:28 +0200] "GET / HTTP/1.1" 200 1958 "-" "MagpieRSS/0.72 (+http://magpierss.sf.net)"
88.208.252.157 site02.com - [29/Mar/2021:20:01:31 +0200] "GET / HTTP/1.1" 200 5639 "http://www.internetsupervision.com/urlcheck" "Mozilla/4.0 (compatible; MSIE 6.0; Windows NT 5.0; UrlCheck)"
12.171.94.54 site02.com - [29/Mar/2021:20:01:31 +0200] "GET / HTTP/1.1" 200 5639 "http://www.internetsupervision.com/urlcheck" "Mozilla/4.0 (compatible; MSIE 6.0; Windows NT 5.0; UrlCheck)"
76.80.187.66 site02.com - [29/Mar/2021:20:01:32 +0200] "GET / HTTP/1.1" 200 5639 "http://www.internetsupervision.com/urlcheck" "Mozilla/4.0 (compatible; MSIE 6.0; Windows NT 5.0; UrlCheck)"
157.7.106.165 site02.com - [29/Mar/2021:20:01:36 +0200] "GET / HTTP/1.1" 200 5639 "-" "LWP::Simple/5.64"
219.94.128.60 site02.com - [29/Mar/2021:20:01:38 +0200] "GET / HTTP/1.1" 200 5639 "-" "LWP::Simple/5.64"
157.7.105.239 site02.com - [29/Mar/2021:20:01:38 +0200] "GET / HTTP/1.1" 200 5639 "-" "LWP::Simple/5.64"
157.7.104.92 site02.com - [29/Mar/2021:20:01:39 +0200] "GET / HTTP/1.1" 200 5639 "-" "LWP::Simple/5.64"
66.45.225.10 site02.com - [29/Mar/2021:20:02:01 +0200] "GET / HTTP/1.1" 200 5639 "-" "Mozilla/4.0 (compatible; MSIE 5.01; Windows NT 5.0)"
5.196.102.147 site02.com - [29/Mar/2021:20:02:01 +0200] "GET / HTTP/1.1" 200 1958 "http://mezhdu.net/bitrix/rk.php?goto=https://site02.com/" "Mozilla/5.0 (Windows NT 6.1; WOW64) AppleWebKit/537.36 (KHTML, like Gecko) Chrome/67.0.3396.87 Safari/537.36"
87.236.20.102 site02.com - [29/Mar/2021:20:02:01 +0200] "GET / HTTP/1.1" 200 5639 "-" "-"
133.18.66.21 site02.com - [29/Mar/2021:20:02:02 +0200] "GET / HTTP/1.1" 200 5639 "-" "LWP::Simple/5.64"
157.7.106.9 site02.com - [29/Mar/2021:20:02:03 +0200] "GET / HTTP/1.1" 200 5639 "-" "LWP::Simple/5.64"
202.172.28.44 site02.com - [29/Mar/2021:20:02:06 +0200] "GET / HTTP/1.1" 200 5639 "-" "LWP::Simple/5.64"
219.94.128.180 site02.com - [29/Mar/2021:20:02:08 +0200] "GET / HTTP/1.1" 200 5639 "-" "LWP::Simple/5.64"
210.188.201.173 site02.com - [29/Mar/2021:20:02:08 +0200] "GET / HTTP/1.1" 200 5639 "-" "MagpieRSS/0.72 \\(+http://magpierss.sf.net\\)"
157.7.106.104 site02.com - [29/Mar/2021:20:02:09 +0200] "GET / HTTP/1.1" 200 1958 "-" "-"
157.7.106.172 site02.com - [29/Mar/2021:20:02:11 +0200] "GET / HTTP/1.1" 200 5639 "-" "LWP::Simple/5.64"
202.181.97.44 site02.com - [29/Mar/2021:20:02:15 +0200] "GET / HTTP/1.1" 200 5639 "-" "LWP::Simple/5.64"
219.94.162.108 site02.com - [29/Mar/2021:20:02:19 +0200] "GET / HTTP/1.1" 200 5639 "-" "LWP::Simple/6.00 libwww-perl/6.05"
219.94.128.161 site02.com - [29/Mar/2021:20:02:21 +0200] "GET / HTTP/1.1" 200 5639 "-" "LWP::Simple/5.64"
185.195.25.72 site02.com - [29/Mar/2021:20:02:25 +0200] "GET / HTTP/1.1" 200 5639 "-" "-"
157.7.106.9 site02.com - [29/Mar/2021:20:02:27 +0200] "GET / HTTP/1.1" 200 5639 "-" "LWP::Simple/5.64"
58.80.137.167 site02.com - [29/Mar/2021:20:02:29 +0200] "GET / HTTP/1.1" 200 5639 "-" "LWP::Simple/5.64"
157.7.105.232 site02.com - [29/Mar/2021:20:02:33 +0200] "GET / HTTP/1.1" 200 5639 "-" "LWP::Simple/5.64"
58.80.137.164 site02.com - [29/Mar/2021:20:02:36 +0200] "GET / HTTP/1.1" 200 5639 "-" "LWP::Simple/5.64"
150.95.9.18 site02.com - [29/Mar/2021:20:02:42 +0200] "GET / HTTP/1.1" 200 5639 "-" "LWP::Simple/5.64"
202.181.97.55 site02.com - [29/Mar/2021:20:02:48 +0200] "GET / HTTP/1.1" 200 5639 "-" "LWP::Simple/5.64"
157.7.188.161 site02.com - [29/Mar/2021:20:02:48 +0200] "GET / HTTP/1.1" 200 5639 "-" "MagpieRSS/0.72 \\(+http://magpierss.sf.net\\)"
52.38.203.67 site02.com - [29/Mar/2021:20:02:50 +0200] "GET / HTTP/1.1" 200 5639 "-" "MagpieRSS/0.72 \\(+http://magpierss.sf.net\\)"
157.7.105.133 site02.com - [29/Mar/2021:20:02:55 +0200] "GET / HTTP/1.1" 200 5639 "-" "LWP::Simple/5.64"
202.181.99.82 site02.com - [29/Mar/2021:20:02:57 +0200] "GET / HTTP/1.1" 200 5639 "-" "LWP::Simple/5.64"
2a03:b0c0:3:e0::193:2001 site02.com - [29/Mar/2021:20:02:58 +0200] "GET / HTTP/1.1" 200 5639 "-" "MagpieRSS/0.72 \\(+http://magpierss.sf.net\\)"
182.93.125.101 site02.com - [29/Mar/2021:20:03:00 +0200] "GET / HTTP/1.1" 200 5639 "-" "MagpieRSS/0.72 \\(+http://magpierss.sf.net\\)"
219.94.128.73 site02.com - [29/Mar/2021:20:03:02 +0200] "GET / HTTP/1.1" 200 5639 "-" "LWP::Simple/5.64"
157.7.106.9 site02.com - [29/Mar/2021:20:03:03 +0200] "GET / HTTP/1.1" 200 5639 "-" "LWP::Simple/5.64"
219.94.162.239 site02.com - [29/Mar/2021:20:03:03 +0200] "GET / HTTP/1.1" 200 5639 "-" "LWP::Simple/5.64"
59.106.19.195 site02.com - [29/Mar/2021:20:03:03 +0200] "GET / HTTP/1.1" 200 5639 "-" "LWP::Simple/5.64"
59.106.19.77 site02.com - [29/Mar/2021:20:03:06 +0200] "GET / HTTP/1.1" 200 5639 "-" "LWP::Simple/5.64"
2607:5300:61:768:: site02.com - [29/Mar/2021:20:03:07 +0200] "GET / HTTP/1.1" 200 5639 "-" "MagpieRSS/0.72 \\(+http://magpierss.sf.net\\)"
157.7.106.102 site02.com - [29/Mar/2021:20:03:08 +0200] "GET / HTTP/1.1" 200 5639 "-" "LWP::Simple/5.64"
91.196.124.230 site02.com - [29/Mar/2021:20:03:10 +0200] "GET / HTTP/1.1" 200 5639 "-" "-"
219.94.162.18 site02.com - [29/Mar/2021:20:03:10 +0200] "GET / HTTP/1.1" 200 5639 "-" "LWP::Simple/5.64"
91.196.124.230 site02.com - [29/Mar/2021:20:03:11 +0200] "GET / HTTP/1.1" 200 5639 "-" "-"
202.191.112.38 site02.com - [29/Mar/2021:20:03:13 +0200] "GET / HTTP/1.1" 200 5639 "-" "LWP::Simple/5.64"
59.106.19.143 site02.com - [29/Mar/2021:20:03:16 +0200] "GET / HTTP/1.1" 200 5639 "-" "LWP::Simple/5.64"
59.106.171.52 site02.com - [29/Mar/2021:20:03:18 +0200] "GET / HTTP/1.1" 200 5639 "-" "LWP::Simple/5.64"
157.7.106.16 site02.com - [29/Mar/2021:20:03:21 +0200] "GET / HTTP/1.1" 200 5639 "-" "LWP::Simple/5.64"
203.145.249.2 site02.com - [29/Mar/2021:20:03:21 +0200] "GET / HTTP/1.1" 200 1958 "-" "MagpieRSS/0.72 (+http://magpierss.sf.net)"
219.94.192.92 site02.com - [29/Mar/2021:20:03:24 +0200] "GET / HTTP/1.1" 200 5639 "-" "LWP::Simple/5.64"
183.181.99.12 site02.com - [29/Mar/2021:20:03:26 +0200] "GET / HTTP/1.1" 200 5639 "-" "MagpieRSS/0.72 \\(+http://magpierss.sf.net\\)"
139.59.2.181 site03.com - [29/Mar/2021:20:03:29 +0200] "GET /wp-login.php HTTP/1.1" 301 253 "-" "Mozilla/5.0 (X11; Ubuntu; Linux x86_64; rv:62.0) Gecko/20100101 Firefox/62.0"
139.59.2.181 site03.com - [29/Mar/2021:20:03:29 +0200] "GET /wp-login.php HTTP/1.1" 404 196 "http://site03.com/wp-login.php" "Mozilla/5.0 (X11; Ubuntu; Linux x86_64; rv:62.0) Gecko/20100101 Firefox/62.0"
157.7.188.248 site02.com - [29/Mar/2021:20:03:29 +0200] "GET / HTTP/1.1" 200 5639 "-" "LWP::Simple/5.64"
157.7.106.170 site02.com - [29/Mar/2021:20:03:30 +0200] "GET / HTTP/1.1" 200 5639 "-" "MagpieRSS/0.72 \\(+http://magpierss.sf.net\\)"
5.196.102.147 site02.com - [29/Mar/2021:20:03:35 +0200] "GET / HTTP/1.1" 200 1958 "http://www.vicsport.org.au/analytics/outbound?url=https://site02.com/" "Mozilla/5.0 (X11; Linux x86_64) AppleWebKit/537.36 (KHTML, like Gecko) Chrome/66.0.3359.170 Safari/537.36"
82.165.80.130 site02.com - [29/Mar/2021:20:03:36 +0200] "GET / HTTP/1.1" 200 5639 "-" "-"
150.95.8.207 site02.com - [29/Mar/2021:20:03:37 +0200] "GET / HTTP/1.1" 200 5639 "-" "LWP::Simple/5.64"
157.7.106.4 site02.com - [29/Mar/2021:20:03:38 +0200] "GET / HTTP/1.1" 200 5639 "-" "LWP::Simple/5.64"
150.60.10.1 site02.com - [29/Mar/2021:20:03:41 +0200] "GET / HTTP/1.1" 200 5639 "-" "LWP::Simple/5.64"
202.172.28.118 site02.com - [29/Mar/2021:20:03:42 +0200] "GET / HTTP/1.1" 200 5639 "-" "LWP::Simple/5.64"
5.196.102.147 site02.com - [29/Mar/2021:20:03:49 +0200] "GET / HTTP/1.1" 200 1958 "http://xn--d1abdw2b.net/bitrix/rk.php?id=326&site_id=s1&event1=banner&event2=click&event3=156+%2F+%5B326%5D+%5BNAVIGATOR_LEFT_2%5D+%D0%93%D1%80%D0%B0%D0%BD%D0%B8%D1%82&goto=https://site02.com/" "Mozilla/5.0 (Windows NT 6.1) AppleWebKit/537.36 (KHTML, like Gecko) Chrome/66.0.3359.170 Safari/537.36"
157.7.105.244 site02.com - [29/Mar/2021:20:03:52 +0200] "GET / HTTP/1.1" 200 5639 "-" "LWP::Simple/5.64"
219.94.129.163 site02.com - [29/Mar/2021:20:03:54 +0200] "GET / HTTP/1.1" 200 5639 "-" "LWP::Simple/5.64"
211.10.17.2 site02.com - [29/Mar/2021:20:03:57 +0200] "GET / HTTP/1.1" 200 5639 "-" "LWP::Simple/5.64"
192.185.4.39 site02.com - [29/Mar/2021:20:04:09 +0200] "GET / HTTP/1.1" 200 1958 "-" "MagpieRSS/0.72 (+http://magpierss.sf.net)"
2001:67c:2070:c88e::1 site02.com - [29/Mar/2021:20:04:14 +0200] "GET / HTTP/1.1" 200 5639 "-" "PHP (www.dingo.com.ua), hosted by www.ukraine.com.ua"
59.106.19.179 site02.com - [29/Mar/2021:20:04:14 +0200] "GET / HTTP/1.1" 200 5639 "-" "LWP::Simple/5.64"
2001:67c:2070:c88e::1 site02.com - [29/Mar/2021:20:04:15 +0200] "GET / HTTP/1.1" 200 5639 "-" "PHP (www.dingo.com.ua), hosted by www.ukraine.com.ua"
2001:67c:2070:c88e::1 site02.com - [29/Mar/2021:20:04:16 +0200] "GET / HTTP/1.1" 200 5639 "-" "PHP (www.dingo.com.ua), hosted by www.ukraine.com.ua"
54.84.26.214 site02.com - [29/Mar/2021:20:04:25 +0200] "GET / HTTP/1.1" 200 1958 "-" "PocketParser/2.0 (+https://getpocket.com/pocketparser_ua)"
2401:2500:102:3035:153:126:199:248 site02.com - [29/Mar/2021:20:04:29 +0200] "GET / HTTP/1.1" 200 1958 "http://www.yahoo.co.jp/" "Mozilla/5.0 (Macintosh; Intel Mac OS X 10.16; rv:85.0) Gecko/20100101 Firefox/85.0"
133.18.34.65 site02.com - [29/Mar/2021:20:04:32 +0200] "GET / HTTP/1.1" 200 5639 "-" "LWP::Simple/5.64"
35.197.95.6 site02.com - [29/Mar/2021:20:04:34 +0200] "GET / HTTP/1.1" 200 1958 "https://jguitar.com/tabmap?url=https://site02.com/" "JGuitar.com Tab Mapper - http://jguitar.com/tabmap"
202.181.99.73 site02.com - [29/Mar/2021:20:04:38 +0200] "GET / HTTP/1.1" 200 5639 "-" "LWP::Simple/5.64"
5.8.64.47 site02.com - [29/Mar/2021:20:04:53 +0200] "GET / HTTP/1.1" 200 5639 "-" "-"
85.13.130.114 site02.com - [29/Mar/2021:20:04:59 +0200] "GET / HTTP/1.1" 200 5639 "-" "-"
195.154.113.33 site02.com - [29/Mar/2021:20:05:03 +0200] "GET / HTTP/1.1" 200 1958 "-" "MagpieRSS/0.72 (+http://magpierss.sf.net)"
3.218.170.39 site02.com - [29/Mar/2021:20:05:05 +0200] "GET / HTTP/1.1" 200 1958 "-" "hxl-proxy/tagger"
195.201.34.52 site02.com - [29/Mar/2021:20:05:26 +0200] "GET / HTTP/1.1" 200 5639 "-" "Mozilla/4.0 (compatible; MSIE 6.0; Windows NT 5.1; SV1; .NET CLR 1.0.3705; .NET CLR 1.1.4322)"
5.196.102.147 site02.com - [29/Mar/2021:20:05:29 +0200] "GET / HTTP/1.1" 200 1958 "https://vicsport.com.au/analytics/outbound?url=https://site02.com/" "Mozilla/5.0 (Macintosh; Intel Mac OS X 10_13_3) AppleWebKit/537.36 (KHTML, like Gecko) Chrome/65.0.3325.162 Safari/537.36 OPR/52.0.2871.27 (Edition beta)"
5.196.102.147 site02.com - [29/Mar/2021:20:05:41 +0200] "GET / HTTP/1.1" 200 1958 "https://www.cossa.ru/bitrix/redirect.php?event1=click&event2=&event3=&goto=https://site02.com/" "Mozilla/5.0 (compatible; MSIE 7.0; Windows NT 5.1; .NET CLR 1.1.4322) 360JK yunjiankong 427691"
183.181.79.124 site02.com - [29/Mar/2021:20:05:45 +0200] "GET / HTTP/1.1" 200 1958 "-" "MagpieRSS/0.72 (+http://magpierss.sf.net)"
31.11.32.58 site02.com - [29/Mar/2021:20:06:11 +0200] "GET / HTTP/1.1" 200 5639 "-" "Mozilla/4.0 (compatible; Win32; WinHttp.WinHttpRequest.5)"
183.90.241.121 site02.com - [29/Mar/2021:20:06:11 +0200] "GET / HTTP/1.1" 200 1958 "-" "MagpieRSS/0.72 (+http://magpierss.sf.net)"
128.210.7.85 site02.com - [29/Mar/2021:20:06:15 +0200] "GET / HTTP/1.1" 200 5639 "-" "-"
164.46.97.238 site02.com - [29/Mar/2021:20:06:21 +0200] "GET / HTTP/1.1" 200 5639 "-" "MagpieRSS/0.72 \\(+http://magpierss.sf.net\\)"
35.194.103.147 site02.com - [29/Mar/2021:20:06:39 +0200] "GET / HTTP/1.1" 200 5639 "-" "-"
75.101.141.105 site02.com - [29/Mar/2021:20:07:03 +0200] "HEAD / HTTP/1.1" 200 - "-" "Mozilla/4.0 (compatible; Virtuoso)"
148.72.203.161 site02.com - [29/Mar/2021:20:11:36 +0200] "GET / HTTP/1.1" 200 5639 "-" "Mozilla/5.0 (Windows NT 6.1; WOW64) AppleWebKit/537.36 (KHTML, like Gecko) Chrome/67.0.3396.62 Safari/537.36"
47.52.151.237 site02.com - [29/Mar/2021:20:11:39 +0200] "GET / HTTP/1.1" 200 5639 "-" "Mozilla\\/5.0 (iPhone; CPU iPhone OS 8_0 like Mac OS X) AppleWebKit\\/600.1.3 (KHTML, like Gecko) Version\\/8.0 Mobile\\/12A4345d Safari\\/600.1.4"
2a03:6f00:1::5c35:60c8 site02.com - [29/Mar/2021:20:11:46 +0200] "GET / HTTP/1.1" 200 5639 "https://site02.com/" "Mozilla/5.0 (Windows NT 10.0; WOW64; rv:56.0) Gecko/20100101 Firefox/56.0"
2a02:4780:1:1::1:902d site02.com - [29/Mar/2021:20:12:17 +0200] "GET / HTTP/1.1" 200 1958 "-" "Salt 1.0"
208.113.210.212 site02.com - [29/Mar/2021:20:12:32 +0200] "GET / HTTP/1.1" 200 5639 "www.neutrality.wtf" "MozillaXYZ/1.0"
2600:3c03::f03c:91ff:fef1:eef9 site02.com - [29/Mar/2021:20:12:32 +0200] "GET / HTTP/1.1" 200 1958 "-" "Ruby, Mozilla/5.0 (Windows; U; Windows NT 5.1; en-GB; rv:1.8.1.6) Gecko/20070725 Firefox/2.0.0.6"
5.196.102.147 site02.com - [29/Mar/2021:20:24:30 +0200] "GET / HTTP/1.1" 200 1958 "http://www.xt500.fr/prive/annuaire/gotourl.php?id=123&lien=https%3A%2F%2Fsite02.com%2F" "Mozilla/5.0 (Macintosh; Intel Mac OS X 10_11_6) AppleWebKit/537.36 (KHTML, like Gecko) Chrome/66.0.3359.117 Safari/537.36"
157.7.106.12 site02.com - [29/Mar/2021:20:24:33 +0200] "GET / HTTP/1.1" 200 5639 "-" "LWP::Simple/5.64"
