183.181.79.124 site02.com - [29/Mar/2021:08:55:59 +0200] "GET / HTTP/1.1" 200 1958 "-" "MagpieRSS/0.72 (+http://magpierss.sf.net)"
183.90.241.121 site02.com - [29/Mar/2021:08:56:19 +0200] "GET / HTTP/1.1" 200 1958 "-" "MagpieRSS/0.72 (+http://magpierss.sf.net)"
128.210.7.85 site02.com - [29/Mar/2021:08:56:23 +0200] "GET / HTTP/1.1" 200 5639 "-" "-"
164.46.97.238 site02.com - [29/Mar/2021:08:56:28 +0200] "GET / HTTP/1.1" 200 5639 "-" "MagpieRSS/0.72 \\(+http://magpierss.sf.net\\)"
35.194.103.147 site02.com - [29/Mar/2021:08:56:40 +0200] "GET / HTTP/1.1" 200 5639 "-" "-"
75.101.141.105 site02.com - [29/Mar/2021:08:57:08 +0200] "HEAD / HTTP/1.1" 200 - "-" "Mozilla/4.0 (compatible; Virtuoso)"
82.165.185.18 site06.com - [29/Mar/2021:08:59:49 +0200] "GET /wp-includes/css/css.php HTTP/1.1" 404 9842 "-" "python-requests/2.25.1"
213.186.33.176 site06.com - [29/Mar/2021:08:59:50 +0200] "POST /wp-cron.php?doing_wp_cron=1617001190.6506190299987792968750 HTTP/1.1" 200 25 "http://site06.com/wp-cron.php?doing_wp_cron=1617001190.6506190299987792968750" "WordPress/5.6.2; https://site06.com"
82.165.185.18 site06.com - [29/Mar/2021:09:00:14 +0200] "GET /wp-includes/fonts/css.php HTTP/1.1" 404 9844 "-" "python-requests/2.25.1"
66.249.91.221 www.site06.com - [29/Mar/2021:09:00:52 +0200] "GET /logoEolem.png HTTP/1.1" 301 - "http://canon-eos-350d.blogspot.com/" "Mozilla/5.0 (Macintosh; Intel Mac OS X 10_7_3) AppleWebKit/537.36 (KHTML, like Gecko, Mediapartners-Google) Chrome/89.0.4389.99 Safari/537.36"
213.186.33.176 site06.com - [29/Mar/2021:09:00:53 +0200] "POST /wp-cron.php?doing_wp_cron=1617001253.3378961086273193359375 HTTP/1.1" 200 25 "http://site06.com/wp-cron.php?doing_wp_cron=1617001253.3378961086273193359375" "WordPress/5.6.2; https://site06.com"
66.249.91.221 www.site06.com - [29/Mar/2021:09:00:53 +0200] "GET /logoEolem.png HTTP/1.1" 301 - "http://canon-eos-350d.blogspot.com/" "Mozilla/5.0 (Linux; Android 4.0.4; Galaxy Nexus Build/IMM76B) AppleWebKit/537.36 (KHTML, like Gecko; Mediapartners-Google) Chrome/89.0.4389.99 Mobile Safari/537.36"
66.249.91.245 site06.com - [29/Mar/2021:09:00:57 +0200] "GET /logoEolem.png HTTP/1.1" 404 9825 "http://canon-eos-350d.blogspot.com/" "Mozilla/5.0 (Macintosh; Intel Mac OS X 10_7_3) AppleWebKit/537.36 (KHTML, like Gecko, Mediapartners-Google) Chrome/89.0.4389.99 Safari/537.36"
66.249.91.221 www.site06.com - [29/Mar/2021:09:01:01 +0200] "GET /logoEolem.png HTTP/1.1" 301 - "http://canon-eos-350d.blogspot.com/" "Mozilla/5.0 (Linux; Android 4.0.4; Galaxy Nexus Build/IMM76B) AppleWebKit/537.36 (KHTML, like Gecko; Mediapartners-Google) Chrome/89.0.4389.99 Mobile Safari/537.36"
66.249.91.245 site06.com - [29/Mar/2021:09:01:02 +0200] "GET /logoEolem.png HTTP/1.1" 404 9825 "http://canon-eos-350d.blogspot.com/" "Mozilla/5.0 (Linux; Android 4.0.4; Galaxy Nexus Build/IMM76B) AppleWebKit/537.36 (KHTML, like Gecko; Mediapartners-Google) Chrome/89.0.4389.99 Mobile Safari/537.36"
66.249.91.221 www.site06.com - [29/Mar/2021:09:01:21 +0200] "GET /logoEolem.png HTTP/1.1" 301 - "http://canon-eos-350d.blogspot.com/" "Mozilla/5.0 (Macintosh; Intel Mac OS X 10_7_3) AppleWebKit/537.36 (KHTML, like Gecko, Mediapartners-Google) Chrome/89.0.4389.99 Safari/537.36"
66.249.91.245 site06.com - [29/Mar/2021:09:01:22 +0200] "GET /logoEolem.png HTTP/1.1" 404 9825 "http://canon-eos-350d.blogspot.com/" "Mozilla/5.0 (Macintosh; Intel Mac OS X 10_7_3) AppleWebKit/537.36 (KHTML, like Gecko, Mediapartners-Google) Chrome/89.0.4389.99 Safari/537.36"
148.72.203.161 site02.com - [29/Mar/2021:09:01:40 +0200] "GET / HTTP/1.1" 200 5639 "-" "Mozilla/5.0 (Windows NT 6.1) AppleWebKit/537.36 (KHTML, like Gecko) Chrome/66.0.3359.181 Safari/537.36"
47.52.151.237 site02.com - [29/Mar/2021:09:01:44 +0200] "GET / HTTP/1.1" 200 5639 "-" "Mozilla\\/5.0 (iPhone; CPU iPhone OS 8_0 like Mac OS X) AppleWebKit\\/600.1.3 (KHTML, like Gecko) Version\\/8.0 Mobile\\/12A4345d Safari\\/600.1.4"
2a03:6f00:1::5c35:60c8 site02.com - [29/Mar/2021:09:01:49 +0200] "GET / HTTP/1.1" 200 5639 "https://site02.com/" "Mozilla/5.0 (Windows NT 10.0; WOW64; rv:56.0) Gecko/20100101 Firefox/56.0"
91.134.248.253 site06.com - [29/Mar/2021:09:01:55 +0200] "POST /wp-cron.php?doing_wp_cron=1617001315.8753259181976318359375 HTTP/1.1" 200 25 "https://site06.com/wp-cron.php?doing_wp_cron=1617001315.8753259181976318359375" "WordPress/5.6.2; https://site06.com"
66.249.91.245 site06.com - [29/Mar/2021:09:01:55 +0200] "GET /logoEolem.png HTTP/1.1" 404 9825 "http://canon-eos-350d.blogspot.com/" "Mozilla/5.0 (Macintosh; Intel Mac OS X 10_7_3) AppleWebKit/537.36 (KHTML, like Gecko, Mediapartners-Google) Chrome/89.0.4389.99 Safari/537.36"
66.249.91.245 site06.com - [29/Mar/2021:09:01:57 +0200] "GET /logoEolem.png HTTP/1.1" 404 9825 "http://canon-eos-350d.blogspot.com/" "Mozilla/5.0 (Macintosh; Intel Mac OS X 10_7_3) AppleWebKit/537.36 (KHTML, like Gecko, Mediapartners-Google) Chrome/89.0.4389.99 Safari/537.36"
66.249.91.245 site06.com - [29/Mar/2021:09:02:12 +0200] "GET /logoEolem.png HTTP/1.1" 404 9825 "http://canon-eos-350d.blogspot.com/" "Mozilla/5.0 (Linux; Android 4.0.4; Galaxy Nexus Build/IMM76B) AppleWebKit/537.36 (KHTML, like Gecko; Mediapartners-Google) Chrome/89.0.4389.99 Mobile Safari/537.36"
66.249.91.245 site06.com - [29/Mar/2021:09:02:16 +0200] "GET /logoEolem.png HTTP/1.1" 404 9825 "http://canon-eos-350d.blogspot.com/" "Mozilla/5.0 (Linux; Android 4.0.4; Galaxy Nexus Build/IMM76B) AppleWebKit/537.36 (KHTML, like Gecko; Mediapartners-Google) Chrome/89.0.4389.99 Mobile Safari/537.36"
2a02:4780:1:1::1:902d site02.com - [29/Mar/2021:09:02:21 +0200] "GET / HTTP/1.1" 200 1958 "-" "Salt 1.0"
2600:3c03::f03c:91ff:fef1:eef9 site02.com - [29/Mar/2021:09:02:34 +0200] "GET / HTTP/1.1" 200 1958 "-" "Ruby, Mozilla/5.0 (Windows; U; Windows NT 5.1; en-GB; rv:1.8.1.6) Gecko/20070725 Firefox/2.0.0.6"
208.113.210.212 site02.com - [29/Mar/2021:09:02:35 +0200] "GET / HTTP/1.1" 200 5639 "www.neutrality.wtf" "MozillaXYZ/1.0"
66.249.91.245 site06.com - [29/Mar/2021:09:03:03 +0200] "GET /logoEolem.png HTTP/1.1" 404 9825 "http://canon-eos-350d.blogspot.com/" "Mozilla/5.0 (Macintosh; Intel Mac OS X 10_7_3) AppleWebKit/537.36 (KHTML, like Gecko, Mediapartners-Google) Chrome/89.0.4389.99 Safari/537.36"
91.134.248.253 site06.com - [29/Mar/2021:09:03:04 +0200] "POST /wp-cron.php?doing_wp_cron=1617001383.9728879928588867187500 HTTP/1.1" 200 25 "https://site06.com/wp-cron.php?doing_wp_cron=1617001383.9728879928588867187500" "WordPress/5.6.2; https://site06.com"
66.249.91.245 site06.com - [29/Mar/2021:09:03:06 +0200] "GET /logoEolem.png HTTP/1.1" 404 9825 "http://canon-eos-350d.blogspot.com/" "Mozilla/5.0 (Macintosh; Intel Mac OS X 10_7_3) AppleWebKit/537.36 (KHTML, like Gecko, Mediapartners-Google) Chrome/89.0.4389.99 Safari/537.36"
66.249.91.245 site06.com - [29/Mar/2021:09:03:11 +0200] "GET /logoEolem.png HTTP/1.1" 404 9825 "http://canon-eos-350d.blogspot.com/" "Mozilla/5.0 (Linux; Android 4.0.4; Galaxy Nexus Build/IMM76B) AppleWebKit/537.36 (KHTML, like Gecko; Mediapartners-Google) Chrome/89.0.4389.99 Mobile Safari/537.36"
66.249.91.245 site06.com - [29/Mar/2021:09:03:11 +0200] "GET /logoEolem.png HTTP/1.1" 404 9825 "http://canon-eos-350d.blogspot.com/" "Mozilla/5.0 (Linux; Android 4.0.4; Galaxy Nexus Build/IMM76B) AppleWebKit/537.36 (KHTML, like Gecko; Mediapartners-Google) Chrome/89.0.4389.99 Mobile Safari/537.36"
49.7.20.77 www.site06.com - [29/Mar/2021:09:12:39 +0200] "GET / HTTP/1.1" 301 - "-" "Sogou web spider/4.0(+http://www.sogou.com/docs/help/webmasters.htm#07)"
213.186.33.176 site06.com - [29/Mar/2021:09:12:42 +0200] "POST /wp-cron.php?doing_wp_cron=1617001962.5844390392303466796875 HTTP/1.1" 200 25 "http://site06.com/wp-cron.php?doing_wp_cron=1617001962.5844390392303466796875" "WordPress/5.6.2; https://site06.com"
5.196.102.147 site02.com - [29/Mar/2021:09:14:41 +0200] "GET / HTTP/1.1" 200 1958 "http://dmitry.koshelenko.info/go.php?url=https://site02.com/" "Mozilla/5.0 (X11; Linux i686) AppleWebKit/537.36 (KHTML, like Gecko) Ubuntu Chromium/65.0.3325.181 Chrome/65.0.3325.181 Safari/537.36"
157.7.106.12 site02.com - [29/Mar/2021:09:14:44 +0200] "GET / HTTP/1.1" 200 5639 "-" "LWP::Simple/5.64"
157.7.106.91 site02.com - [29/Mar/2021:09:14:49 +0200] "GET / HTTP/1.1" 200 5639 "-" "LWP::Simple/5.64"
59.106.13.114 site02.com - [29/Mar/2021:09:14:50 +0200] "GET / HTTP/1.1" 200 5639 "-" "LWP::Simple/5.64"
54.36.148.151 site06.com - [29/Mar/2021:09:14:56 +0200] "GET /-XUL-.html HTTP/1.1" 404 9822 "-" "Mozilla/5.0 (compatible; AhrefsBot/7.0; +http://ahrefs.com/robot/)"
91.134.248.253 site06.com - [29/Mar/2021:09:14:57 +0200] "POST /wp-cron.php?doing_wp_cron=1617002097.1072878837585449218750 HTTP/1.1" 200 25 "https://site06.com/wp-cron.php?doing_wp_cron=1617002097.1072878837585449218750" "WordPress/5.6.2; https://site06.com"
173.201.196.105 site02.com - [29/Mar/2021:09:15:00 +0200] "GET / HTTP/1.1" 200 5639 "-" "MagpieRSS/0.72 \\(+http://magpierss.sf.net\\)"
157.7.106.113 site02.com - [29/Mar/2021:09:15:06 +0200] "GET / HTTP/1.1" 200 5639 "-" "LWP::Simple/5.64"
2001:e42:102:1814:160:16:225:231 site02.com - [29/Mar/2021:09:15:13 +0200] "GET / HTTP/1.1" 200 5639 "-" "MagpieRSS/0.72 \\(+http://magpierss.sf.net\\)"
157.7.106.90 site02.com - [29/Mar/2021:09:15:13 +0200] "GET / HTTP/1.1" 200 5639 "-" "LWP::Simple/5.64"
5.196.102.147 site02.com - [29/Mar/2021:09:15:15 +0200] "GET / HTTP/1.1" 200 1958 "http://foundation.hawthornfc.com.au/analytics/outbound?url=https://site02.com/" "Mozilla/5.0 (Windows NT 10.0; Win64; x64) AppleWebKit/537.36 (KHTML, like Gecko) HeadlessChrome/66.0.3359.181 Safari/537.36"
157.7.105.243 site02.com - [29/Mar/2021:09:15:20 +0200] "GET / HTTP/1.1" 200 5639 "-" "LWP::Simple/5.64"
219.94.129.80 site02.com - [29/Mar/2021:09:15:21 +0200] "GET / HTTP/1.1" 200 5639 "-" "LWP::Simple/5.64"
27.254.152.7 site02.com - [29/Mar/2021:09:15:23 +0200] "GET / HTTP/1.1" 200 1958 "-" "MagpieRSS/0.72 (+http://magpierss.sf.net)"
157.7.106.165 site02.com - [29/Mar/2021:09:15:31 +0200] "GET / HTTP/1.1" 200 5639 "-" "LWP::Simple/5.64"
219.94.128.60 site02.com - [29/Mar/2021:09:15:33 +0200] "GET / HTTP/1.1" 200 5639 "-" "LWP::Simple/5.64"
157.7.105.239 site02.com - [29/Mar/2021:09:15:34 +0200] "GET / HTTP/1.1" 200 5639 "-" "LWP::Simple/5.64"
157.7.104.92 site02.com - [29/Mar/2021:09:15:34 +0200] "GET / HTTP/1.1" 200 5639 "-" "LWP::Simple/5.64"
66.45.225.10 site02.com - [29/Mar/2021:09:15:56 +0200] "GET / HTTP/1.1" 200 5639 "-" "Mozilla/4.0 (compatible; MSIE 5.01; Windows NT 5.0)"
87.236.20.102 site02.com - [29/Mar/2021:09:15:57 +0200] "GET / HTTP/1.1" 200 5639 "-" "-"
5.196.102.147 site02.com - [29/Mar/2021:09:15:57 +0200] "GET / HTTP/1.1" 200 1958 "http://mezhdu.net/bitrix/rk.php?goto=https://site02.com/" "Mozilla/5.0 (Windows NT 6.1) AppleWebKit/537.36 (KHTML, like Gecko) Chrome/66.0.3359.117 Safari/537.36"
157.7.106.9 site02.com - [29/Mar/2021:09:15:59 +0200] "GET / HTTP/1.1" 200 5639 "-" "LWP::Simple/5.64"
133.18.66.21 site02.com - [29/Mar/2021:09:15:59 +0200] "GET / HTTP/1.1" 200 5639 "-" "LWP::Simple/5.64"
202.172.28.44 site02.com - [29/Mar/2021:09:16:02 +0200] "GET / HTTP/1.1" 200 5639 "-" "LWP::Simple/5.64"
219.94.128.180 site02.com - [29/Mar/2021:09:16:03 +0200] "GET / HTTP/1.1" 200 5639 "-" "LWP::Simple/5.64"
157.7.106.104 site02.com - [29/Mar/2021:09:16:03 +0200] "GET / HTTP/1.1" 200 1958 "-" "-"
210.188.201.173 site02.com - [29/Mar/2021:09:16:04 +0200] "GET / HTTP/1.1" 200 5639 "-" "MagpieRSS/0.72 \\(+http://magpierss.sf.net\\)"
157.7.106.172 site02.com - [29/Mar/2021:09:16:07 +0200] "GET / HTTP/1.1" 200 5639 "-" "LWP::Simple/5.64"
219.94.162.108 site02.com - [29/Mar/2021:09:16:13 +0200] "GET / HTTP/1.1" 200 5639 "-" "LWP::Simple/6.00 libwww-perl/6.05"
219.94.128.161 site02.com - [29/Mar/2021:09:16:14 +0200] "GET / HTTP/1.1" 200 5639 "-" "LWP::Simple/5.64"
185.195.25.72 site02.com - [29/Mar/2021:09:16:20 +0200] "GET / HTTP/1.1" 200 5639 "-" "-"
34.66.9.117 site02.com - [29/Mar/2021:09:16:20 +0200] "GET / HTTP/1.1" 200 5639 "-" "MagpieRSS/0.72 \\(+http://magpierss.sf.net\\)"
157.7.106.9 site02.com - [29/Mar/2021:09:16:22 +0200] "GET / HTTP/1.1" 200 5639 "-" "LWP::Simple/5.64"
58.80.137.167 site02.com - [29/Mar/2021:09:16:26 +0200] "GET / HTTP/1.1" 200 5639 "-" "LWP::Simple/5.64"
157.7.105.232 site02.com - [29/Mar/2021:09:16:28 +0200] "GET / HTTP/1.1" 200 5639 "-" "LWP::Simple/5.64"
58.80.137.164 site02.com - [29/Mar/2021:09:16:34 +0200] "GET / HTTP/1.1" 200 5639 "-" "LWP::Simple/5.64"
150.95.9.18 site02.com - [29/Mar/2021:09:16:38 +0200] "GET / HTTP/1.1" 200 5639 "-" "LWP::Simple/5.64"
202.181.97.55 site02.com - [29/Mar/2021:09:16:44 +0200] "GET / HTTP/1.1" 200 5639 "-" "LWP::Simple/5.64"
52.38.203.67 site02.com - [29/Mar/2021:09:16:45 +0200] "GET / HTTP/1.1" 200 5639 "-" "MagpieRSS/0.72 \\(+http://magpierss.sf.net\\)"
157.7.188.161 site02.com - [29/Mar/2021:09:16:45 +0200] "GET / HTTP/1.1" 200 5639 "-" "MagpieRSS/0.72 \\(+http://magpierss.sf.net\\)"
157.7.105.133 site02.com - [29/Mar/2021:09:16:51 +0200] "GET / HTTP/1.1" 200 5639 "-" "LWP::Simple/5.64"
202.181.99.82 site02.com - [29/Mar/2021:09:16:52 +0200] "GET / HTTP/1.1" 200 5639 "-" "LWP::Simple/5.64"
2a03:b0c0:3:e0::193:2001 site02.com - [29/Mar/2021:09:16:53 +0200] "GET / HTTP/1.1" 200 5639 "-" "MagpieRSS/0.72 \\(+http://magpierss.sf.net\\)"
182.93.125.101 site02.com - [29/Mar/2021:09:16:55 +0200] "GET / HTTP/1.1" 200 5639 "-" "MagpieRSS/0.72 \\(+http://magpierss.sf.net\\)"
219.94.128.73 site02.com - [29/Mar/2021:09:16:57 +0200] "GET / HTTP/1.1" 200 5639 "-" "LWP::Simple/5.64"
157.7.106.9 site02.com - [29/Mar/2021:09:16:58 +0200] "GET / HTTP/1.1" 200 5639 "-" "LWP::Simple/5.64"
59.106.19.195 site02.com - [29/Mar/2021:09:16:58 +0200] "GET / HTTP/1.1" 200 5639 "-" "LWP::Simple/5.64"
219.94.162.239 site02.com - [29/Mar/2021:09:16:58 +0200] "GET / HTTP/1.1" 200 5639 "-" "LWP::Simple/5.64"
122.28.38.215 site02.com - [29/Mar/2021:09:16:59 +0200] "GET / HTTP/1.1" 200 5639 "-" "MagpieRSS/0.72 \\(+http://magpierss.sf.net\\)"
2607:5300:61:768:: site02.com - [29/Mar/2021:09:17:01 +0200] "GET / HTTP/1.1" 200 5639 "-" "MagpieRSS/0.72 \\(+http://magpierss.sf.net\\)"
157.7.106.102 site02.com - [29/Mar/2021:09:17:02 +0200] "GET / HTTP/1.1" 200 5639 "-" "LWP::Simple/5.64"
91.196.124.230 site02.com - [29/Mar/2021:09:17:04 +0200] "GET / HTTP/1.1" 200 5639 "-" "-"
91.196.124.230 site02.com - [29/Mar/2021:09:17:04 +0200] "GET / HTTP/1.1" 200 5639 "-" "-"
219.94.162.18 site02.com - [29/Mar/2021:09:17:04 +0200] "GET / HTTP/1.1" 200 5639 "-" "LWP::Simple/5.64"
202.191.112.38 site02.com - [29/Mar/2021:09:17:07 +0200] "GET / HTTP/1.1" 200 5639 "-" "LWP::Simple/5.64"
59.106.19.143 site02.com - [29/Mar/2021:09:17:08 +0200] "GET / HTTP/1.1" 200 5639 "-" "LWP::Simple/5.64"
59.106.171.52 site02.com - [29/Mar/2021:09:17:10 +0200] "GET / HTTP/1.1" 200 5639 "-" "LWP::Simple/5.64"
203.145.249.2 site02.com - [29/Mar/2021:09:17:11 +0200] "GET / HTTP/1.1" 200 1958 "-" "MagpieRSS/0.72 (+http://magpierss.sf.net)"
157.7.106.16 site02.com - [29/Mar/2021:09:17:12 +0200] "GET / HTTP/1.1" 200 5639 "-" "LWP::Simple/5.64"
219.94.192.92 site02.com - [29/Mar/2021:09:17:15 +0200] "GET / HTTP/1.1" 200 5639 "-" "LWP::Simple/5.64"
183.181.99.12 site02.com - [29/Mar/2021:09:17:16 +0200] "GET / HTTP/1.1" 200 5639 "-" "MagpieRSS/0.72 \\(+http://magpierss.sf.net\\)"
157.7.188.248 site02.com - [29/Mar/2021:09:17:19 +0200] "GET / HTTP/1.1" 200 5639 "-" "LWP::Simple/5.64"
157.7.106.170 site02.com - [29/Mar/2021:09:17:20 +0200] "GET / HTTP/1.1" 200 5639 "-" "MagpieRSS/0.72 \\(+http://magpierss.sf.net\\)"
5.196.102.147 site02.com - [29/Mar/2021:09:17:26 +0200] "GET / HTTP/1.1" 200 1958 "http://www.vicsport.org.au/analytics/outbound?url=https://site02.com/" "Mozilla/5.0 (X11; Linux x86_64; rv:52.9) Gecko/20100101 Goanna/3.4 Firefox/52.9 PaleMoon/27.9.2"
82.165.80.130 site02.com - [29/Mar/2021:09:17:27 +0200] "GET / HTTP/1.1" 200 5639 "-" "-"
157.7.106.4 site02.com - [29/Mar/2021:09:17:29 +0200] "GET / HTTP/1.1" 200 5639 "-" "LWP::Simple/5.64"
150.95.8.207 site02.com - [29/Mar/2021:09:17:30 +0200] "GET / HTTP/1.1" 200 5639 "-" "LWP::Simple/5.64"
150.60.10.1 site02.com - [29/Mar/2021:09:17:31 +0200] "GET / HTTP/1.1" 200 5639 "-" "LWP::Simple/5.64"
202.172.28.118 site02.com - [29/Mar/2021:09:17:32 +0200] "GET / HTTP/1.1" 200 5639 "-" "LWP::Simple/5.64"
5.196.102.147 site02.com - [29/Mar/2021:09:17:38 +0200] "GET / HTTP/1.1" 200 1958 "http://xn--d1abdw2b.net/bitrix/rk.php?id=326&site_id=s1&event1=banner&event2=click&event3=156+%2F+%5B326%5D+%5BNAVIGATOR_LEFT_2%5D+%D0%93%D1%80%D0%B0%D0%BD%D0%B8%D1%82&goto=https://site02.com/" "Mozilla/5.0 (Macintosh; Intel Mac OS X 10_12_3) AppleWebKit/537.36 (KHTML, like Gecko) Chrome/67.0.3393.4 Safari/537.36"
157.7.105.244 site02.com - [29/Mar/2021:09:17:41 +0200] "GET / HTTP/1.1" 200 5639 "-" "LWP::Simple/5.64"
219.94.129.163 site02.com - [29/Mar/2021:09:17:43 +0200] "GET / HTTP/1.1" 200 5639 "-" "LWP::Simple/5.64"
211.10.17.2 site02.com - [29/Mar/2021:09:17:45 +0200] "GET / HTTP/1.1" 200 5639 "-" "LWP::Simple/5.64"
192.185.4.39 site02.com - [29/Mar/2021:09:17:57 +0200] "GET / HTTP/1.1" 200 1958 "-" "MagpieRSS/0.72 (+http://magpierss.sf.net)"
2001:67c:2070:c88e::1 site02.com - [29/Mar/2021:09:18:01 +0200] "GET / HTTP/1.1" 200 5639 "-" "PHP (www.dingo.com.ua), hosted by www.ukraine.com.ua"
59.106.19.179 site02.com - [29/Mar/2021:09:18:01 +0200] "GET / HTTP/1.1" 200 5639 "-" "LWP::Simple/5.64"
2001:67c:2070:c88e::1 site02.com - [29/Mar/2021:09:18:02 +0200] "GET / HTTP/1.1" 200 5639 "-" "PHP (www.dingo.com.ua), hosted by www.ukraine.com.ua"
2001:67c:2070:c88e::1 site02.com - [29/Mar/2021:09:18:02 +0200] "GET / HTTP/1.1" 200 5639 "-" "PHP (www.dingo.com.ua), hosted by www.ukraine.com.ua"
3.87.4.99 site02.com - [29/Mar/2021:09:18:15 +0200] "GET / HTTP/1.1" 200 1958 "-" "PocketParser/2.0 (+https://getpocket.com/pocketparser_ua)"
2401:2500:102:3035:153:126:199:248 site02.com - [29/Mar/2021:09:18:15 +0200] "GET / HTTP/1.1" 200 1958 "http://www.yahoo.co.jp/" "Mozilla/5.0 (Macintosh; Intel Mac OS X 10.16; rv:85.0) Gecko/20100101 Firefox/85.0"
133.18.34.65 site02.com - [29/Mar/2021:09:18:18 +0200] "GET / HTTP/1.1" 200 5639 "-" "LWP::Simple/5.64"
35.197.95.6 site02.com - [29/Mar/2021:09:18:20 +0200] "GET / HTTP/1.1" 200 1958 "https://jguitar.com/tabmap?url=https://site02.com/" "JGuitar.com Tab Mapper - http://jguitar.com/tabmap"
202.181.99.73 site02.com - [29/Mar/2021:09:18:26 +0200] "GET / HTTP/1.1" 200 5639 "-" "LWP::Simple/5.64"
5.8.64.47 site02.com - [29/Mar/2021:09:18:40 +0200] "GET / HTTP/1.1" 200 5639 "-" "-"
85.13.130.114 site02.com - [29/Mar/2021:09:18:46 +0200] "GET / HTTP/1.1" 200 5639 "-" "-"
195.154.113.33 site02.com - [29/Mar/2021:09:18:49 +0200] "GET / HTTP/1.1" 200 1958 "-" "MagpieRSS/0.72 (+http://magpierss.sf.net)"
34.232.82.54 site02.com - [29/Mar/2021:09:18:51 +0200] "GET / HTTP/1.1" 200 1958 "-" "hxl-proxy/tagger"
195.201.34.52 site02.com - [29/Mar/2021:09:19:05 +0200] "GET / HTTP/1.1" 200 5639 "-" "Mozilla/4.0 (compatible; MSIE 6.0; Windows NT 5.1; SV1; .NET CLR 1.0.3705; .NET CLR 1.1.4322)"
5.196.102.147 site02.com - [29/Mar/2021:09:19:07 +0200] "GET / HTTP/1.1" 200 1958 "https://vicsport.com.au/analytics/outbound?url=https://site02.com/" "Mozilla/5.0 (Windows NT 6.1; WOW64) AppleWebKit/537.36 (KHTML, like Gecko) Chrome/66.0.3359.170 Safari/537.36 OPR/53.0.2907.57 (Edition Yx)"
5.196.102.147 site02.com - [29/Mar/2021:09:19:19 +0200] "GET / HTTP/1.1" 200 1958 "https://www.cossa.ru/bitrix/redirect.php?event1=click&event2=&event3=&goto=https://site02.com/" "Mozilla/5.0 (Macintosh; Intel Mac OS X 10_9_5) AppleWebKit/537.36 (KHTML, like Gecko) Chrome/67.0.3393.4 Safari/537.36"
183.181.79.124 site02.com - [29/Mar/2021:09:19:24 +0200] "GET / HTTP/1.1" 200 1958 "-" "MagpieRSS/0.72 (+http://magpierss.sf.net)"
183.90.241.121 site02.com - [29/Mar/2021:09:19:45 +0200] "GET / HTTP/1.1" 200 1958 "-" "MagpieRSS/0.72 (+http://magpierss.sf.net)"
128.210.7.86 site02.com - [29/Mar/2021:09:19:49 +0200] "GET / HTTP/1.1" 200 5639 "-" "-"
164.46.97.238 site02.com - [29/Mar/2021:09:19:54 +0200] "GET / HTTP/1.1" 200 5639 "-" "MagpieRSS/0.72 \\(+http://magpierss.sf.net\\)"
35.194.103.147 site02.com - [29/Mar/2021:09:20:08 +0200] "GET / HTTP/1.1" 200 5639 "-" "-"
75.101.141.105 site02.com - [29/Mar/2021:09:20:35 +0200] "HEAD / HTTP/1.1" 200 - "-" "Mozilla/4.0 (compatible; Virtuoso)"
148.72.203.161 site02.com - [29/Mar/2021:09:25:07 +0200] "GET / HTTP/1.1" 200 5639 "-" "Mozilla/5.0 (Windows NT 10.0; Win64; x64) AppleWebKit/537.36 (KHTML, like Gecko) Chrome/66.0.3359.106 Safari/537.36"
47.52.151.237 site02.com - [29/Mar/2021:09:25:10 +0200] "GET / HTTP/1.1" 200 5639 "-" "Mozilla\\/5.0 (iPhone; CPU iPhone OS 8_0 like Mac OS X) AppleWebKit\\/600.1.3 (KHTML, like Gecko) Version\\/8.0 Mobile\\/12A4345d Safari\\/600.1.4"
2a03:6f00:1::5c35:60c8 site02.com - [29/Mar/2021:09:25:16 +0200] "GET / HTTP/1.1" 200 5639 "https://site02.com/" "Mozilla/5.0 (Windows NT 10.0; WOW64; rv:56.0) Gecko/20100101 Firefox/56.0"
2a02:4780:1:1::1:902d site02.com - [29/Mar/2021:09:25:49 +0200] "GET / HTTP/1.1" 200 1958 "-" "Salt 1.0"
208.113.210.212 site02.com - [29/Mar/2021:09:26:03 +0200] "GET / HTTP/1.1" 200 5639 "www.neutrality.wtf" "MozillaXYZ/1.0"
2600:3c03::f03c:91ff:fef1:eef9 site02.com - [29/Mar/2021:09:26:03 +0200] "GET / HTTP/1.1" 200 1958 "-" "Ruby, Mozilla/5.0 (Windows; U; Windows NT 5.1; en-GB; rv:1.8.1.6) Gecko/20070725 Firefox/2.0.0.6"
5.196.102.147 site02.com - [29/Mar/2021:09:26:06 +0200] "GET / HTTP/1.1" 200 1958 "http://www.bookishclub.com/?wptouch_switch=desktop&redirect=https%3A%2F%2Fsite02.com%2F" "Mozilla/5.0 (Macintosh; Intel Mac OS X 10_14) AppleWebKit/605.1.15 (KHTML, like Gecko) Version/12.0 Safari/605.1.15"
157.7.106.12 site02.com - [29/Mar/2021:09:26:08 +0200] "GET / HTTP/1.1" 200 5639 "-" "LWP::Simple/5.64"
157.7.106.91 site02.com - [29/Mar/2021:09:26:12 +0200] "GET / HTTP/1.1" 200 5639 "-" "LWP::Simple/5.64"
59.106.13.114 site02.com - [29/Mar/2021:09:26:13 +0200] "GET / HTTP/1.1" 200 5639 "-" "LWP::Simple/5.64"
173.201.196.105 site02.com - [29/Mar/2021:09:26:25 +0200] "GET / HTTP/1.1" 200 5639 "-" "MagpieRSS/0.72 \\(+http://magpierss.sf.net\\)"
157.7.106.113 site02.com - [29/Mar/2021:09:26:31 +0200] "GET / HTTP/1.1" 200 5639 "-" "LWP::Simple/5.64"
2001:e42:102:1814:160:16:225:231 site02.com - [29/Mar/2021:09:26:38 +0200] "GET / HTTP/1.1" 200 5639 "-" "MagpieRSS/0.72 \\(+http://magpierss.sf.net\\)"
157.7.106.90 site02.com - [29/Mar/2021:09:26:38 +0200] "GET / HTTP/1.1" 200 5639 "-" "LWP::Simple/5.64"
5.196.102.147 site02.com - [29/Mar/2021:09:26:40 +0200] "GET / HTTP/1.1" 200 1958 "http://foundation.hawthornfc.com.au/analytics/outbound?url=https://site02.com/" "Mozilla/5.0 (Macintosh; Intel Mac OS X 10_13_2) AppleWebKit/537.36 (KHTML, like Gecko) Chrome/66.0.3359.139 Safari/537.36"
157.7.105.243 site02.com - [29/Mar/2021:09:26:44 +0200] "GET / HTTP/1.1" 200 5639 "-" "LWP::Simple/5.64"
219.94.129.80 site02.com - [29/Mar/2021:09:26:46 +0200] "GET / HTTP/1.1" 200 5639 "-" "LWP::Simple/5.64"
27.254.152.7 site02.com - [29/Mar/2021:09:26:47 +0200] "GET / HTTP/1.1" 200 1958 "-" "MagpieRSS/0.72 (+http://magpierss.sf.net)"
157.7.106.165 site02.com - [29/Mar/2021:09:26:53 +0200] "GET / HTTP/1.1" 200 5639 "-" "LWP::Simple/5.64"
157.7.105.239 site02.com - [29/Mar/2021:09:26:56 +0200] "GET / HTTP/1.1" 200 5639 "-" "LWP::Simple/5.64"
219.94.128.60 site02.com - [29/Mar/2021:09:26:56 +0200] "GET / HTTP/1.1" 200 5639 "-" "LWP::Simple/5.64"
157.7.104.92 site02.com - [29/Mar/2021:09:26:57 +0200] "GET / HTTP/1.1" 200 5639 "-" "LWP::Simple/5.64"
66.45.225.10 site02.com - [29/Mar/2021:09:27:20 +0200] "GET / HTTP/1.1" 200 5639 "-" "Mozilla/4.0 (compatible; MSIE 5.01; Windows NT 5.0)"
87.236.20.102 site02.com - [29/Mar/2021:09:27:21 +0200] "GET / HTTP/1.1" 200 5639 "-" "-"
5.196.102.147 site02.com - [29/Mar/2021:09:27:21 +0200] "GET / HTTP/1.1" 200 1958 "http://mezhdu.net/bitrix/rk.php?goto=https://site02.com/" "Mozilla/5.0 (Windows NT 6.1; WOW64) AppleWebKit/537.36 (KHTML, like Gecko) Chrome/67.0.3396.79 Safari/537.36"
157.7.106.9 site02.com - [29/Mar/2021:09:27:23 +0200] "GET / HTTP/1.1" 200 5639 "-" "LWP::Simple/5.64"
133.18.66.21 site02.com - [29/Mar/2021:09:27:23 +0200] "GET / HTTP/1.1" 200 5639 "-" "LWP::Simple/5.64"
202.172.28.44 site02.com - [29/Mar/2021:09:27:26 +0200] "GET / HTTP/1.1" 200 5639 "-" "LWP::Simple/5.64"
157.7.106.104 site02.com - [29/Mar/2021:09:27:27 +0200] "GET / HTTP/1.1" 200 1958 "-" "-"
219.94.128.180 site02.com - [29/Mar/2021:09:27:27 +0200] "GET / HTTP/1.1" 200 5639 "-" "LWP::Simple/5.64"
210.188.201.173 site02.com - [29/Mar/2021:09:27:27 +0200] "GET / HTTP/1.1" 200 5639 "-" "MagpieRSS/0.72 \\(+http://magpierss.sf.net\\)"
157.7.106.172 site02.com - [29/Mar/2021:09:27:31 +0200] "GET / HTTP/1.1" 200 5639 "-" "LWP::Simple/5.64"
2001:19f0:6001:c2d:5400:2ff:fe6a:c6df site02.com - [29/Mar/2021:09:27:37 +0200] "GET / HTTP/1.1" 200 5639 "-" "-"
219.94.162.108 site02.com - [29/Mar/2021:09:27:40 +0200] "GET / HTTP/1.1" 200 5639 "-" "LWP::Simple/6.00 libwww-perl/6.05"
219.94.128.161 site02.com - [29/Mar/2021:09:27:43 +0200] "GET / HTTP/1.1" 200 5639 "-" "LWP::Simple/5.64"
185.195.25.72 site02.com - [29/Mar/2021:09:27:47 +0200] "GET / HTTP/1.1" 200 5639 "-" "-"
34.66.9.117 site02.com - [29/Mar/2021:09:27:47 +0200] "GET / HTTP/1.1" 200 5639 "-" "MagpieRSS/0.72 \\(+http://magpierss.sf.net\\)"
157.7.106.9 site02.com - [29/Mar/2021:09:27:50 +0200] "GET / HTTP/1.1" 200 5639 "-" "LWP::Simple/5.64"
58.80.137.167 site02.com - [29/Mar/2021:09:27:54 +0200] "GET / HTTP/1.1" 200 5639 "-" "LWP::Simple/5.64"
157.7.105.232 site02.com - [29/Mar/2021:09:27:56 +0200] "GET / HTTP/1.1" 200 5639 "-" "LWP::Simple/5.64"
58.80.137.164 site02.com - [29/Mar/2021:09:28:01 +0200] "GET / HTTP/1.1" 200 5639 "-" "LWP::Simple/5.64"
150.95.9.18 site02.com - [29/Mar/2021:09:28:07 +0200] "GET / HTTP/1.1" 200 5639 "-" "LWP::Simple/5.64"
202.181.97.55 site02.com - [29/Mar/2021:09:28:13 +0200] "GET / HTTP/1.1" 200 5639 "-" "LWP::Simple/5.64"
157.7.188.161 site02.com - [29/Mar/2021:09:28:15 +0200] "GET / HTTP/1.1" 200 5639 "-" "MagpieRSS/0.72 \\(+http://magpierss.sf.net\\)"
52.38.203.67 site02.com - [29/Mar/2021:09:28:16 +0200] "GET / HTTP/1.1" 200 5639 "-" "MagpieRSS/0.72 \\(+http://magpierss.sf.net\\)"
157.7.105.133 site02.com - [29/Mar/2021:09:28:21 +0200] "GET / HTTP/1.1" 200 5639 "-" "LWP::Simple/5.64"
202.181.99.82 site02.com - [29/Mar/2021:09:28:23 +0200] "GET / HTTP/1.1" 200 5639 "-" "LWP::Simple/5.64"
2a03:b0c0:3:e0::193:2001 site02.com - [29/Mar/2021:09:28:25 +0200] "GET / HTTP/1.1" 200 5639 "-" "MagpieRSS/0.72 \\(+http://magpierss.sf.net\\)"
182.93.125.101 site02.com - [29/Mar/2021:09:28:27 +0200] "GET / HTTP/1.1" 200 5639 "-" "MagpieRSS/0.72 \\(+http://magpierss.sf.net\\)"
219.94.128.73 site02.com - [29/Mar/2021:09:28:28 +0200] "GET / HTTP/1.1" 200 5639 "-" "LWP::Simple/5.64"
157.7.106.9 site02.com - [29/Mar/2021:09:28:29 +0200] "GET / HTTP/1.1" 200 5639 "-" "LWP::Simple/5.64"
59.106.19.195 site02.com - [29/Mar/2021:09:28:29 +0200] "GET / HTTP/1.1" 200 5639 "-" "LWP::Simple/5.64"
219.94.162.239 site02.com - [29/Mar/2021:09:28:29 +0200] "GET / HTTP/1.1" 200 5639 "-" "LWP::Simple/5.64"
122.28.38.215 site02.com - [29/Mar/2021:09:28:31 +0200] "GET / HTTP/1.1" 200 5639 "-" "MagpieRSS/0.72 \\(+http://magpierss.sf.net\\)"
59.106.19.77 site02.com - [29/Mar/2021:09:28:32 +0200] "GET / HTTP/1.1" 200 5639 "-" "LWP::Simple/5.64"
2607:5300:61:768:: site02.com - [29/Mar/2021:09:28:33 +0200] "GET / HTTP/1.1" 200 5639 "-" "MagpieRSS/0.72 \\(+http://magpierss.sf.net\\)"
157.7.106.102 site02.com - [29/Mar/2021:09:28:34 +0200] "GET / HTTP/1.1" 200 5639 "-" "LWP::Simple/5.64"
219.94.162.18 site02.com - [29/Mar/2021:09:28:36 +0200] "GET / HTTP/1.1" 200 5639 "-" "LWP::Simple/5.64"
91.196.124.230 site02.com - [29/Mar/2021:09:28:37 +0200] "GET / HTTP/1.1" 200 5639 "-" "-"
202.191.112.38 site02.com - [29/Mar/2021:09:28:38 +0200] "GET / HTTP/1.1" 200 5639 "-" "LWP::Simple/5.64"
91.196.124.230 site02.com - [29/Mar/2021:09:28:40 +0200] "GET / HTTP/1.1" 200 5639 "-" "-"
59.106.19.143 site02.com - [29/Mar/2021:09:28:40 +0200] "GET / HTTP/1.1" 200 5639 "-" "LWP::Simple/5.64"
59.106.171.52 site02.com - [29/Mar/2021:09:28:42 +0200] "GET / HTTP/1.1" 200 5639 "-" "LWP::Simple/5.64"
203.145.249.2 site02.com - [29/Mar/2021:09:28:42 +0200] "GET / HTTP/1.1" 200 1958 "-" "MagpieRSS/0.72 (+http://magpierss.sf.net)"
157.7.106.16 site02.com - [29/Mar/2021:09:28:44 +0200] "GET / HTTP/1.1" 200 5639 "-" "LWP::Simple/5.64"
219.94.192.92 site02.com - [29/Mar/2021:09:28:46 +0200] "GET / HTTP/1.1" 200 5639 "-" "LWP::Simple/5.64"
183.181.99.12 site02.com - [29/Mar/2021:09:28:47 +0200] "GET / HTTP/1.1" 200 5639 "-" "MagpieRSS/0.72 \\(+http://magpierss.sf.net\\)"
157.7.188.248 site02.com - [29/Mar/2021:09:28:51 +0200] "GET / HTTP/1.1" 200 5639 "-" "LWP::Simple/5.64"
157.7.106.170 site02.com - [29/Mar/2021:09:28:52 +0200] "GET / HTTP/1.1" 200 5639 "-" "MagpieRSS/0.72 \\(+http://magpierss.sf.net\\)"
82.165.80.130 site02.com - [29/Mar/2021:09:28:58 +0200] "GET / HTTP/1.1" 200 5639 "-" "-"
5.196.102.147 site02.com - [29/Mar/2021:09:28:58 +0200] "GET / HTTP/1.1" 200 1958 "http://www.vicsport.org.au/analytics/outbound?url=https://site02.com/" "Mozilla/5.0 (Windows NT 6.2; WOW64; Trident/7.0; rv:11.0) like Gecko LBBROWSER"
157.7.106.4 site02.com - [29/Mar/2021:09:29:00 +0200] "GET / HTTP/1.1" 200 5639 "-" "LWP::Simple/5.64"
150.95.8.207 site02.com - [29/Mar/2021:09:29:01 +0200] "GET / HTTP/1.1" 200 5639 "-" "LWP::Simple/5.64"
150.60.10.1 site02.com - [29/Mar/2021:09:29:03 +0200] "GET / HTTP/1.1" 200 5639 "-" "LWP::Simple/5.64"
202.172.28.118 site02.com - [29/Mar/2021:09:29:04 +0200] "GET / HTTP/1.1" 200 5639 "-" "LWP::Simple/5.64"
5.196.102.147 site02.com - [29/Mar/2021:09:29:10 +0200] "GET / HTTP/1.1" 200 1958 "http://xn--d1abdw2b.net/bitrix/rk.php?id=326&site_id=s1&event1=banner&event2=click&event3=156+%2F+%5B326%5D+%5BNAVIGATOR_LEFT_2%5D+%D0%93%D1%80%D0%B0%D0%BD%D0%B8%D1%82&goto=https://site02.com/" "Mozilla/5.0 (Windows NT 6.1) AppleWebKit/537.36 (KHTML, like Gecko) Chrome/63.0.3239.132 YaBrowser/18.2.1.174 Yowser/2.5 Safari/537.36"
157.7.105.244 site02.com - [29/Mar/2021:09:29:13 +0200] "GET / HTTP/1.1" 200 5639 "-" "LWP::Simple/5.64"
219.94.129.163 site02.com - [29/Mar/2021:09:29:14 +0200] "GET / HTTP/1.1" 200 5639 "-" "LWP::Simple/5.64"
211.10.17.2 site02.com - [29/Mar/2021:09:29:17 +0200] "GET / HTTP/1.1" 200 5639 "-" "LWP::Simple/5.64"
59.106.19.179 site02.com - [29/Mar/2021:09:29:37 +0200] "GET / HTTP/1.1" 200 5639 "-" "LWP::Simple/5.64"
2001:67c:2070:c88e::1 site02.com - [29/Mar/2021:09:29:39 +0200] "GET / HTTP/1.1" 200 5639 "-" "PHP (www.dingo.com.ua), hosted by www.ukraine.com.ua"
2001:67c:2070:c88e::1 site02.com - [29/Mar/2021:09:29:41 +0200] "GET / HTTP/1.1" 200 5639 "-" "PHP (www.dingo.com.ua), hosted by www.ukraine.com.ua"
2001:67c:2070:c88e::1 site02.com - [29/Mar/2021:09:29:43 +0200] "GET / HTTP/1.1" 200 5639 "-" "PHP (www.dingo.com.ua), hosted by www.ukraine.com.ua"
34.201.147.192 site02.com - [29/Mar/2021:09:29:51 +0200] "GET / HTTP/1.1" 200 1958 "-" "PocketParser/2.0 (+https://getpocket.com/pocketparser_ua)"
2401:2500:102:3035:153:126:199:248 site02.com - [29/Mar/2021:09:29:51 +0200] "GET / HTTP/1.1" 200 1958 "http://www.yahoo.co.jp/" "Mozilla/5.0 (Macintosh; Intel Mac OS X 10.16; rv:85.0) Gecko/20100101 Firefox/85.0"
133.18.34.65 site02.com - [29/Mar/2021:09:29:54 +0200] "GET / HTTP/1.1" 200 5639 "-" "LWP::Simple/5.64"
35.197.95.6 site02.com - [29/Mar/2021:09:29:55 +0200] "GET / HTTP/1.1" 200 1958 "https://jguitar.com/tabmap?url=https://site02.com/" "JGuitar.com Tab Mapper - http://jguitar.com/tabmap"
202.181.99.73 site02.com - [29/Mar/2021:09:30:00 +0200] "GET / HTTP/1.1" 200 5639 "-" "LWP::Simple/5.64"
5.8.64.47 site02.com - [29/Mar/2021:09:30:14 +0200] "GET / HTTP/1.1" 200 5639 "-" "-"
85.13.130.114 site02.com - [29/Mar/2021:09:30:20 +0200] "GET / HTTP/1.1" 200 5639 "-" "-"
34.232.82.54 site02.com - [29/Mar/2021:09:30:27 +0200] "GET / HTTP/1.1" 200 1958 "-" "hxl-proxy/tagger"
195.201.34.52 site02.com - [29/Mar/2021:09:30:45 +0200] "GET / HTTP/1.1" 200 5639 "-" "Mozilla/4.0 (compatible; MSIE 6.0; Windows NT 5.1; SV1; .NET CLR 1.0.3705; .NET CLR 1.1.4322)"
5.196.102.147 site02.com - [29/Mar/2021:09:30:47 +0200] "GET / HTTP/1.1" 200 1958 "https://vicsport.com.au/analytics/outbound?url=https://site02.com/" "Mozilla/5.0 (Macintosh; Intel Mac OS X 10_13_1) AppleWebKit/537.36 (KHTML, like Gecko) Chrome/67.0.3396.87 Safari/537.36"
160.16.127.62 site02.com - [29/Mar/2021:09:30:52 +0200] "GET / HTTP/1.1" 200 5639 "-" "MagpieRSS/0.72 \\(+http://magpierss.sf.net\\)"
5.196.102.147 site02.com - [29/Mar/2021:09:31:03 +0200] "GET / HTTP/1.1" 200 1958 "https://www.cossa.ru/bitrix/redirect.php?event1=click&event2=&event3=&goto=https://site02.com/" "Mozilla/5.0 (Windows NT 6.3; WOW64) AppleWebKit/537.36 (KHTML, like Gecko) Chrome/55.0.2883.87 UBrowser/6.2.3964.2 Safari/537.36"
183.181.79.124 site02.com - [29/Mar/2021:09:31:08 +0200] "GET / HTTP/1.1" 200 1958 "-" "MagpieRSS/0.72 (+http://magpierss.sf.net)"
183.90.241.121 site02.com - [29/Mar/2021:09:31:29 +0200] "GET / HTTP/1.1" 200 1958 "-" "MagpieRSS/0.72 (+http://magpierss.sf.net)"
128.210.7.109 site02.com - [29/Mar/2021:09:31:33 +0200] "GET / HTTP/1.1" 200 5639 "-" "-"
164.46.97.238 site02.com - [29/Mar/2021:09:31:37 +0200] "GET / HTTP/1.1" 200 5639 "-" "MagpieRSS/0.72 \\(+http://magpierss.sf.net\\)"
35.194.103.147 site02.com - [29/Mar/2021:09:31:51 +0200] "GET / HTTP/1.1" 200 5639 "-" "-"
75.101.141.105 site02.com - [29/Mar/2021:09:32:20 +0200] "HEAD / HTTP/1.1" 200 - "-" "Mozilla/4.0 (compatible; Virtuoso)"
148.72.203.161 site02.com - [29/Mar/2021:09:36:54 +0200] "GET / HTTP/1.1" 200 5639 "-" "Mozilla/5.0 (Macintosh; Intel Mac OS X 10_11_6) AppleWebKit/537.36 (KHTML, like Gecko) Chrome/63.0.3239.84 Safari/E58566"
47.52.151.237 site02.com - [29/Mar/2021:09:36:57 +0200] "GET / HTTP/1.1" 200 5639 "-" "Mozilla\\/5.0 (iPhone; CPU iPhone OS 8_0 like Mac OS X) AppleWebKit\\/600.1.3 (KHTML, like Gecko) Version\\/8.0 Mobile\\/12A4345d Safari\\/600.1.4"
2a03:6f00:1::5c35:60c8 site02.com - [29/Mar/2021:09:37:03 +0200] "GET / HTTP/1.1" 200 5639 "https://site02.com/" "Mozilla/5.0 (Windows NT 10.0; WOW64; rv:56.0) Gecko/20100101 Firefox/56.0"
2a02:4780:1:1::1:902d site02.com - [29/Mar/2021:09:37:33 +0200] "GET / HTTP/1.1" 200 1958 "-" "Salt 1.0"
208.113.210.212 site02.com - [29/Mar/2021:09:37:45 +0200] "GET / HTTP/1.1" 200 5639 "www.neutrality.wtf" "MozillaXYZ/1.0"
2600:3c03::f03c:91ff:fef1:eef9 site02.com - [29/Mar/2021:09:37:45 +0200] "GET / HTTP/1.1" 200 1958 "-" "Ruby, Mozilla/5.0 (Windows; U; Windows NT 5.1; en-GB; rv:1.8.1.6) Gecko/20070725 Firefox/2.0.0.6"
5.196.102.147 site02.com - [29/Mar/2021:09:37:49 +0200] "GET / HTTP/1.1" 200 1958 "http://www.ajr.com.hk/?wptouch_switch=desktop&redirect=https%3A%2F%2Fsite02.com%2F" "Mozilla/5.0 (Macintosh; Intel Mac OS X 10_13_0) AppleWebKit/537.36 (KHTML, like Gecko) Chrome/66.0.3359.139 Safari/537.36"
157.7.106.12 site02.com - [29/Mar/2021:09:37:51 +0200] "GET / HTTP/1.1" 200 5639 "-" "LWP::Simple/5.64"
157.7.106.91 site02.com - [29/Mar/2021:09:37:54 +0200] "GET / HTTP/1.1" 200 5639 "-" "LWP::Simple/5.64"
59.106.13.114 site02.com - [29/Mar/2021:09:37:56 +0200] "GET / HTTP/1.1" 200 5639 "-" "LWP::Simple/5.64"
173.201.196.105 site02.com - [29/Mar/2021:09:38:07 +0200] "GET / HTTP/1.1" 200 5639 "-" "MagpieRSS/0.72 \\(+http://magpierss.sf.net\\)"
157.7.106.113 site02.com - [29/Mar/2021:09:38:14 +0200] "GET / HTTP/1.1" 200 5639 "-" "LWP::Simple/5.64"
157.7.106.90 site02.com - [29/Mar/2021:09:38:21 +0200] "GET / HTTP/1.1" 200 5639 "-" "LWP::Simple/5.64"
2001:e42:102:1814:160:16:225:231 site02.com - [29/Mar/2021:09:38:22 +0200] "GET / HTTP/1.1" 200 5639 "-" "MagpieRSS/0.72 \\(+http://magpierss.sf.net\\)"
5.196.102.147 site02.com - [29/Mar/2021:09:38:23 +0200] "GET / HTTP/1.1" 200 1958 "http://foundation.hawthornfc.com.au/analytics/outbound?url=https://site02.com/" "Mozilla/5.0 (Macintosh; Intel Mac OS X 10_11_6) AppleWebKit/537.36 (KHTML, like Gecko) Chrome/67.0.3396.79 Safari/537.36"
157.7.105.243 site02.com - [29/Mar/2021:09:38:27 +0200] "GET / HTTP/1.1" 200 5639 "-" "LWP::Simple/5.64"
219.94.129.80 site02.com - [29/Mar/2021:09:38:28 +0200] "GET / HTTP/1.1" 200 5639 "-" "LWP::Simple/5.64"
27.254.152.7 site02.com - [29/Mar/2021:09:38:28 +0200] "GET / HTTP/1.1" 200 1958 "-" "MagpieRSS/0.72 (+http://magpierss.sf.net)"
111.202.101.27 site06.com - [29/Mar/2021:09:38:30 +0200] "GET / HTTP/1.1" 304 - "-" "Sogou web spider/4.0(+http://www.sogou.com/docs/help/webmasters.htm#07)"
157.7.106.165 site02.com - [29/Mar/2021:09:38:35 +0200] "GET / HTTP/1.1" 200 5639 "-" "LWP::Simple/5.64"
219.94.128.60 site02.com - [29/Mar/2021:09:38:37 +0200] "GET / HTTP/1.1" 200 5639 "-" "LWP::Simple/5.64"
157.7.105.239 site02.com - [29/Mar/2021:09:38:37 +0200] "GET / HTTP/1.1" 200 5639 "-" "LWP::Simple/5.64"
157.7.104.92 site02.com - [29/Mar/2021:09:38:39 +0200] "GET / HTTP/1.1" 200 5639 "-" "LWP::Simple/5.64"
66.45.225.10 site02.com - [29/Mar/2021:09:39:02 +0200] "GET / HTTP/1.1" 200 5639 "-" "Mozilla/4.0 (compatible; MSIE 5.01; Windows NT 5.0)"
87.236.20.102 site02.com - [29/Mar/2021:09:39:02 +0200] "GET / HTTP/1.1" 200 5639 "-" "-"
5.196.102.147 site02.com - [29/Mar/2021:09:39:03 +0200] "GET / HTTP/1.1" 200 1958 "http://mezhdu.net/bitrix/rk.php?goto=https://site02.com/" "Mozilla/5.0 (Windows NT 6.1; WOW64) AppleWebKit/537.36 (KHTML, like Gecko) Chrome/54.0.2840.59 Safari/537.36 115Browser/8.3.0"
157.7.106.9 site02.com - [29/Mar/2021:09:39:03 +0200] "GET / HTTP/1.1" 200 5639 "-" "LWP::Simple/5.64"
133.18.66.21 site02.com - [29/Mar/2021:09:39:04 +0200] "GET / HTTP/1.1" 200 5639 "-" "LWP::Simple/5.64"
219.94.128.180 site02.com - [29/Mar/2021:09:39:07 +0200] "GET / HTTP/1.1" 200 5639 "-" "LWP::Simple/5.64"
202.172.28.44 site02.com - [29/Mar/2021:09:39:07 +0200] "GET / HTTP/1.1" 200 5639 "-" "LWP::Simple/5.64"
157.7.106.104 site02.com - [29/Mar/2021:09:39:08 +0200] "GET / HTTP/1.1" 200 1958 "-" "-"
210.188.201.173 site02.com - [29/Mar/2021:09:39:08 +0200] "GET / HTTP/1.1" 200 5639 "-" "MagpieRSS/0.72 \\(+http://magpierss.sf.net\\)"
157.7.106.172 site02.com - [29/Mar/2021:09:39:11 +0200] "GET / HTTP/1.1" 200 5639 "-" "LWP::Simple/5.64"
202.181.97.44 site02.com - [29/Mar/2021:09:39:14 +0200] "GET / HTTP/1.1" 200 5639 "-" "LWP::Simple/5.64"
2001:19f0:6001:c2d:5400:2ff:fe6a:c6df site02.com - [29/Mar/2021:09:39:17 +0200] "GET / HTTP/1.1" 200 5639 "-" "-"
219.94.162.108 site02.com - [29/Mar/2021:09:39:18 +0200] "GET / HTTP/1.1" 200 5639 "-" "LWP::Simple/6.00 libwww-perl/6.05"
219.94.128.161 site02.com - [29/Mar/2021:09:39:20 +0200] "GET / HTTP/1.1" 200 5639 "-" "LWP::Simple/5.64"
34.66.9.117 site02.com - [29/Mar/2021:09:39:25 +0200] "GET / HTTP/1.1" 200 5639 "-" "MagpieRSS/0.72 \\(+http://magpierss.sf.net\\)"
185.195.25.72 site02.com - [29/Mar/2021:09:39:25 +0200] "GET / HTTP/1.1" 200 5639 "-" "-"
157.7.106.9 site02.com - [29/Mar/2021:09:39:27 +0200] "GET / HTTP/1.1" 200 5639 "-" "LWP::Simple/5.64"
58.80.137.167 site02.com - [29/Mar/2021:09:39:31 +0200] "GET / HTTP/1.1" 200 5639 "-" "LWP::Simple/5.64"
157.7.105.232 site02.com - [29/Mar/2021:09:39:33 +0200] "GET / HTTP/1.1" 200 5639 "-" "LWP::Simple/5.64"
58.80.137.164 site02.com - [29/Mar/2021:09:39:38 +0200] "GET / HTTP/1.1" 200 5639 "-" "LWP::Simple/5.64"
49.7.20.76 www.site06.com - [29/Mar/2021:09:39:39 +0200] "GET / HTTP/1.1" 301 - "-" "Sogou web spider/4.0(+http://www.sogou.com/docs/help/webmasters.htm#07)"
91.134.248.253 site06.com - [29/Mar/2021:09:39:41 +0200] "POST /wp-cron.php?doing_wp_cron=1617003581.5577929019927978515625 HTTP/1.1" 200 25 "https://site06.com/wp-cron.php?doing_wp_cron=1617003581.5577929019927978515625" "WordPress/5.6.2; https://site06.com"
150.95.9.18 site02.com - [29/Mar/2021:09:39:43 +0200] "GET / HTTP/1.1" 200 5639 "-" "LWP::Simple/5.64"
202.181.97.55 site02.com - [29/Mar/2021:09:39:49 +0200] "GET / HTTP/1.1" 200 5639 "-" "LWP::Simple/5.64"
157.7.188.161 site02.com - [29/Mar/2021:09:39:49 +0200] "GET / HTTP/1.1" 200 5639 "-" "MagpieRSS/0.72 \\(+http://magpierss.sf.net\\)"
52.38.203.67 site02.com - [29/Mar/2021:09:39:51 +0200] "GET / HTTP/1.1" 200 5639 "-" "MagpieRSS/0.72 \\(+http://magpierss.sf.net\\)"
157.7.105.133 site02.com - [29/Mar/2021:09:39:56 +0200] "GET / HTTP/1.1" 200 5639 "-" "LWP::Simple/5.64"
202.181.99.82 site02.com - [29/Mar/2021:09:39:58 +0200] "GET / HTTP/1.1" 200 5639 "-" "LWP::Simple/5.64"
2a03:b0c0:3:e0::193:2001 site02.com - [29/Mar/2021:09:40:00 +0200] "GET / HTTP/1.1" 200 5639 "-" "MagpieRSS/0.72 \\(+http://magpierss.sf.net\\)"
182.93.125.101 site02.com - [29/Mar/2021:09:40:02 +0200] "GET / HTTP/1.1" 200 5639 "-" "MagpieRSS/0.72 \\(+http://magpierss.sf.net\\)"
219.94.128.73 site02.com - [29/Mar/2021:09:40:03 +0200] "GET / HTTP/1.1" 200 5639 "-" "LWP::Simple/5.64"
157.7.106.9 site02.com - [29/Mar/2021:09:40:04 +0200] "GET / HTTP/1.1" 200 5639 "-" "LWP::Simple/5.64"
59.106.19.195 site02.com - [29/Mar/2021:09:40:04 +0200] "GET / HTTP/1.1" 200 5639 "-" "LWP::Simple/5.64"
219.94.162.239 site02.com - [29/Mar/2021:09:40:04 +0200] "GET / HTTP/1.1" 200 5639 "-" "LWP::Simple/5.64"
59.106.19.77 site02.com - [29/Mar/2021:09:40:07 +0200] "GET / HTTP/1.1" 200 5639 "-" "LWP::Simple/5.64"
122.28.38.215 site02.com - [29/Mar/2021:09:40:07 +0200] "GET / HTTP/1.1" 200 5639 "-" "MagpieRSS/0.72 \\(+http://magpierss.sf.net\\)"
2607:5300:61:768:: site02.com - [29/Mar/2021:09:40:09 +0200] "GET / HTTP/1.1" 200 5639 "-" "MagpieRSS/0.72 \\(+http://magpierss.sf.net\\)"
157.7.106.102 site02.com - [29/Mar/2021:09:40:09 +0200] "GET / HTTP/1.1" 200 5639 "-" "LWP::Simple/5.64"
219.94.162.18 site02.com - [29/Mar/2021:09:40:11 +0200] "GET / HTTP/1.1" 200 5639 "-" "LWP::Simple/5.64"
202.191.112.38 site02.com - [29/Mar/2021:09:40:15 +0200] "GET / HTTP/1.1" 200 5639 "-" "LWP::Simple/5.64"
59.106.19.143 site02.com - [29/Mar/2021:09:40:16 +0200] "GET / HTTP/1.1" 200 5639 "-" "LWP::Simple/5.64"
59.106.171.52 site02.com - [29/Mar/2021:09:40:19 +0200] "GET / HTTP/1.1" 200 5639 "-" "LWP::Simple/5.64"
203.145.249.2 site02.com - [29/Mar/2021:09:40:19 +0200] "GET / HTTP/1.1" 200 1958 "-" "MagpieRSS/0.72 (+http://magpierss.sf.net)"
157.7.106.16 site02.com - [29/Mar/2021:09:40:20 +0200] "GET / HTTP/1.1" 200 5639 "-" "LWP::Simple/5.64"
219.94.192.92 site02.com - [29/Mar/2021:09:40:24 +0200] "GET / HTTP/1.1" 200 5639 "-" "LWP::Simple/5.64"
183.181.99.12 site02.com - [29/Mar/2021:09:40:25 +0200] "GET / HTTP/1.1" 200 5639 "-" "MagpieRSS/0.72 \\(+http://magpierss.sf.net\\)"
157.7.188.248 site02.com - [29/Mar/2021:09:40:31 +0200] "GET / HTTP/1.1" 200 5639 "-" "LWP::Simple/5.64"
157.7.106.170 site02.com - [29/Mar/2021:09:40:32 +0200] "GET / HTTP/1.1" 200 5639 "-" "MagpieRSS/0.72 \\(+http://magpierss.sf.net\\)"
5.196.102.147 site02.com - [29/Mar/2021:09:40:38 +0200] "GET / HTTP/1.1" 200 1958 "http://www.vicsport.org.au/analytics/outbound?url=https://site02.com/" "Mozilla/5.0 (Windows NT 6.1; Win64; x64) AppleWebKit/537.36 (KHTML, like Gecko) Chrome/66.0.3359.170 Safari/537.36 OPR/53.0.2907.99"
82.165.80.130 site02.com - [29/Mar/2021:09:40:38 +0200] "GET / HTTP/1.1" 200 5639 "-" "-"
150.95.8.207 site02.com - [29/Mar/2021:09:40:41 +0200] "GET / HTTP/1.1" 200 5639 "-" "LWP::Simple/5.64"
157.7.106.4 site02.com - [29/Mar/2021:09:40:41 +0200] "GET / HTTP/1.1" 200 5639 "-" "LWP::Simple/5.64"
150.60.10.1 site02.com - [29/Mar/2021:09:40:43 +0200] "GET / HTTP/1.1" 200 5639 "-" "LWP::Simple/5.64"
202.172.28.118 site02.com - [29/Mar/2021:09:40:44 +0200] "GET / HTTP/1.1" 200 5639 "-" "LWP::Simple/5.64"
5.196.102.147 site02.com - [29/Mar/2021:09:40:49 +0200] "GET / HTTP/1.1" 200 1958 "http://xn--d1abdw2b.net/bitrix/rk.php?id=326&site_id=s1&event1=banner&event2=click&event3=156+%2F+%5B326%5D+%5BNAVIGATOR_LEFT_2%5D+%D0%93%D1%80%D0%B0%D0%BD%D0%B8%D1%82&goto=https://site02.com/" "Mozilla/5.0 (Macintosh; Intel Mac OS X 10_12_6) AppleWebKit/605.1.15 (KHTML, like Gecko) Version/11.1.1 Safari/605.1.15"
157.7.105.244 site02.com - [29/Mar/2021:09:40:52 +0200] "GET / HTTP/1.1" 200 5639 "-" "LWP::Simple/5.64"
219.94.129.163 site02.com - [29/Mar/2021:09:40:54 +0200] "GET / HTTP/1.1" 200 5639 "-" "LWP::Simple/5.64"
211.10.17.2 site02.com - [29/Mar/2021:09:40:57 +0200] "GET / HTTP/1.1" 200 5639 "-" "LWP::Simple/5.64"
192.185.4.39 site02.com - [29/Mar/2021:09:41:12 +0200] "GET / HTTP/1.1" 200 1958 "-" "MagpieRSS/0.72 (+http://magpierss.sf.net)"
59.106.19.179 site02.com - [29/Mar/2021:09:41:17 +0200] "GET / HTTP/1.1" 200 5639 "-" "LWP::Simple/5.64"
2001:67c:2070:c88e::1 site02.com - [29/Mar/2021:09:41:18 +0200] "GET / HTTP/1.1" 200 5639 "-" "PHP (www.dingo.com.ua), hosted by www.ukraine.com.ua"
2001:67c:2070:c88e::1 site02.com - [29/Mar/2021:09:41:20 +0200] "GET / HTTP/1.1" 200 5639 "-" "PHP (www.dingo.com.ua), hosted by www.ukraine.com.ua"
2001:67c:2070:c88e::1 site02.com - [29/Mar/2021:09:41:21 +0200] "GET / HTTP/1.1" 200 5639 "-" "PHP (www.dingo.com.ua), hosted by www.ukraine.com.ua"
34.201.147.192 site02.com - [29/Mar/2021:09:41:30 +0200] "GET / HTTP/1.1" 200 1958 "-" "PocketParser/2.0 (+https://getpocket.com/pocketparser_ua)"
2401:2500:102:3035:153:126:199:248 site02.com - [29/Mar/2021:09:41:31 +0200] "GET / HTTP/1.1" 200 1958 "http://www.yahoo.co.jp/" "Mozilla/5.0 (Macintosh; Intel Mac OS X 10.16; rv:85.0) Gecko/20100101 Firefox/85.0"
133.18.34.65 site02.com - [29/Mar/2021:09:41:34 +0200] "GET / HTTP/1.1" 200 5639 "-" "LWP::Simple/5.64"
35.197.95.6 site02.com - [29/Mar/2021:09:41:36 +0200] "GET / HTTP/1.1" 200 1958 "https://jguitar.com/tabmap?url=https://site02.com/" "JGuitar.com Tab Mapper - http://jguitar.com/tabmap"
202.181.99.73 site02.com - [29/Mar/2021:09:41:42 +0200] "GET / HTTP/1.1" 200 5639 "-" "LWP::Simple/5.64"
5.8.64.47 site02.com - [29/Mar/2021:09:41:56 +0200] "GET / HTTP/1.1" 200 5639 "-" "-"
85.13.130.114 site02.com - [29/Mar/2021:09:42:02 +0200] "GET / HTTP/1.1" 200 5639 "-" "-"
195.154.113.33 site02.com - [29/Mar/2021:09:42:06 +0200] "GET / HTTP/1.1" 200 1958 "-" "MagpieRSS/0.72 (+http://magpierss.sf.net)"
3.218.170.39 site02.com - [29/Mar/2021:09:42:07 +0200] "GET / HTTP/1.1" 200 1958 "-" "hxl-proxy/tagger"
195.201.34.52 site02.com - [29/Mar/2021:09:42:28 +0200] "GET / HTTP/1.1" 200 5639 "-" "Mozilla/4.0 (compatible; MSIE 6.0; Windows NT 5.1; SV1; .NET CLR 1.0.3705; .NET CLR 1.1.4322)"
5.196.102.147 site02.com - [29/Mar/2021:09:42:31 +0200] "GET / HTTP/1.1" 200 1958 "https://vicsport.com.au/analytics/outbound?url=https://site02.com/" "Mozilla/5.0 (Windows NT 10.0; WOW64) AppleWebKit/537.36 (KHTML, like Gecko) Chrome/63.0.3239.26 Safari/537.36 Core/1.63.5193.400 QQBrowser/10.0.1066.400"
160.16.127.62 site02.com - [29/Mar/2021:09:42:38 +0200] "GET / HTTP/1.1" 200 5639 "-" "MagpieRSS/0.72 \\(+http://magpierss.sf.net\\)"
5.196.102.147 site02.com - [29/Mar/2021:09:42:49 +0200] "GET / HTTP/1.1" 200 1958 "https://www.cossa.ru/bitrix/redirect.php?event1=click&event2=&event3=&goto=https://site02.com/" "Mozilla/5.0 (Windows NT 6.1; WOW64) AppleWebKit/537.36 (KHTML, like Gecko) Chrome/66.0.3359.117 Safari/537.36"
183.181.79.124 site02.com - [29/Mar/2021:09:42:54 +0200] "GET / HTTP/1.1" 200 1958 "-" "MagpieRSS/0.72 (+http://magpierss.sf.net)"
183.90.241.121 site02.com - [29/Mar/2021:09:43:18 +0200] "GET / HTTP/1.1" 200 1958 "-" "MagpieRSS/0.72 (+http://magpierss.sf.net)"
31.11.32.58 site02.com - [29/Mar/2021:09:43:19 +0200] "GET / HTTP/1.1" 200 5639 "-" "Mozilla/4.0 (compatible; Win32; WinHttp.WinHttpRequest.5)"
128.210.7.110 site02.com - [29/Mar/2021:09:43:22 +0200] "GET / HTTP/1.1" 200 5639 "-" "-"
164.46.97.238 site02.com - [29/Mar/2021:09:43:27 +0200] "GET / HTTP/1.1" 200 5639 "-" "MagpieRSS/0.72 \\(+http://magpierss.sf.net\\)"
35.194.103.147 site02.com - [29/Mar/2021:09:43:42 +0200] "GET / HTTP/1.1" 200 5639 "-" "-"
75.101.141.105 site02.com - [29/Mar/2021:09:44:12 +0200] "HEAD / HTTP/1.1" 200 - "-" "Mozilla/4.0 (compatible; Virtuoso)"
49.7.20.76 site06.com - [29/Mar/2021:09:44:53 +0200] "GET / HTTP/1.1" 200 3047 "-" "Sogou web spider/4.0(+http://www.sogou.com/docs/help/webmasters.htm#07)"
148.72.203.161 site02.com - [29/Mar/2021:09:48:59 +0200] "GET / HTTP/1.1" 200 5639 "-" "Mozilla/5.0 (Windows NT 6.3; WOW64) AppleWebKit/537.36 (KHTML, like Gecko) Chrome/55.0.2883.87 UBrowser/6.2.3964.2 Safari/537.36"
47.52.151.237 site02.com - [29/Mar/2021:09:49:03 +0200] "GET / HTTP/1.1" 200 5639 "-" "Mozilla\\/5.0 (iPhone; CPU iPhone OS 8_0 like Mac OS X) AppleWebKit\\/600.1.3 (KHTML, like Gecko) Version\\/8.0 Mobile\\/12A4345d Safari\\/600.1.4"
2a03:6f00:1::5c35:60c8 site02.com - [29/Mar/2021:09:49:08 +0200] "GET / HTTP/1.1" 200 5639 "https://site02.com/" "Mozilla/5.0 (Windows NT 10.0; WOW64; rv:56.0) Gecko/20100101 Firefox/56.0"
2a02:4780:1:1::1:902d site02.com - [29/Mar/2021:09:49:42 +0200] "GET / HTTP/1.1" 200 1958 "-" "Salt 1.0"
208.113.210.212 site02.com - [29/Mar/2021:09:49:55 +0200] "GET / HTTP/1.1" 200 5639 "www.neutrality.wtf" "MozillaXYZ/1.0"
2600:3c03::f03c:91ff:fef1:eef9 site02.com - [29/Mar/2021:09:49:56 +0200] "GET / HTTP/1.1" 200 1958 "-" "Ruby, Mozilla/5.0 (Windows; U; Windows NT 5.1; en-GB; rv:1.8.1.6) Gecko/20070725 Firefox/2.0.0.6"
5.196.102.147 site02.com - [29/Mar/2021:09:49:58 +0200] "GET / HTTP/1.1" 200 1958 "http://yeomanscoachholidays.com/NavigationMenu/SwitchView?Mobile=False&ReturnUrl=https%3A%2F%2Fsite02.com%2F" "Mozilla/5.0 (X11; CrOS x86_64 10176.72.0) AppleWebKit/537.36 (KHTML, like Gecko) Chrome/64.0.3282.167 Safari/537.36"
157.7.106.12 site02.com - [29/Mar/2021:09:50:00 +0200] "GET / HTTP/1.1" 200 5639 "-" "LWP::Simple/5.64"
157.7.106.91 site02.com - [29/Mar/2021:09:50:03 +0200] "GET / HTTP/1.1" 200 5639 "-" "LWP::Simple/5.64"
59.106.13.114 site02.com - [29/Mar/2021:09:50:05 +0200] "GET / HTTP/1.1" 200 5639 "-" "LWP::Simple/5.64"
173.201.196.105 site02.com - [29/Mar/2021:09:50:16 +0200] "GET / HTTP/1.1" 200 5639 "-" "MagpieRSS/0.72 \\(+http://magpierss.sf.net\\)"
157.7.106.113 site02.com - [29/Mar/2021:09:50:24 +0200] "GET / HTTP/1.1" 200 5639 "-" "LWP::Simple/5.64"
